2025-12-10 20:41:44,049 [INFO] Activator:176 - 


2025-12-10 20:41:44,057 [INFO] Activator:177 - !SESSION log4j initialized
2025-12-10 20:41:50,073 [INFO] ApplicationProperties:184 - Using Application install path: /opt/st/stm32cubeide_1.19.0/plugins/com.st.stm32cube.common.mx_6.15.0.202507011659
2025-12-10 20:41:50,148 [INFO] DbMcusXml:78 - Set database path to: /opt/st/stm32cubeide_1.19.0/plugins/com.st.stm32cube.common.mx_6.15.0.202507011659//db//mcu/
2025-12-10 20:41:50,148 [INFO] ApiDb:274 - Set plugin database path to: /opt/st/stm32cubeide_1.19.0/plugins/com.st.stm32cube.common.mx_6.15.0.202507011659//db//plugins/boardmanager/
2025-12-10 20:41:50,149 [WARN] ApiDb:259 - Overriding images path with different value:  => /opt/st/stm32cubeide_1.19.0/plugins/com.st.stm32cube.common.mx_6.15.0.202507011659//db//plugins/mcufinder/images/
2025-12-10 20:41:50,265 [INFO] ApiDb:250 - Set database path to: /home/elhaloua/.stmcufinder/plugins/mcufinder//mcu/
2025-12-10 20:41:50,268 [INFO] DbMcusAds:125 - Set database path to: /home/elhaloua/.stmcufinder/plugins/mcufinder//mcu/
2025-12-10 20:41:50,389 [INFO] CrossReferenceDbSqlite:203 - Set database path to: /home/elhaloua/.stmcufinder/plugins/mcufinder//mcu/cs/
2025-12-10 20:41:50,783 [INFO] RulesReader:64 - Compatibility file has been processed (317 Rules)
2025-12-10 20:41:51,049 [INFO] DbMcusXml:78 - Set database path to: /opt/st/stm32cubeide_1.19.0/plugins/com.st.stm32cube.common.mx_6.15.0.202507011659//db//mcu/
2025-12-10 20:41:51,050 [INFO] ApiDb:274 - Set plugin database path to: /opt/st/stm32cubeide_1.19.0/plugins/com.st.stm32cube.common.mx_6.15.0.202507011659//db//plugins/boardmanager/
2025-12-10 20:41:51,050 [INFO] ApiDb:261 - Set plugin images path to: /opt/st/stm32cubeide_1.19.0/plugins/com.st.stm32cube.common.mx_6.15.0.202507011659//db//plugins/mcufinder/images/
2025-12-10 20:41:51,051 [WARN] DbFile:41 - Overriding database path with different value: /home/elhaloua/.stmcufinder/plugins/mcufinder/ => /home/elhaloua/.stmcufinder/plugins/mcufinder
2025-12-10 20:41:51,051 [INFO] ApiDb:250 - Set database path to: /home/elhaloua/.stmcufinder/plugins/mcufinder//mcu/
2025-12-10 20:41:51,051 [WARN] DbFile:41 - Overriding database path with different value: /home/elhaloua/.stmcufinder/plugins/mcufinder/ => /home/elhaloua/.stmcufinder/plugins/mcufinder
2025-12-10 20:41:51,051 [INFO] DbMcusAds:125 - Set database path to: /home/elhaloua/.stmcufinder/plugins/mcufinder//mcu/
2025-12-10 20:41:51,052 [WARN] DbFile:41 - Overriding database path with different value: /home/elhaloua/.stmcufinder/plugins/mcufinder/ => /home/elhaloua/.stmcufinder/plugins/mcufinder
2025-12-10 20:41:51,052 [WARN] DbFile:41 - Overriding database path with different value: /home/elhaloua/.stmcufinder/plugins/mcufinder/ => /home/elhaloua/.stmcufinder/plugins/mcufinder
2025-12-10 20:41:51,052 [INFO] CrossReferenceDbSqlite:203 - Set database path to: /home/elhaloua/.stmcufinder/plugins/mcufinder//mcu/cs/
2025-12-10 20:41:51,283 [INFO] MainPanel:274 - HeapMemory: 268435456
2025-12-10 20:41:51,703 [INFO] DbMcusXml:78 - Set database path to: /opt/st/stm32cubeide_1.19.0/plugins/com.st.stm32cube.common.mx_6.15.0.202507011659//db//mcu/
2025-12-10 20:41:51,703 [INFO] ApiDb:274 - Set plugin database path to: /opt/st/stm32cubeide_1.19.0/plugins/com.st.stm32cube.common.mx_6.15.0.202507011659//db//plugins/boardmanager/
2025-12-10 20:41:51,703 [INFO] ApiDb:261 - Set plugin images path to: /opt/st/stm32cubeide_1.19.0/plugins/com.st.stm32cube.common.mx_6.15.0.202507011659//db//plugins/mcufinder/images/
2025-12-10 20:41:51,704 [WARN] DbFile:41 - Overriding database path with different value: /home/elhaloua/.stmcufinder/plugins/mcufinder/ => /home/elhaloua/.stmcufinder/plugins/mcufinder
2025-12-10 20:41:51,704 [INFO] ApiDb:250 - Set database path to: /home/elhaloua/.stmcufinder/plugins/mcufinder//mcu/
2025-12-10 20:41:51,704 [WARN] DbFile:41 - Overriding database path with different value: /home/elhaloua/.stmcufinder/plugins/mcufinder/ => /home/elhaloua/.stmcufinder/plugins/mcufinder
2025-12-10 20:41:51,705 [INFO] DbMcusAds:125 - Set database path to: /home/elhaloua/.stmcufinder/plugins/mcufinder//mcu/
2025-12-10 20:41:51,705 [WARN] DbFile:41 - Overriding database path with different value: /home/elhaloua/.stmcufinder/plugins/mcufinder/ => /home/elhaloua/.stmcufinder/plugins/mcufinder
2025-12-10 20:41:51,705 [WARN] DbFile:41 - Overriding database path with different value: /home/elhaloua/.stmcufinder/plugins/mcufinder/ => /home/elhaloua/.stmcufinder/plugins/mcufinder
2025-12-10 20:41:51,705 [INFO] CrossReferenceDbSqlite:203 - Set database path to: /home/elhaloua/.stmcufinder/plugins/mcufinder//mcu/cs/
2025-12-10 20:41:51,744 [INFO] ApplicationProperties:184 - Using Application install path: /opt/st/stm32cubeide_1.19.0/plugins/com.st.stm32cube.common.mx_6.15.0.202507011659
2025-12-10 20:41:51,747 [INFO] PluginManage:196 - Search for loadable plugins [exclusion list=, ]
2025-12-10 20:41:51,749 [INFO] PluginManage:310 - Check plugin analytics
2025-12-10 20:41:52,345 [INFO] AnalyticsPlugin:253 - Accepted Software Licenses: 
2025-12-10 20:41:52,345 [INFO] AnalyticsPlugin:255 - Accepted CMSIS Pack Licenses: 
2025-12-10 20:41:52,346 [INFO] AnalyticsPlugin:257 - Accepted Firmware Licenses: FW.WB.1.22.0,FW.WB.1.23.0
2025-12-10 20:41:52,350 [INFO] PluginManage:359 - Loaded plugin analytics (category:tool,tabindex:-1)
2025-12-10 20:41:52,351 [INFO] PluginManage:310 - Check plugin cadmodel
2025-12-10 20:41:52,409 [INFO] CADModel:105 - Init CAD model plugin
2025-12-10 20:41:52,409 [INFO] PluginManage:359 - Loaded plugin cadmodel (category:power,tabindex:5)
2025-12-10 20:41:52,410 [INFO] PluginManage:310 - Check plugin clock
2025-12-10 20:41:52,465 [INFO] PluginManage:359 - Loaded plugin clock (category:base,tabindex:2)
2025-12-10 20:41:52,465 [INFO] PluginManage:310 - Check plugin ddr
2025-12-10 20:41:52,482 [INFO] PluginManage:359 - Loaded plugin ddr (category:tool,tabindex:6)
2025-12-10 20:41:52,482 [INFO] PluginManage:310 - Check plugin filemanager
2025-12-10 20:41:53,852 [INFO] PluginManage:359 - Loaded plugin filemanager (category:base,tabindex:10)
2025-12-10 20:41:53,852 [INFO] PluginManage:310 - Check plugin ipmanager
2025-12-10 20:41:53,905 [INFO] PluginManage:359 - Loaded plugin ipmanager (category:base,tabindex:5)
2025-12-10 20:41:53,905 [INFO] PluginManage:310 - Check plugin lpbam
2025-12-10 20:41:53,938 [INFO] PluginManage:359 - Loaded plugin lpbam (category:base,tabindex:0)
2025-12-10 20:41:53,938 [INFO] PluginManage:310 - Check plugin memorymap
2025-12-10 20:41:53,976 [INFO] PluginManage:359 - Loaded plugin memorymap (category:base,tabindex:4)
2025-12-10 20:41:53,976 [INFO] PluginManage:310 - Check plugin pinoutandconfiguration
2025-12-10 20:41:54,097 [INFO] PluginManage:359 - Loaded plugin pinoutandconfiguration (category:base,tabindex:1)
2025-12-10 20:41:54,097 [INFO] PluginManage:310 - Check plugin pinoutconfig
2025-12-10 20:41:54,308 [WARN] SupportedApi:132 - Cannot load RTOS API schema: s4s-elt-must-match.1: The content of 'definitions' must match (annotation?, (simpleType | complexType)?, (unique | key | keyref)*)). A problem was found starting at: attribute.
2025-12-10 20:41:54,841 [INFO] PluginManage:359 - Loaded plugin pinoutconfig (category:base,tabindex:0)
2025-12-10 20:41:54,841 [INFO] PluginManage:310 - Check plugin power
2025-12-10 20:41:54,920 [INFO] PluginManage:359 - Loaded plugin power (category:power,tabindex:4)
2025-12-10 20:41:54,920 [INFO] PluginManage:310 - Check plugin projectmanager
2025-12-10 20:41:54,953 [INFO] PluginManage:359 - Loaded plugin projectmanager (category:projectmanager,tabindex:4)
2025-12-10 20:41:54,954 [INFO] PluginManage:310 - Check plugin rif
2025-12-10 20:41:55,010 [INFO] PluginManage:359 - Loaded plugin rif (category:base,tabindex:3)
2025-12-10 20:41:55,011 [INFO] PluginManage:310 - Check plugin thirdparty
2025-12-10 20:41:55,426 [WARN] IntegrityCheckThread:84 - waiting for thirdparty lock release [integrity check]
2025-12-10 20:41:55,426 [INFO] PluginManage:359 - Loaded plugin thirdparty (category:base,tabindex:-1)
2025-12-10 20:41:55,427 [INFO] IntegrityCheckThread:86 - entering critical section [integrity check]
2025-12-10 20:41:55,427 [INFO] PluginManage:310 - Check plugin tools
2025-12-10 20:41:55,428 [INFO] ThirdPartyUpdaterWithRetryManager:70 - Updater plugin not ready yet. [1/15]
2025-12-10 20:41:55,446 [INFO] PluginManage:359 - Loaded plugin tools (category:base,tabindex:7)
2025-12-10 20:41:55,446 [INFO] PluginManage:310 - Check plugin tutovideos
2025-12-10 20:41:56,168 [INFO] PluginManage:359 - Loaded plugin tutovideos (category:base,tabindex:-1)
2025-12-10 20:41:56,169 [INFO] PluginManage:310 - Check plugin updater
2025-12-10 20:41:56,255 [INFO] PluginManage:359 - Loaded plugin updater (category:base,tabindex:12)
2025-12-10 20:41:56,255 [INFO] PluginManage:310 - Check plugin userauth
2025-12-10 20:41:56,286 [INFO] UserAuth:118 - Init User Auth plugin
2025-12-10 20:41:56,288 [INFO] PluginManage:359 - Loaded plugin userauth (category:base,tabindex:14)
2025-12-10 20:41:56,289 [INFO] PluginManage:283 - PluginManage : Loaded plugins [18]
2025-12-10 20:41:56,721 [INFO] PinOutPanel:1589 - setPackage(No Configuration,No Configuration)
2025-12-10 20:41:56,926 [INFO] CADModel:165 - CPN selected for project level
2025-12-10 20:41:56,927 [INFO] CADModel:114 - Register for checkConnection events
2025-12-10 20:41:56,978 [INFO] IPUIPlugin:80 - create IPUIPlugin
2025-12-10 20:41:56,979 [INFO] PluginManager:220 - loadIPPluginJar : add adc
2025-12-10 20:41:56,987 [INFO] IPUIPlugin:80 - create IPUIPlugin
2025-12-10 20:41:56,988 [INFO] PluginManager:220 - loadIPPluginJar : add aes
2025-12-10 20:41:57,006 [INFO] IPUIPlugin:80 - create IPUIPlugin
2025-12-10 20:41:57,007 [INFO] PluginManager:220 - loadIPPluginJar : add can
2025-12-10 20:41:57,015 [INFO] IPUIPlugin:80 - create IPUIPlugin
2025-12-10 20:41:57,016 [INFO] PluginManager:220 - loadIPPluginJar : add comp
2025-12-10 20:41:57,033 [INFO] IPUIPlugin:80 - create IPUIPlugin
2025-12-10 20:41:57,033 [INFO] PluginManager:220 - loadIPPluginJar : add cryp
2025-12-10 20:41:57,088 [INFO] IPUIPlugin:80 - create IPUIPlugin
2025-12-10 20:41:57,088 [INFO] PluginManager:220 - loadIPPluginJar : add ddr_ctrl_phy
2025-12-10 20:41:57,102 [INFO] IPUIPlugin:80 - create IPUIPlugin
2025-12-10 20:41:57,102 [INFO] PluginManager:220 - loadIPPluginJar : add dfsdm
2025-12-10 20:41:57,138 [INFO] IPUIPlugin:80 - create IPUIPlugin
2025-12-10 20:41:57,139 [INFO] PluginManager:220 - loadIPPluginJar : add dma
2025-12-10 20:41:57,152 [INFO] IPUIPlugin:80 - create IPUIPlugin
2025-12-10 20:41:57,152 [INFO] PluginManager:220 - loadIPPluginJar : add dma3
2025-12-10 20:41:57,167 [INFO] IPUIPlugin:80 - create IPUIPlugin
2025-12-10 20:41:57,167 [INFO] PluginManager:220 - loadIPPluginJar : add extmemmanager
2025-12-10 20:41:57,179 [INFO] IPUIPlugin:80 - create IPUIPlugin
2025-12-10 20:41:57,179 [INFO] PluginManager:220 - loadIPPluginJar : add fatfs
2025-12-10 20:41:57,200 [INFO] IPUIPlugin:80 - create IPUIPlugin
2025-12-10 20:41:57,200 [INFO] PluginManager:220 - loadIPPluginJar : add fmc
2025-12-10 20:41:57,258 [INFO] IPUIPlugin:80 - create IPUIPlugin
2025-12-10 20:41:57,259 [INFO] PluginManager:220 - loadIPPluginJar : add freertos
2025-12-10 20:41:57,277 [INFO] IPUIPlugin:80 - create IPUIPlugin
2025-12-10 20:41:57,278 [INFO] PluginManager:220 - loadIPPluginJar : add genericplugin
2025-12-10 20:41:57,284 [INFO] IPUIPlugin:80 - create IPUIPlugin
2025-12-10 20:41:57,284 [INFO] PluginManager:220 - loadIPPluginJar : add gfxmmu
2025-12-10 20:41:57,313 [INFO] IPUIPlugin:80 - create IPUIPlugin
2025-12-10 20:41:57,313 [INFO] PluginManager:220 - loadIPPluginJar : add gic
2025-12-10 20:41:57,340 [INFO] IPUIPlugin:80 - create IPUIPlugin
2025-12-10 20:41:57,340 [INFO] PluginManager:220 - loadIPPluginJar : add gpio
2025-12-10 20:41:57,360 [INFO] IPUIPlugin:80 - create IPUIPlugin
2025-12-10 20:41:57,361 [INFO] PluginManager:220 - loadIPPluginJar : add gtzc
2025-12-10 20:41:57,379 [INFO] IPUIPlugin:80 - create IPUIPlugin
2025-12-10 20:41:57,380 [INFO] PluginManager:220 - loadIPPluginJar : add hash
2025-12-10 20:41:57,390 [INFO] IPUIPlugin:80 - create IPUIPlugin
2025-12-10 20:41:57,391 [INFO] PluginManager:220 - loadIPPluginJar : add i2c
2025-12-10 20:41:57,408 [INFO] IPUIPlugin:80 - create IPUIPlugin
2025-12-10 20:41:57,409 [INFO] PluginManager:220 - loadIPPluginJar : add i2s
2025-12-10 20:41:57,426 [INFO] IPUIPlugin:80 - create IPUIPlugin
2025-12-10 20:41:57,426 [INFO] PluginManager:220 - loadIPPluginJar : add i3c
2025-12-10 20:41:57,472 [INFO] IPUIPlugin:80 - create IPUIPlugin
2025-12-10 20:41:57,473 [INFO] PluginManager:220 - loadIPPluginJar : add ipddr
2025-12-10 20:41:57,503 [INFO] IPUIPlugin:80 - create IPUIPlugin
2025-12-10 20:41:57,503 [INFO] PluginManager:220 - loadIPPluginJar : add linkedlist
2025-12-10 20:41:57,523 [INFO] IPUIPlugin:80 - create IPUIPlugin
2025-12-10 20:41:57,527 [INFO] PluginManager:220 - loadIPPluginJar : add lorawan
2025-12-10 20:41:57,550 [INFO] IPUIPlugin:80 - create IPUIPlugin
2025-12-10 20:41:57,550 [INFO] PluginManager:220 - loadIPPluginJar : add ltdc
2025-12-10 20:41:57,576 [INFO] IPUIPlugin:80 - create IPUIPlugin
2025-12-10 20:41:57,577 [INFO] PluginManager:220 - loadIPPluginJar : add mdma
2025-12-10 20:41:57,586 [INFO] IPUIPlugin:80 - create IPUIPlugin
2025-12-10 20:41:57,586 [INFO] PluginManager:220 - loadIPPluginJar : add nvic
2025-12-10 20:41:57,604 [INFO] IPUIPlugin:80 - create IPUIPlugin
2025-12-10 20:41:57,604 [INFO] PluginManager:220 - loadIPPluginJar : add opamp
2025-12-10 20:41:57,619 [INFO] IPUIPlugin:80 - create IPUIPlugin
2025-12-10 20:41:57,620 [INFO] PluginManager:220 - loadIPPluginJar : add openamp
2025-12-10 20:41:57,636 [INFO] IPUIPlugin:80 - create IPUIPlugin
2025-12-10 20:41:57,636 [INFO] PluginManager:220 - loadIPPluginJar : add pdm2pcm
2025-12-10 20:41:57,649 [INFO] IPUIPlugin:80 - create IPUIPlugin
2025-12-10 20:41:57,655 [INFO] PluginManager:220 - loadIPPluginJar : add plateformsettings
2025-12-10 20:41:57,667 [INFO] IPUIPlugin:80 - create IPUIPlugin
2025-12-10 20:41:57,667 [INFO] PluginManager:220 - loadIPPluginJar : add quadspi
2025-12-10 20:41:57,682 [INFO] IPUIPlugin:80 - create IPUIPlugin
2025-12-10 20:41:57,685 [INFO] PluginManager:220 - loadIPPluginJar : add radio
2025-12-10 20:41:57,712 [INFO] IPUIPlugin:80 - create IPUIPlugin
2025-12-10 20:41:57,713 [INFO] PluginManager:220 - loadIPPluginJar : add resmgrutility
2025-12-10 20:41:57,731 [INFO] IPUIPlugin:80 - create IPUIPlugin
2025-12-10 20:41:57,732 [INFO] PluginManager:220 - loadIPPluginJar : add sai
2025-12-10 20:41:57,747 [INFO] IPUIPlugin:80 - create IPUIPlugin
2025-12-10 20:41:57,747 [INFO] PluginManager:220 - loadIPPluginJar : add spi
2025-12-10 20:41:57,775 [INFO] IPUIPlugin:80 - create IPUIPlugin
2025-12-10 20:41:57,775 [INFO] PluginManager:220 - loadIPPluginJar : add stm32_wpan
2025-12-10 20:41:57,778 [INFO] IPUIPlugin:80 - create IPUIPlugin
2025-12-10 20:41:57,778 [INFO] PluginManager:220 - loadIPPluginJar : add tim
2025-12-10 20:41:57,784 [INFO] IPUIPlugin:80 - create IPUIPlugin
2025-12-10 20:41:57,785 [INFO] PluginManager:220 - loadIPPluginJar : add touchsensing
2025-12-10 20:41:57,798 [INFO] IPUIPlugin:80 - create IPUIPlugin
2025-12-10 20:41:57,799 [INFO] PluginManager:220 - loadIPPluginJar : add tracer_emb
2025-12-10 20:41:57,808 [INFO] IPUIPlugin:80 - create IPUIPlugin
2025-12-10 20:41:57,808 [INFO] PluginManager:220 - loadIPPluginJar : add ts
2025-12-10 20:41:57,824 [INFO] IPUIPlugin:80 - create IPUIPlugin
2025-12-10 20:41:57,824 [INFO] PluginManager:220 - loadIPPluginJar : add tsc
2025-12-10 20:41:57,840 [INFO] IPUIPlugin:80 - create IPUIPlugin
2025-12-10 20:41:57,841 [INFO] PluginManager:220 - loadIPPluginJar : add ucpd
2025-12-10 20:41:57,853 [INFO] IPUIPlugin:80 - create IPUIPlugin
2025-12-10 20:41:57,853 [INFO] PluginManager:220 - loadIPPluginJar : add usart
2025-12-10 20:41:57,871 [INFO] IPUIPlugin:80 - create IPUIPlugin
2025-12-10 20:41:57,871 [INFO] PluginManager:220 - loadIPPluginJar : add usbx
2025-12-10 20:41:58,041 [FATAL] Updater:351 - Updater called before beeing initialized
2025-12-10 20:41:58,106 [INFO] RulesReader:64 - Compatibility file has been processed (317 Rules)
2025-12-10 20:41:58,128 [INFO] RulesReader:64 - Compatibility file has been processed (317 Rules)
2025-12-10 20:41:58,141 [INFO] CADModel:165 - CPN selected for project level
2025-12-10 20:41:58,141 [INFO] CADModel:114 - Register for checkConnection events
2025-12-10 20:41:58,142 [FATAL] Updater:351 - Updater called before beeing initialized
2025-12-10 20:41:58,142 [ERROR] CADModel:125 - Updater not yet initialized, retry later 
2025-12-10 20:41:58,410 [FATAL] Updater:351 - Updater called before beeing initialized
2025-12-10 20:41:58,413 [INFO] CADModel:165 - CPN selected for project level
2025-12-10 20:41:58,413 [INFO] CADModel:114 - Register for checkConnection events
2025-12-10 20:41:58,413 [FATAL] Updater:351 - Updater called before beeing initialized
2025-12-10 20:41:58,413 [ERROR] CADModel:125 - Updater not yet initialized, retry later 
2025-12-10 20:41:58,419 [FATAL] Updater:351 - Updater called before beeing initialized
2025-12-10 20:41:58,428 [INFO] ThirdPartyUpdaterWithRetryManager:70 - Updater plugin not ready yet. [2/15]
2025-12-10 20:42:01,429 [FATAL] Updater:351 - Updater called before beeing initialized
2025-12-10 20:42:01,430 [ERROR] IntegrityCheckThread:130 - Cannot retrieve database content from updater: error 21
2025-12-10 20:42:01,431 [INFO] ThirdParty:978 - Integrity check success = false
2025-12-10 20:42:01,431 [INFO] IntegrityCheckThread:100 - exiting critical section [integrity check]
2025-12-10 20:42:01,431 [INFO] IntegrityCheckThread:103 - End integrity checks thread
2025-12-10 20:42:14,846 [FATAL] Updater:351 - Updater called before beeing initialized
2025-12-10 20:42:14,853 [INFO] DbMcusAds:53 - JSON generation date=Mon Nov 10 11:43:01 WEST 2025 (1762771381096)
2025-12-10 20:42:14,853 [FATAL] Updater:351 - Updater called before beeing initialized
2025-12-10 20:42:15,107 [WARN] DetailPanel:346 - Failed to get advertising image, set to default
2025-12-10 20:42:15,281 [FATAL] Updater:351 - Updater called before beeing initialized
2025-12-10 20:42:15,284 [FATAL] Updater:351 - Updater called before beeing initialized
2025-12-10 20:42:15,284 [FATAL] Updater:351 - Updater called before beeing initialized
2025-12-10 20:42:15,284 [WARN] DetailPanel:346 - Failed to get advertising image, set to default
2025-12-10 20:42:15,286 [FATAL] Updater:351 - Updater called before beeing initialized
2025-12-10 20:42:15,588 [ERROR] Updater:1198 - MainUpdater not yet initialized. External WinMGr cannot be set.
2025-12-10 20:42:15,602 [INFO] Updater:1134 - Updater Version found : 6.15.0
2025-12-10 20:42:15,664 [INFO] ApplicationProperties:184 - Using Application install path: /opt/st/stm32cubeide_1.19.0/plugins/com.st.stm32cube.common.mx_6.15.0.202507011659
2025-12-10 20:42:18,132 [INFO] MainUpdater:2872 - connection check result : 10
2025-12-10 20:42:18,133 [INFO] MainUpdater:3604 - Updater definition file requires update
2025-12-10 20:42:18,134 [INFO] MainUpdater:289 - Updater Check For Update Now.
2025-12-10 20:42:18,135 [INFO] MicroXplorer:498 - Change Database Version : DB.6.0.150
2025-12-10 20:42:19,339 [INFO] ServerAccessManage:452 - Complete download http(s) 200
2025-12-10 20:42:19,342 [INFO] ServerAccessManage:509 - Download File updaters.zip
2025-12-10 20:42:20,501 [INFO] FileExtend:248 - Unzip File : updaters.zip
2025-12-10 20:42:20,502 [INFO] FileExtend:263 - Standard Zip Deflate
2025-12-10 20:42:21,445 [INFO] ServerAccessManage:452 - Complete download http(s) 200
2025-12-10 20:42:21,445 [INFO] ServerAccessManage:509 - Download File PacksControlFlags.xml
2025-12-10 20:42:21,895 [INFO] ServerAccessManage:452 - Complete download http(s) 200
2025-12-10 20:42:21,895 [INFO] ServerAccessManage:509 - Download File cubemx.pidx
2025-12-10 20:42:24,551 [INFO] ServerAccessManage:452 - Complete download http(s) 200
2025-12-10 20:42:24,552 [INFO] ServerAccessManage:509 - Download File STMicroelectronics.X-CUBE-FREERTOS.pdsc
2025-12-10 20:42:33,053 [INFO] ServerAccessManage:452 - Complete download http(s) 200
2025-12-10 20:42:33,053 [INFO] ServerAccessManage:509 - Download File STMicroelectronics.X-CUBE-MEMS1.pdsc
2025-12-10 20:42:38,246 [INFO] MainUpdater:2872 - connection check result : 10
2025-12-10 20:42:58,268 [INFO] MainUpdater:2872 - connection check result : 10
2025-12-10 20:42:58,650 [INFO] ServerAccessManage:452 - Complete download http(s) 200
2025-12-10 20:42:58,650 [INFO] ServerAccessManage:509 - Download File STMicroelectronics.X-CUBE-AZRTOS-H7RS.pdsc
2025-12-10 20:43:02,195 [WARN] PackLoader:240 - Cannot read IP mode file for STMicroelectronics.X-CUBE-FREERTOS.1.4.0
2025-12-10 20:43:02,289 [INFO] CheckServerUpdateThread:120 - End of CheckServer Thread
2025-12-10 20:43:02,356 [WARN] PackLoader:240 - Cannot read IP mode file for STMicroelectronics.X-CUBE-MEMS1.12.0.0
2025-12-10 20:43:02,667 [WARN] PackLoader:240 - Cannot read IP mode file for STMicroelectronics.X-CUBE-AZRTOS-H7RS.1.2.0
2025-12-10 20:43:02,676 [INFO] PopulateThirdPartyThread:66 - Ending populate Thread
2025-12-10 20:43:02,678 [INFO] ThirdParty:1030 - CMSIS Pack Vendor :STMicroelectronics X-CUBE-FREERTOS 1.4.0
2025-12-10 20:43:02,679 [INFO] ThirdParty:1030 - CMSIS Pack Vendor :STMicroelectronics X-CUBE-MEMS1 12.0.0
2025-12-10 20:43:02,679 [INFO] ThirdParty:1030 - CMSIS Pack Vendor :STMicroelectronics X-CUBE-AZRTOS-H7RS 1.2.0
2025-12-10 20:43:02,679 [INFO] LoadServerUpdatesThread:375 - End of LoadServerUpdate Thread
2025-12-10 20:46:43,254 [INFO] Activator:176 - 


2025-12-10 20:46:43,257 [INFO] Activator:177 - !SESSION log4j initialized
2025-12-10 20:46:48,882 [INFO] ApplicationProperties:184 - Using Application install path: /opt/st/stm32cubeide_1.19.0/plugins/com.st.stm32cube.common.mx_6.15.0.202507011659
2025-12-10 20:46:48,922 [INFO] DbMcusXml:78 - Set database path to: /opt/st/stm32cubeide_1.19.0/plugins/com.st.stm32cube.common.mx_6.15.0.202507011659//db//mcu/
2025-12-10 20:46:48,922 [INFO] ApiDb:274 - Set plugin database path to: /opt/st/stm32cubeide_1.19.0/plugins/com.st.stm32cube.common.mx_6.15.0.202507011659//db//plugins/boardmanager/
2025-12-10 20:46:48,923 [WARN] ApiDb:259 - Overriding images path with different value:  => /opt/st/stm32cubeide_1.19.0/plugins/com.st.stm32cube.common.mx_6.15.0.202507011659//db//plugins/mcufinder/images/
2025-12-10 20:46:48,930 [INFO] ApiDb:250 - Set database path to: /home/elhaloua/.stmcufinder/plugins/mcufinder//mcu/
2025-12-10 20:46:48,932 [INFO] DbMcusAds:125 - Set database path to: /home/elhaloua/.stmcufinder/plugins/mcufinder//mcu/
2025-12-10 20:46:48,939 [INFO] CrossReferenceDbSqlite:203 - Set database path to: /home/elhaloua/.stmcufinder/plugins/mcufinder//mcu/cs/
2025-12-10 20:46:49,147 [INFO] RulesReader:64 - Compatibility file has been processed (317 Rules)
2025-12-10 20:46:49,340 [INFO] DbMcusXml:78 - Set database path to: /opt/st/stm32cubeide_1.19.0/plugins/com.st.stm32cube.common.mx_6.15.0.202507011659//db//mcu/
2025-12-10 20:46:49,340 [INFO] ApiDb:274 - Set plugin database path to: /opt/st/stm32cubeide_1.19.0/plugins/com.st.stm32cube.common.mx_6.15.0.202507011659//db//plugins/boardmanager/
2025-12-10 20:46:49,341 [INFO] ApiDb:261 - Set plugin images path to: /opt/st/stm32cubeide_1.19.0/plugins/com.st.stm32cube.common.mx_6.15.0.202507011659//db//plugins/mcufinder/images/
2025-12-10 20:46:49,341 [WARN] DbFile:41 - Overriding database path with different value: /home/elhaloua/.stmcufinder/plugins/mcufinder/ => /home/elhaloua/.stmcufinder/plugins/mcufinder
2025-12-10 20:46:49,341 [INFO] ApiDb:250 - Set database path to: /home/elhaloua/.stmcufinder/plugins/mcufinder//mcu/
2025-12-10 20:46:49,342 [WARN] DbFile:41 - Overriding database path with different value: /home/elhaloua/.stmcufinder/plugins/mcufinder/ => /home/elhaloua/.stmcufinder/plugins/mcufinder
2025-12-10 20:46:49,342 [INFO] DbMcusAds:125 - Set database path to: /home/elhaloua/.stmcufinder/plugins/mcufinder//mcu/
2025-12-10 20:46:49,342 [WARN] DbFile:41 - Overriding database path with different value: /home/elhaloua/.stmcufinder/plugins/mcufinder/ => /home/elhaloua/.stmcufinder/plugins/mcufinder
2025-12-10 20:46:49,342 [WARN] DbFile:41 - Overriding database path with different value: /home/elhaloua/.stmcufinder/plugins/mcufinder/ => /home/elhaloua/.stmcufinder/plugins/mcufinder
2025-12-10 20:46:49,342 [INFO] CrossReferenceDbSqlite:203 - Set database path to: /home/elhaloua/.stmcufinder/plugins/mcufinder//mcu/cs/
2025-12-10 20:46:49,551 [INFO] MainPanel:274 - HeapMemory: 268435456
2025-12-10 20:46:49,814 [INFO] DbMcusXml:78 - Set database path to: /opt/st/stm32cubeide_1.19.0/plugins/com.st.stm32cube.common.mx_6.15.0.202507011659//db//mcu/
2025-12-10 20:46:49,815 [INFO] ApiDb:274 - Set plugin database path to: /opt/st/stm32cubeide_1.19.0/plugins/com.st.stm32cube.common.mx_6.15.0.202507011659//db//plugins/boardmanager/
2025-12-10 20:46:49,815 [INFO] ApiDb:261 - Set plugin images path to: /opt/st/stm32cubeide_1.19.0/plugins/com.st.stm32cube.common.mx_6.15.0.202507011659//db//plugins/mcufinder/images/
2025-12-10 20:46:49,816 [WARN] DbFile:41 - Overriding database path with different value: /home/elhaloua/.stmcufinder/plugins/mcufinder/ => /home/elhaloua/.stmcufinder/plugins/mcufinder
2025-12-10 20:46:49,816 [INFO] ApiDb:250 - Set database path to: /home/elhaloua/.stmcufinder/plugins/mcufinder//mcu/
2025-12-10 20:46:49,816 [WARN] DbFile:41 - Overriding database path with different value: /home/elhaloua/.stmcufinder/plugins/mcufinder/ => /home/elhaloua/.stmcufinder/plugins/mcufinder
2025-12-10 20:46:49,816 [INFO] DbMcusAds:125 - Set database path to: /home/elhaloua/.stmcufinder/plugins/mcufinder//mcu/
2025-12-10 20:46:49,817 [WARN] DbFile:41 - Overriding database path with different value: /home/elhaloua/.stmcufinder/plugins/mcufinder/ => /home/elhaloua/.stmcufinder/plugins/mcufinder
2025-12-10 20:46:49,817 [WARN] DbFile:41 - Overriding database path with different value: /home/elhaloua/.stmcufinder/plugins/mcufinder/ => /home/elhaloua/.stmcufinder/plugins/mcufinder
2025-12-10 20:46:49,817 [INFO] CrossReferenceDbSqlite:203 - Set database path to: /home/elhaloua/.stmcufinder/plugins/mcufinder//mcu/cs/
2025-12-10 20:46:49,841 [INFO] ApplicationProperties:184 - Using Application install path: /opt/st/stm32cubeide_1.19.0/plugins/com.st.stm32cube.common.mx_6.15.0.202507011659
2025-12-10 20:46:49,844 [INFO] PluginManage:196 - Search for loadable plugins [exclusion list=, ]
2025-12-10 20:46:49,845 [INFO] PluginManage:310 - Check plugin analytics
2025-12-10 20:46:50,294 [INFO] AnalyticsPlugin:253 - Accepted Software Licenses: 
2025-12-10 20:46:50,295 [INFO] AnalyticsPlugin:255 - Accepted CMSIS Pack Licenses: 
2025-12-10 20:46:50,295 [INFO] AnalyticsPlugin:257 - Accepted Firmware Licenses: FW.WB.1.22.0,FW.WB.1.23.0
2025-12-10 20:46:50,302 [INFO] PluginManage:359 - Loaded plugin analytics (category:tool,tabindex:-1)
2025-12-10 20:46:50,303 [INFO] PluginManage:310 - Check plugin cadmodel
2025-12-10 20:46:50,311 [INFO] CADModel:105 - Init CAD model plugin
2025-12-10 20:46:50,312 [INFO] PluginManage:359 - Loaded plugin cadmodel (category:power,tabindex:5)
2025-12-10 20:46:50,313 [INFO] PluginManage:310 - Check plugin clock
2025-12-10 20:46:50,333 [INFO] PluginManage:359 - Loaded plugin clock (category:base,tabindex:2)
2025-12-10 20:46:50,334 [INFO] PluginManage:310 - Check plugin ddr
2025-12-10 20:46:50,339 [INFO] PluginManage:359 - Loaded plugin ddr (category:tool,tabindex:6)
2025-12-10 20:46:50,339 [INFO] PluginManage:310 - Check plugin filemanager
2025-12-10 20:46:50,644 [INFO] PluginManage:359 - Loaded plugin filemanager (category:base,tabindex:10)
2025-12-10 20:46:50,644 [INFO] PluginManage:310 - Check plugin ipmanager
2025-12-10 20:46:50,654 [INFO] PluginManage:359 - Loaded plugin ipmanager (category:base,tabindex:5)
2025-12-10 20:46:50,655 [INFO] PluginManage:310 - Check plugin lpbam
2025-12-10 20:46:50,670 [INFO] PluginManage:359 - Loaded plugin lpbam (category:base,tabindex:0)
2025-12-10 20:46:50,671 [INFO] PluginManage:310 - Check plugin memorymap
2025-12-10 20:46:50,689 [INFO] PluginManage:359 - Loaded plugin memorymap (category:base,tabindex:4)
2025-12-10 20:46:50,689 [INFO] PluginManage:310 - Check plugin pinoutandconfiguration
2025-12-10 20:46:50,705 [INFO] PluginManage:359 - Loaded plugin pinoutandconfiguration (category:base,tabindex:1)
2025-12-10 20:46:50,705 [INFO] PluginManage:310 - Check plugin pinoutconfig
2025-12-10 20:46:50,857 [WARN] SupportedApi:132 - Cannot load RTOS API schema: s4s-elt-must-match.1: The content of 'definitions' must match (annotation?, (simpleType | complexType)?, (unique | key | keyref)*)). A problem was found starting at: attribute.
2025-12-10 20:46:51,092 [INFO] PluginManage:359 - Loaded plugin pinoutconfig (category:base,tabindex:0)
2025-12-10 20:46:51,092 [INFO] PluginManage:310 - Check plugin power
2025-12-10 20:46:51,106 [INFO] PluginManage:359 - Loaded plugin power (category:power,tabindex:4)
2025-12-10 20:46:51,107 [INFO] PluginManage:310 - Check plugin projectmanager
2025-12-10 20:46:51,150 [INFO] PluginManage:359 - Loaded plugin projectmanager (category:projectmanager,tabindex:4)
2025-12-10 20:46:51,150 [INFO] PluginManage:310 - Check plugin rif
2025-12-10 20:46:51,163 [INFO] PluginManage:359 - Loaded plugin rif (category:base,tabindex:3)
2025-12-10 20:46:51,164 [INFO] PluginManage:310 - Check plugin thirdparty
2025-12-10 20:46:51,387 [WARN] IntegrityCheckThread:84 - waiting for thirdparty lock release [integrity check]
2025-12-10 20:46:51,388 [INFO] PluginManage:359 - Loaded plugin thirdparty (category:base,tabindex:-1)
2025-12-10 20:46:51,388 [INFO] IntegrityCheckThread:86 - entering critical section [integrity check]
2025-12-10 20:46:51,388 [INFO] PluginManage:310 - Check plugin tools
2025-12-10 20:46:51,389 [INFO] ThirdPartyUpdaterWithRetryManager:70 - Updater plugin not ready yet. [1/15]
2025-12-10 20:46:51,392 [INFO] PluginManage:359 - Loaded plugin tools (category:base,tabindex:7)
2025-12-10 20:46:51,393 [INFO] PluginManage:310 - Check plugin tutovideos
2025-12-10 20:46:51,853 [INFO] PluginManage:359 - Loaded plugin tutovideos (category:base,tabindex:-1)
2025-12-10 20:46:51,854 [INFO] PluginManage:310 - Check plugin updater
2025-12-10 20:46:51,899 [INFO] PluginManage:359 - Loaded plugin updater (category:base,tabindex:12)
2025-12-10 20:46:51,899 [INFO] PluginManage:310 - Check plugin userauth
2025-12-10 20:46:51,907 [INFO] UserAuth:118 - Init User Auth plugin
2025-12-10 20:46:51,909 [INFO] PluginManage:359 - Loaded plugin userauth (category:base,tabindex:14)
2025-12-10 20:46:51,911 [INFO] PluginManage:283 - PluginManage : Loaded plugins [18]
2025-12-10 20:46:52,372 [INFO] PinOutPanel:1589 - setPackage(No Configuration,No Configuration)
2025-12-10 20:46:52,503 [INFO] CADModel:165 - CPN selected for project level
2025-12-10 20:46:52,504 [INFO] CADModel:114 - Register for checkConnection events
2025-12-10 20:46:52,533 [INFO] IPUIPlugin:80 - create IPUIPlugin
2025-12-10 20:46:52,533 [INFO] PluginManager:220 - loadIPPluginJar : add adc
2025-12-10 20:46:52,538 [INFO] IPUIPlugin:80 - create IPUIPlugin
2025-12-10 20:46:52,538 [INFO] PluginManager:220 - loadIPPluginJar : add aes
2025-12-10 20:46:52,543 [INFO] IPUIPlugin:80 - create IPUIPlugin
2025-12-10 20:46:52,543 [INFO] PluginManager:220 - loadIPPluginJar : add can
2025-12-10 20:46:52,546 [INFO] IPUIPlugin:80 - create IPUIPlugin
2025-12-10 20:46:52,547 [INFO] PluginManager:220 - loadIPPluginJar : add comp
2025-12-10 20:46:52,550 [INFO] IPUIPlugin:80 - create IPUIPlugin
2025-12-10 20:46:52,551 [INFO] PluginManager:220 - loadIPPluginJar : add cryp
2025-12-10 20:46:52,555 [INFO] IPUIPlugin:80 - create IPUIPlugin
2025-12-10 20:46:52,555 [INFO] PluginManager:220 - loadIPPluginJar : add ddr_ctrl_phy
2025-12-10 20:46:52,559 [INFO] IPUIPlugin:80 - create IPUIPlugin
2025-12-10 20:46:52,560 [INFO] PluginManager:220 - loadIPPluginJar : add dfsdm
2025-12-10 20:46:52,569 [INFO] IPUIPlugin:80 - create IPUIPlugin
2025-12-10 20:46:52,570 [INFO] PluginManager:220 - loadIPPluginJar : add dma
2025-12-10 20:46:52,574 [INFO] IPUIPlugin:80 - create IPUIPlugin
2025-12-10 20:46:52,574 [INFO] PluginManager:220 - loadIPPluginJar : add dma3
2025-12-10 20:46:52,579 [INFO] IPUIPlugin:80 - create IPUIPlugin
2025-12-10 20:46:52,579 [INFO] PluginManager:220 - loadIPPluginJar : add extmemmanager
2025-12-10 20:46:52,582 [INFO] IPUIPlugin:80 - create IPUIPlugin
2025-12-10 20:46:52,582 [INFO] PluginManager:220 - loadIPPluginJar : add fatfs
2025-12-10 20:46:52,589 [INFO] IPUIPlugin:80 - create IPUIPlugin
2025-12-10 20:46:52,589 [INFO] PluginManager:220 - loadIPPluginJar : add fmc
2025-12-10 20:46:52,598 [INFO] IPUIPlugin:80 - create IPUIPlugin
2025-12-10 20:46:52,599 [INFO] PluginManager:220 - loadIPPluginJar : add freertos
2025-12-10 20:46:52,601 [INFO] IPUIPlugin:80 - create IPUIPlugin
2025-12-10 20:46:52,601 [INFO] PluginManager:220 - loadIPPluginJar : add genericplugin
2025-12-10 20:46:52,605 [INFO] IPUIPlugin:80 - create IPUIPlugin
2025-12-10 20:46:52,605 [INFO] PluginManager:220 - loadIPPluginJar : add gfxmmu
2025-12-10 20:46:52,614 [INFO] IPUIPlugin:80 - create IPUIPlugin
2025-12-10 20:46:52,615 [INFO] PluginManager:220 - loadIPPluginJar : add gic
2025-12-10 20:46:52,621 [INFO] IPUIPlugin:80 - create IPUIPlugin
2025-12-10 20:46:52,621 [INFO] PluginManager:220 - loadIPPluginJar : add gpio
2025-12-10 20:46:52,625 [INFO] IPUIPlugin:80 - create IPUIPlugin
2025-12-10 20:46:52,626 [INFO] PluginManager:220 - loadIPPluginJar : add gtzc
2025-12-10 20:46:52,629 [INFO] IPUIPlugin:80 - create IPUIPlugin
2025-12-10 20:46:52,629 [INFO] PluginManager:220 - loadIPPluginJar : add hash
2025-12-10 20:46:52,633 [INFO] IPUIPlugin:80 - create IPUIPlugin
2025-12-10 20:46:52,634 [INFO] PluginManager:220 - loadIPPluginJar : add i2c
2025-12-10 20:46:52,637 [INFO] IPUIPlugin:80 - create IPUIPlugin
2025-12-10 20:46:52,638 [INFO] PluginManager:220 - loadIPPluginJar : add i2s
2025-12-10 20:46:52,642 [INFO] IPUIPlugin:80 - create IPUIPlugin
2025-12-10 20:46:52,642 [INFO] PluginManager:220 - loadIPPluginJar : add i3c
2025-12-10 20:46:52,648 [INFO] IPUIPlugin:80 - create IPUIPlugin
2025-12-10 20:46:52,648 [INFO] PluginManager:220 - loadIPPluginJar : add ipddr
2025-12-10 20:46:52,661 [INFO] IPUIPlugin:80 - create IPUIPlugin
2025-12-10 20:46:52,662 [INFO] PluginManager:220 - loadIPPluginJar : add linkedlist
2025-12-10 20:46:52,667 [INFO] IPUIPlugin:80 - create IPUIPlugin
2025-12-10 20:46:52,667 [INFO] PluginManager:220 - loadIPPluginJar : add lorawan
2025-12-10 20:46:52,669 [INFO] IPUIPlugin:80 - create IPUIPlugin
2025-12-10 20:46:52,669 [INFO] PluginManager:220 - loadIPPluginJar : add ltdc
2025-12-10 20:46:52,679 [INFO] IPUIPlugin:80 - create IPUIPlugin
2025-12-10 20:46:52,680 [INFO] PluginManager:220 - loadIPPluginJar : add mdma
2025-12-10 20:46:52,685 [INFO] IPUIPlugin:80 - create IPUIPlugin
2025-12-10 20:46:52,685 [INFO] PluginManager:220 - loadIPPluginJar : add nvic
2025-12-10 20:46:52,689 [INFO] IPUIPlugin:80 - create IPUIPlugin
2025-12-10 20:46:52,689 [INFO] PluginManager:220 - loadIPPluginJar : add opamp
2025-12-10 20:46:52,693 [INFO] IPUIPlugin:80 - create IPUIPlugin
2025-12-10 20:46:52,694 [INFO] PluginManager:220 - loadIPPluginJar : add openamp
2025-12-10 20:46:52,699 [INFO] IPUIPlugin:80 - create IPUIPlugin
2025-12-10 20:46:52,699 [INFO] PluginManager:220 - loadIPPluginJar : add pdm2pcm
2025-12-10 20:46:52,709 [INFO] IPUIPlugin:80 - create IPUIPlugin
2025-12-10 20:46:52,714 [INFO] PluginManager:220 - loadIPPluginJar : add plateformsettings
2025-12-10 20:46:52,717 [INFO] IPUIPlugin:80 - create IPUIPlugin
2025-12-10 20:46:52,717 [INFO] PluginManager:220 - loadIPPluginJar : add quadspi
2025-12-10 20:46:52,720 [INFO] IPUIPlugin:80 - create IPUIPlugin
2025-12-10 20:46:52,723 [INFO] PluginManager:220 - loadIPPluginJar : add radio
2025-12-10 20:46:52,728 [INFO] IPUIPlugin:80 - create IPUIPlugin
2025-12-10 20:46:52,728 [INFO] PluginManager:220 - loadIPPluginJar : add resmgrutility
2025-12-10 20:46:52,733 [INFO] IPUIPlugin:80 - create IPUIPlugin
2025-12-10 20:46:52,733 [INFO] PluginManager:220 - loadIPPluginJar : add sai
2025-12-10 20:46:52,737 [INFO] IPUIPlugin:80 - create IPUIPlugin
2025-12-10 20:46:52,737 [INFO] PluginManager:220 - loadIPPluginJar : add spi
2025-12-10 20:46:52,747 [INFO] IPUIPlugin:80 - create IPUIPlugin
2025-12-10 20:46:52,747 [INFO] PluginManager:220 - loadIPPluginJar : add stm32_wpan
2025-12-10 20:46:52,751 [INFO] IPUIPlugin:80 - create IPUIPlugin
2025-12-10 20:46:52,751 [INFO] PluginManager:220 - loadIPPluginJar : add tim
2025-12-10 20:46:52,758 [INFO] IPUIPlugin:80 - create IPUIPlugin
2025-12-10 20:46:52,758 [INFO] PluginManager:220 - loadIPPluginJar : add touchsensing
2025-12-10 20:46:52,762 [INFO] IPUIPlugin:80 - create IPUIPlugin
2025-12-10 20:46:52,762 [INFO] PluginManager:220 - loadIPPluginJar : add tracer_emb
2025-12-10 20:46:52,765 [INFO] IPUIPlugin:80 - create IPUIPlugin
2025-12-10 20:46:52,765 [INFO] PluginManager:220 - loadIPPluginJar : add ts
2025-12-10 20:46:52,767 [INFO] IPUIPlugin:80 - create IPUIPlugin
2025-12-10 20:46:52,768 [INFO] PluginManager:220 - loadIPPluginJar : add tsc
2025-12-10 20:46:52,770 [INFO] IPUIPlugin:80 - create IPUIPlugin
2025-12-10 20:46:52,771 [INFO] PluginManager:220 - loadIPPluginJar : add ucpd
2025-12-10 20:46:52,774 [INFO] IPUIPlugin:80 - create IPUIPlugin
2025-12-10 20:46:52,775 [INFO] PluginManager:220 - loadIPPluginJar : add usart
2025-12-10 20:46:52,779 [INFO] IPUIPlugin:80 - create IPUIPlugin
2025-12-10 20:46:52,779 [INFO] PluginManager:220 - loadIPPluginJar : add usbx
2025-12-10 20:46:52,919 [FATAL] Updater:351 - Updater called before beeing initialized
2025-12-10 20:46:52,977 [INFO] RulesReader:64 - Compatibility file has been processed (317 Rules)
2025-12-10 20:46:52,999 [INFO] RulesReader:64 - Compatibility file has been processed (317 Rules)
2025-12-10 20:46:53,013 [INFO] CADModel:165 - CPN selected for project level
2025-12-10 20:46:53,013 [INFO] CADModel:114 - Register for checkConnection events
2025-12-10 20:46:53,014 [FATAL] Updater:351 - Updater called before beeing initialized
2025-12-10 20:46:53,014 [ERROR] CADModel:125 - Updater not yet initialized, retry later 
2025-12-10 20:46:53,214 [FATAL] Updater:351 - Updater called before beeing initialized
2025-12-10 20:46:53,217 [INFO] CADModel:165 - CPN selected for project level
2025-12-10 20:46:53,217 [INFO] CADModel:114 - Register for checkConnection events
2025-12-10 20:46:53,217 [FATAL] Updater:351 - Updater called before beeing initialized
2025-12-10 20:46:53,218 [ERROR] CADModel:125 - Updater not yet initialized, retry later 
2025-12-10 20:46:53,224 [FATAL] Updater:351 - Updater called before beeing initialized
2025-12-10 20:46:54,390 [INFO] ThirdPartyUpdaterWithRetryManager:70 - Updater plugin not ready yet. [2/15]
2025-12-10 20:46:55,885 [FATAL] Updater:351 - Updater called before beeing initialized
2025-12-10 20:46:55,892 [INFO] DbMcusAds:53 - JSON generation date=Mon Nov 10 11:43:01 WEST 2025 (1762771381096)
2025-12-10 20:46:55,893 [FATAL] Updater:351 - Updater called before beeing initialized
2025-12-10 20:46:55,960 [WARN] DetailPanel:346 - Failed to get advertising image, set to default
2025-12-10 20:46:56,124 [FATAL] Updater:351 - Updater called before beeing initialized
2025-12-10 20:46:56,128 [FATAL] Updater:351 - Updater called before beeing initialized
2025-12-10 20:46:56,128 [FATAL] Updater:351 - Updater called before beeing initialized
2025-12-10 20:46:56,129 [WARN] DetailPanel:346 - Failed to get advertising image, set to default
2025-12-10 20:46:56,132 [FATAL] Updater:351 - Updater called before beeing initialized
2025-12-10 20:46:56,199 [ERROR] Updater:1198 - MainUpdater not yet initialized. External WinMGr cannot be set.
2025-12-10 20:46:56,202 [INFO] Updater:1134 - Updater Version found : 6.15.0
2025-12-10 20:46:56,236 [INFO] ApplicationProperties:184 - Using Application install path: /opt/st/stm32cubeide_1.19.0/plugins/com.st.stm32cube.common.mx_6.15.0.202507011659
2025-12-10 20:46:57,390 [FATAL] Updater:351 - Updater called before beeing initialized
2025-12-10 20:46:57,391 [ERROR] IntegrityCheckThread:130 - Cannot retrieve database content from updater: error 21
2025-12-10 20:46:57,391 [INFO] ThirdParty:978 - Integrity check success = false
2025-12-10 20:46:57,392 [INFO] IntegrityCheckThread:100 - exiting critical section [integrity check]
2025-12-10 20:46:57,392 [INFO] IntegrityCheckThread:103 - End integrity checks thread
2025-12-10 20:46:58,669 [INFO] MainUpdater:2872 - connection check result : 10
2025-12-10 20:46:58,670 [INFO] MainUpdater:289 - Updater Check For Update Now.
2025-12-10 20:46:58,671 [INFO] MicroXplorer:498 - Change Database Version : DB.6.0.150
2025-12-10 20:46:58,871 [INFO] CheckServerUpdateThread:120 - End of CheckServer Thread
2025-12-10 20:46:58,899 [INFO] MainUpdater:2872 - connection check result : 10
2025-12-10 20:46:58,900 [INFO] MainUpdater:2872 - connection check result : 10
