2025-11-11 01:12:32,963 [ERROR] LogOutputStream:75 - [STDERR_REDIRECT] 
2025-11-11 23:58:35,664 [INFO] Activator:176 - 


2025-11-11 23:58:35,668 [INFO] Activator:177 - !SESSION log4j initialized
2025-11-11 23:58:53,382 [INFO] LogOutputStream:77 - [STDOUT_REDIRECT] 
2025-11-11 23:58:57,509 [INFO] ApplicationProperties:184 - Using Application install path: /opt/st/stm32cubeide_1.19.0/plugins/com.st.stm32cube.common.mx_6.15.0.202507011659
2025-11-11 23:58:57,584 [INFO] DbMcusXml:78 - Set database path to: /opt/st/stm32cubeide_1.19.0/plugins/com.st.stm32cube.common.mx_6.15.0.202507011659//db//mcu/
2025-11-11 23:58:57,585 [INFO] ApiDb:274 - Set plugin database path to: /opt/st/stm32cubeide_1.19.0/plugins/com.st.stm32cube.common.mx_6.15.0.202507011659//db//plugins/boardmanager/
2025-11-11 23:58:57,586 [WARN] ApiDb:259 - Overriding images path with different value:  => /opt/st/stm32cubeide_1.19.0/plugins/com.st.stm32cube.common.mx_6.15.0.202507011659//db//plugins/mcufinder/images/
2025-11-11 23:58:57,702 [INFO] ApiDb:250 - Set database path to: /home/elhaloua/.stmcufinder/plugins/mcufinder//mcu/
2025-11-11 23:58:57,705 [INFO] DbMcusAds:125 - Set database path to: /home/elhaloua/.stmcufinder/plugins/mcufinder//mcu/
2025-11-11 23:58:57,710 [INFO] CrossReferenceDbSqlite:203 - Set database path to: /home/elhaloua/.stmcufinder/plugins/mcufinder//mcu/cs/
2025-11-11 23:58:58,207 [INFO] RulesReader:64 - Compatibility file has been processed (317 Rules)
2025-11-11 23:58:58,550 [INFO] DbMcusXml:78 - Set database path to: /opt/st/stm32cubeide_1.19.0/plugins/com.st.stm32cube.common.mx_6.15.0.202507011659//db//mcu/
2025-11-11 23:58:58,551 [INFO] ApiDb:274 - Set plugin database path to: /opt/st/stm32cubeide_1.19.0/plugins/com.st.stm32cube.common.mx_6.15.0.202507011659//db//plugins/boardmanager/
2025-11-11 23:58:58,551 [INFO] ApiDb:261 - Set plugin images path to: /opt/st/stm32cubeide_1.19.0/plugins/com.st.stm32cube.common.mx_6.15.0.202507011659//db//plugins/mcufinder/images/
2025-11-11 23:58:58,551 [WARN] DbFile:41 - Overriding database path with different value: /home/elhaloua/.stmcufinder/plugins/mcufinder/ => /home/elhaloua/.stmcufinder/plugins/mcufinder
2025-11-11 23:58:58,552 [INFO] ApiDb:250 - Set database path to: /home/elhaloua/.stmcufinder/plugins/mcufinder//mcu/
2025-11-11 23:58:58,552 [WARN] DbFile:41 - Overriding database path with different value: /home/elhaloua/.stmcufinder/plugins/mcufinder/ => /home/elhaloua/.stmcufinder/plugins/mcufinder
2025-11-11 23:58:58,552 [INFO] DbMcusAds:125 - Set database path to: /home/elhaloua/.stmcufinder/plugins/mcufinder//mcu/
2025-11-11 23:58:58,552 [WARN] DbFile:41 - Overriding database path with different value: /home/elhaloua/.stmcufinder/plugins/mcufinder/ => /home/elhaloua/.stmcufinder/plugins/mcufinder
2025-11-11 23:58:58,553 [WARN] DbFile:41 - Overriding database path with different value: /home/elhaloua/.stmcufinder/plugins/mcufinder/ => /home/elhaloua/.stmcufinder/plugins/mcufinder
2025-11-11 23:58:58,553 [INFO] CrossReferenceDbSqlite:203 - Set database path to: /home/elhaloua/.stmcufinder/plugins/mcufinder//mcu/cs/
2025-11-11 23:58:58,888 [INFO] MainPanel:274 - HeapMemory: 275775488
2025-11-11 23:58:59,422 [INFO] DbMcusXml:78 - Set database path to: /opt/st/stm32cubeide_1.19.0/plugins/com.st.stm32cube.common.mx_6.15.0.202507011659//db//mcu/
2025-11-11 23:58:59,423 [INFO] ApiDb:274 - Set plugin database path to: /opt/st/stm32cubeide_1.19.0/plugins/com.st.stm32cube.common.mx_6.15.0.202507011659//db//plugins/boardmanager/
2025-11-11 23:58:59,423 [INFO] ApiDb:261 - Set plugin images path to: /opt/st/stm32cubeide_1.19.0/plugins/com.st.stm32cube.common.mx_6.15.0.202507011659//db//plugins/mcufinder/images/
2025-11-11 23:58:59,424 [WARN] DbFile:41 - Overriding database path with different value: /home/elhaloua/.stmcufinder/plugins/mcufinder/ => /home/elhaloua/.stmcufinder/plugins/mcufinder
2025-11-11 23:58:59,424 [INFO] ApiDb:250 - Set database path to: /home/elhaloua/.stmcufinder/plugins/mcufinder//mcu/
2025-11-11 23:58:59,425 [WARN] DbFile:41 - Overriding database path with different value: /home/elhaloua/.stmcufinder/plugins/mcufinder/ => /home/elhaloua/.stmcufinder/plugins/mcufinder
2025-11-11 23:58:59,425 [INFO] DbMcusAds:125 - Set database path to: /home/elhaloua/.stmcufinder/plugins/mcufinder//mcu/
2025-11-11 23:58:59,425 [WARN] DbFile:41 - Overriding database path with different value: /home/elhaloua/.stmcufinder/plugins/mcufinder/ => /home/elhaloua/.stmcufinder/plugins/mcufinder
2025-11-11 23:58:59,425 [WARN] DbFile:41 - Overriding database path with different value: /home/elhaloua/.stmcufinder/plugins/mcufinder/ => /home/elhaloua/.stmcufinder/plugins/mcufinder
2025-11-11 23:58:59,425 [INFO] CrossReferenceDbSqlite:203 - Set database path to: /home/elhaloua/.stmcufinder/plugins/mcufinder//mcu/cs/
2025-11-11 23:58:59,457 [INFO] ApplicationProperties:184 - Using Application install path: /opt/st/stm32cubeide_1.19.0/plugins/com.st.stm32cube.common.mx_6.15.0.202507011659
2025-11-11 23:58:59,461 [INFO] PluginManage:196 - Search for loadable plugins [exclusion list=, ]
2025-11-11 23:58:59,464 [INFO] PluginManage:310 - Check plugin analytics
2025-11-11 23:59:00,137 [INFO] AnalyticsPlugin:253 - Accepted Software Licenses: 
2025-11-11 23:59:00,137 [INFO] AnalyticsPlugin:255 - Accepted CMSIS Pack Licenses: 
2025-11-11 23:59:00,138 [INFO] AnalyticsPlugin:257 - Accepted Firmware Licenses: FW.WB.1.22.0,FW.WB.1.23.0
2025-11-11 23:59:00,145 [INFO] PluginManage:359 - Loaded plugin analytics (category:tool,tabindex:-1)
2025-11-11 23:59:00,145 [INFO] PluginManage:310 - Check plugin cadmodel
2025-11-11 23:59:00,191 [INFO] CADModel:105 - Init CAD model plugin
2025-11-11 23:59:00,192 [INFO] PluginManage:359 - Loaded plugin cadmodel (category:power,tabindex:5)
2025-11-11 23:59:00,192 [INFO] PluginManage:310 - Check plugin clock
2025-11-11 23:59:00,321 [INFO] PluginManage:359 - Loaded plugin clock (category:base,tabindex:2)
2025-11-11 23:59:00,322 [INFO] PluginManage:310 - Check plugin ddr
2025-11-11 23:59:00,370 [INFO] PluginManage:359 - Loaded plugin ddr (category:tool,tabindex:6)
2025-11-11 23:59:00,370 [INFO] PluginManage:310 - Check plugin filemanager
2025-11-11 23:59:01,068 [INFO] PluginManage:359 - Loaded plugin filemanager (category:base,tabindex:10)
2025-11-11 23:59:01,069 [INFO] PluginManage:310 - Check plugin ipmanager
2025-11-11 23:59:01,155 [INFO] PluginManage:359 - Loaded plugin ipmanager (category:base,tabindex:5)
2025-11-11 23:59:01,156 [INFO] PluginManage:310 - Check plugin lpbam
2025-11-11 23:59:01,350 [INFO] PluginManage:359 - Loaded plugin lpbam (category:base,tabindex:0)
2025-11-11 23:59:01,350 [INFO] PluginManage:310 - Check plugin memorymap
2025-11-11 23:59:01,412 [INFO] PluginManage:359 - Loaded plugin memorymap (category:base,tabindex:4)
2025-11-11 23:59:01,413 [INFO] PluginManage:310 - Check plugin pinoutandconfiguration
2025-11-11 23:59:01,585 [INFO] PluginManage:359 - Loaded plugin pinoutandconfiguration (category:base,tabindex:1)
2025-11-11 23:59:01,586 [INFO] PluginManage:310 - Check plugin pinoutconfig
2025-11-11 23:59:01,936 [WARN] SupportedApi:132 - Cannot load RTOS API schema: s4s-elt-must-match.1: The content of 'definitions' must match (annotation?, (simpleType | complexType)?, (unique | key | keyref)*)). A problem was found starting at: attribute.
2025-11-11 23:59:02,713 [INFO] PluginManage:359 - Loaded plugin pinoutconfig (category:base,tabindex:0)
2025-11-11 23:59:02,714 [INFO] PluginManage:310 - Check plugin power
2025-11-11 23:59:02,855 [INFO] PluginManage:359 - Loaded plugin power (category:power,tabindex:4)
2025-11-11 23:59:02,856 [INFO] PluginManage:310 - Check plugin projectmanager
2025-11-11 23:59:02,924 [INFO] PluginManage:359 - Loaded plugin projectmanager (category:projectmanager,tabindex:4)
2025-11-11 23:59:02,925 [INFO] PluginManage:310 - Check plugin rif
2025-11-11 23:59:03,100 [INFO] PluginManage:359 - Loaded plugin rif (category:base,tabindex:3)
2025-11-11 23:59:03,101 [INFO] PluginManage:310 - Check plugin thirdparty
2025-11-11 23:59:03,777 [WARN] IntegrityCheckThread:84 - waiting for thirdparty lock release [integrity check]
2025-11-11 23:59:03,778 [INFO] PluginManage:359 - Loaded plugin thirdparty (category:base,tabindex:-1)
2025-11-11 23:59:03,778 [INFO] IntegrityCheckThread:86 - entering critical section [integrity check]
2025-11-11 23:59:03,778 [INFO] PluginManage:310 - Check plugin tools
2025-11-11 23:59:03,779 [INFO] ThirdPartyUpdaterWithRetryManager:70 - Updater plugin not ready yet. [1/15]
2025-11-11 23:59:03,811 [INFO] PluginManage:359 - Loaded plugin tools (category:base,tabindex:7)
2025-11-11 23:59:03,811 [INFO] PluginManage:310 - Check plugin tutovideos
2025-11-11 23:59:04,952 [INFO] PluginManage:359 - Loaded plugin tutovideos (category:base,tabindex:-1)
2025-11-11 23:59:04,953 [INFO] PluginManage:310 - Check plugin updater
2025-11-11 23:59:05,039 [INFO] PluginManage:359 - Loaded plugin updater (category:base,tabindex:12)
2025-11-11 23:59:05,039 [INFO] PluginManage:310 - Check plugin userauth
2025-11-11 23:59:05,066 [INFO] UserAuth:118 - Init User Auth plugin
2025-11-11 23:59:05,068 [INFO] PluginManage:359 - Loaded plugin userauth (category:base,tabindex:14)
2025-11-11 23:59:05,069 [INFO] PluginManage:283 - PluginManage : Loaded plugins [18]
2025-11-11 23:59:05,722 [INFO] PinOutPanel:1589 - setPackage(No Configuration,No Configuration)
2025-11-11 23:59:06,131 [INFO] CADModel:165 - CPN selected for project level
2025-11-11 23:59:06,131 [INFO] CADModel:114 - Register for checkConnection events
2025-11-11 23:59:06,197 [INFO] IPUIPlugin:80 - create IPUIPlugin
2025-11-11 23:59:06,198 [INFO] PluginManager:220 - loadIPPluginJar : add adc
2025-11-11 23:59:06,232 [INFO] IPUIPlugin:80 - create IPUIPlugin
2025-11-11 23:59:06,232 [INFO] PluginManager:220 - loadIPPluginJar : add aes
2025-11-11 23:59:06,250 [INFO] IPUIPlugin:80 - create IPUIPlugin
2025-11-11 23:59:06,250 [INFO] PluginManager:220 - loadIPPluginJar : add can
2025-11-11 23:59:06,269 [INFO] IPUIPlugin:80 - create IPUIPlugin
2025-11-11 23:59:06,270 [INFO] PluginManager:220 - loadIPPluginJar : add comp
2025-11-11 23:59:06,284 [INFO] IPUIPlugin:80 - create IPUIPlugin
2025-11-11 23:59:06,284 [INFO] PluginManager:220 - loadIPPluginJar : add cryp
2025-11-11 23:59:06,318 [INFO] IPUIPlugin:80 - create IPUIPlugin
2025-11-11 23:59:06,318 [INFO] PluginManager:220 - loadIPPluginJar : add ddr_ctrl_phy
2025-11-11 23:59:06,346 [INFO] IPUIPlugin:80 - create IPUIPlugin
2025-11-11 23:59:06,346 [INFO] PluginManager:220 - loadIPPluginJar : add dfsdm
2025-11-11 23:59:06,720 [INFO] IPUIPlugin:80 - create IPUIPlugin
2025-11-11 23:59:06,721 [INFO] PluginManager:220 - loadIPPluginJar : add dma
2025-11-11 23:59:06,780 [INFO] ThirdPartyUpdaterWithRetryManager:70 - Updater plugin not ready yet. [2/15]
2025-11-11 23:59:06,848 [INFO] IPUIPlugin:80 - create IPUIPlugin
2025-11-11 23:59:06,848 [INFO] PluginManager:220 - loadIPPluginJar : add dma3
2025-11-11 23:59:07,092 [INFO] IPUIPlugin:80 - create IPUIPlugin
2025-11-11 23:59:07,092 [INFO] PluginManager:220 - loadIPPluginJar : add extmemmanager
2025-11-11 23:59:07,101 [INFO] IPUIPlugin:80 - create IPUIPlugin
2025-11-11 23:59:07,102 [INFO] PluginManager:220 - loadIPPluginJar : add fatfs
2025-11-11 23:59:07,121 [INFO] IPUIPlugin:80 - create IPUIPlugin
2025-11-11 23:59:07,122 [INFO] PluginManager:220 - loadIPPluginJar : add fmc
2025-11-11 23:59:07,181 [INFO] IPUIPlugin:80 - create IPUIPlugin
2025-11-11 23:59:07,182 [INFO] PluginManager:220 - loadIPPluginJar : add freertos
2025-11-11 23:59:07,199 [INFO] IPUIPlugin:80 - create IPUIPlugin
2025-11-11 23:59:07,200 [INFO] PluginManager:220 - loadIPPluginJar : add genericplugin
2025-11-11 23:59:07,204 [INFO] IPUIPlugin:80 - create IPUIPlugin
2025-11-11 23:59:07,204 [INFO] PluginManager:220 - loadIPPluginJar : add gfxmmu
2025-11-11 23:59:07,224 [INFO] IPUIPlugin:80 - create IPUIPlugin
2025-11-11 23:59:07,224 [INFO] PluginManager:220 - loadIPPluginJar : add gic
2025-11-11 23:59:07,234 [INFO] IPUIPlugin:80 - create IPUIPlugin
2025-11-11 23:59:07,235 [INFO] PluginManager:220 - loadIPPluginJar : add gpio
2025-11-11 23:59:07,255 [INFO] IPUIPlugin:80 - create IPUIPlugin
2025-11-11 23:59:07,256 [INFO] PluginManager:220 - loadIPPluginJar : add gtzc
2025-11-11 23:59:07,274 [INFO] IPUIPlugin:80 - create IPUIPlugin
2025-11-11 23:59:07,275 [INFO] PluginManager:220 - loadIPPluginJar : add hash
2025-11-11 23:59:07,296 [INFO] IPUIPlugin:80 - create IPUIPlugin
2025-11-11 23:59:07,297 [INFO] PluginManager:220 - loadIPPluginJar : add i2c
2025-11-11 23:59:07,310 [INFO] IPUIPlugin:80 - create IPUIPlugin
2025-11-11 23:59:07,311 [INFO] PluginManager:220 - loadIPPluginJar : add i2s
2025-11-11 23:59:07,332 [INFO] IPUIPlugin:80 - create IPUIPlugin
2025-11-11 23:59:07,333 [INFO] PluginManager:220 - loadIPPluginJar : add i3c
2025-11-11 23:59:07,375 [INFO] IPUIPlugin:80 - create IPUIPlugin
2025-11-11 23:59:07,375 [INFO] PluginManager:220 - loadIPPluginJar : add ipddr
2025-11-11 23:59:07,406 [INFO] IPUIPlugin:80 - create IPUIPlugin
2025-11-11 23:59:07,406 [INFO] PluginManager:220 - loadIPPluginJar : add linkedlist
2025-11-11 23:59:07,427 [INFO] IPUIPlugin:80 - create IPUIPlugin
2025-11-11 23:59:07,427 [INFO] PluginManager:220 - loadIPPluginJar : add lorawan
2025-11-11 23:59:07,447 [INFO] IPUIPlugin:80 - create IPUIPlugin
2025-11-11 23:59:07,447 [INFO] PluginManager:220 - loadIPPluginJar : add ltdc
2025-11-11 23:59:07,478 [INFO] IPUIPlugin:80 - create IPUIPlugin
2025-11-11 23:59:07,479 [INFO] PluginManager:220 - loadIPPluginJar : add mdma
2025-11-11 23:59:07,489 [INFO] IPUIPlugin:80 - create IPUIPlugin
2025-11-11 23:59:07,490 [INFO] PluginManager:220 - loadIPPluginJar : add nvic
2025-11-11 23:59:07,508 [INFO] IPUIPlugin:80 - create IPUIPlugin
2025-11-11 23:59:07,508 [INFO] PluginManager:220 - loadIPPluginJar : add opamp
2025-11-11 23:59:07,515 [INFO] IPUIPlugin:80 - create IPUIPlugin
2025-11-11 23:59:07,515 [INFO] PluginManager:220 - loadIPPluginJar : add openamp
2025-11-11 23:59:07,539 [INFO] IPUIPlugin:80 - create IPUIPlugin
2025-11-11 23:59:07,540 [INFO] PluginManager:220 - loadIPPluginJar : add pdm2pcm
2025-11-11 23:59:07,559 [INFO] IPUIPlugin:80 - create IPUIPlugin
2025-11-11 23:59:07,568 [INFO] PluginManager:220 - loadIPPluginJar : add plateformsettings
2025-11-11 23:59:07,585 [INFO] IPUIPlugin:80 - create IPUIPlugin
2025-11-11 23:59:07,585 [INFO] PluginManager:220 - loadIPPluginJar : add quadspi
2025-11-11 23:59:07,594 [INFO] IPUIPlugin:80 - create IPUIPlugin
2025-11-11 23:59:07,596 [INFO] PluginManager:220 - loadIPPluginJar : add radio
2025-11-11 23:59:07,623 [INFO] IPUIPlugin:80 - create IPUIPlugin
2025-11-11 23:59:07,624 [INFO] PluginManager:220 - loadIPPluginJar : add resmgrutility
2025-11-11 23:59:07,650 [INFO] IPUIPlugin:80 - create IPUIPlugin
2025-11-11 23:59:07,651 [INFO] PluginManager:220 - loadIPPluginJar : add sai
2025-11-11 23:59:07,663 [INFO] IPUIPlugin:80 - create IPUIPlugin
2025-11-11 23:59:07,664 [INFO] PluginManager:220 - loadIPPluginJar : add spi
2025-11-11 23:59:07,680 [INFO] IPUIPlugin:80 - create IPUIPlugin
2025-11-11 23:59:07,680 [INFO] PluginManager:220 - loadIPPluginJar : add stm32_wpan
2025-11-11 23:59:07,685 [INFO] IPUIPlugin:80 - create IPUIPlugin
2025-11-11 23:59:07,685 [INFO] PluginManager:220 - loadIPPluginJar : add tim
2025-11-11 23:59:07,693 [INFO] IPUIPlugin:80 - create IPUIPlugin
2025-11-11 23:59:07,694 [INFO] PluginManager:220 - loadIPPluginJar : add touchsensing
2025-11-11 23:59:07,710 [INFO] IPUIPlugin:80 - create IPUIPlugin
2025-11-11 23:59:07,710 [INFO] PluginManager:220 - loadIPPluginJar : add tracer_emb
2025-11-11 23:59:07,715 [INFO] IPUIPlugin:80 - create IPUIPlugin
2025-11-11 23:59:07,715 [INFO] PluginManager:220 - loadIPPluginJar : add ts
2025-11-11 23:59:07,728 [INFO] IPUIPlugin:80 - create IPUIPlugin
2025-11-11 23:59:07,728 [INFO] PluginManager:220 - loadIPPluginJar : add tsc
2025-11-11 23:59:07,753 [INFO] IPUIPlugin:80 - create IPUIPlugin
2025-11-11 23:59:07,754 [INFO] PluginManager:220 - loadIPPluginJar : add ucpd
2025-11-11 23:59:07,772 [INFO] IPUIPlugin:80 - create IPUIPlugin
2025-11-11 23:59:07,775 [INFO] PluginManager:220 - loadIPPluginJar : add usart
2025-11-11 23:59:07,804 [INFO] IPUIPlugin:80 - create IPUIPlugin
2025-11-11 23:59:07,804 [INFO] PluginManager:220 - loadIPPluginJar : add usbx
2025-11-11 23:59:08,009 [FATAL] Updater:351 - Updater called before beeing initialized
2025-11-11 23:59:08,104 [INFO] RulesReader:64 - Compatibility file has been processed (317 Rules)
2025-11-11 23:59:08,149 [INFO] RulesReader:64 - Compatibility file has been processed (317 Rules)
2025-11-11 23:59:08,171 [INFO] CADModel:165 - CPN selected for project level
2025-11-11 23:59:08,171 [INFO] CADModel:114 - Register for checkConnection events
2025-11-11 23:59:08,172 [FATAL] Updater:351 - Updater called before beeing initialized
2025-11-11 23:59:08,172 [ERROR] CADModel:125 - Updater not yet initialized, retry later 
2025-11-11 23:59:08,551 [FATAL] Updater:351 - Updater called before beeing initialized
2025-11-11 23:59:08,556 [INFO] CADModel:165 - CPN selected for project level
2025-11-11 23:59:08,557 [INFO] CADModel:114 - Register for checkConnection events
2025-11-11 23:59:08,557 [FATAL] Updater:351 - Updater called before beeing initialized
2025-11-11 23:59:08,558 [ERROR] CADModel:125 - Updater not yet initialized, retry later 
2025-11-11 23:59:08,574 [FATAL] Updater:351 - Updater called before beeing initialized
2025-11-11 23:59:09,781 [INFO] ThirdPartyUpdaterWithRetryManager:70 - Updater plugin not ready yet. [3/15]
2025-11-11 23:59:12,782 [FATAL] Updater:351 - Updater called before beeing initialized
2025-11-11 23:59:12,783 [ERROR] IntegrityCheckThread:130 - Cannot retrieve database content from updater: error 21
2025-11-11 23:59:12,784 [INFO] ThirdParty:978 - Integrity check success = false
2025-11-11 23:59:12,784 [INFO] IntegrityCheckThread:100 - exiting critical section [integrity check]
2025-11-11 23:59:12,784 [INFO] IntegrityCheckThread:103 - End integrity checks thread
2025-11-11 23:59:19,410 [INFO] McuFinderGlobals:63 - Set McuFinder mode to 2 (CubeIDE integrated)
2025-11-11 23:59:24,314 [FATAL] Updater:351 - Updater called before beeing initialized
2025-11-11 23:59:24,321 [INFO] DbMcusAds:53 - JSON generation date=Thu Oct 02 10:36:05 WEST 2025 (1759397765645)
2025-11-11 23:59:24,321 [FATAL] Updater:351 - Updater called before beeing initialized
2025-11-11 23:59:24,494 [WARN] DetailPanel:346 - Failed to get advertising image, set to default
2025-11-11 23:59:24,753 [FATAL] Updater:351 - Updater called before beeing initialized
2025-11-11 23:59:24,757 [FATAL] Updater:351 - Updater called before beeing initialized
2025-11-11 23:59:24,757 [FATAL] Updater:351 - Updater called before beeing initialized
2025-11-11 23:59:24,758 [WARN] DetailPanel:346 - Failed to get advertising image, set to default
2025-11-11 23:59:24,761 [FATAL] Updater:351 - Updater called before beeing initialized
2025-11-11 23:59:24,925 [ERROR] Updater:1198 - MainUpdater not yet initialized. External WinMGr cannot be set.
2025-11-11 23:59:24,948 [INFO] Updater:1134 - Updater Version found : 6.15.0
2025-11-11 23:59:24,997 [INFO] ApplicationProperties:184 - Using Application install path: /opt/st/stm32cubeide_1.19.0/plugins/com.st.stm32cube.common.mx_6.15.0.202507011659
2025-11-11 23:59:26,405 [INFO] MainUpdater:2872 - connection check result : 10
2025-11-11 23:59:26,406 [INFO] MainUpdater:289 - Updater Check For Update Now.
2025-11-11 23:59:26,407 [INFO] MicroXplorer:498 - Change Database Version : DB.6.0.150
2025-11-11 23:59:26,442 [INFO] McuFinderGlobals:63 - Set McuFinder mode to 2 (CubeIDE integrated)
2025-11-11 23:59:26,448 [INFO] UserAuth:487 - Internet connection configuration mode: 1
2025-11-11 23:59:26,679 [INFO] JxBrowserEngine:152 - Initiate JxBrowser Engine with user profile folder
2025-11-11 23:59:26,907 [INFO] CheckServerUpdateThread:120 - End of CheckServer Thread
2025-11-11 23:59:27,049 [INFO] MainUpdater:2872 - connection check result : 10
2025-11-11 23:59:27,052 [INFO] McuFinderGlobals:76 - Set McuFinderConnectedMode to true
2025-11-11 23:59:27,681 [INFO] ServerAccessManage:452 - Complete download http(s) 200
2025-11-11 23:59:27,683 [INFO] ServerAccessManage:509 - Download File mcusAds.json._tmp_
2025-11-11 23:59:27,792 [INFO] LoadUrlFilesThread:156 - End of LoadUrlFiles Thread
2025-11-11 23:59:28,318 [INFO] ServerAccessManage:452 - Complete download http(s) 200
2025-11-11 23:59:28,319 [INFO] ServerAccessManage:509 - Download File cube-finder-db.zip
2025-11-11 23:59:39,674 [INFO] WebApp:169 - Instantiating new browser for Auth
2025-11-11 23:59:46,208 [INFO] WebApp:463 - Apply proxy settings
2025-11-11 23:59:46,208 [INFO] WebApp:548 - Chromium requires no authentication
2025-11-11 23:59:46,220 [INFO] WebApp:491 - Direct internet connection detected
2025-11-11 23:59:46,254 [INFO] WebApp:900 - Register for checkConnection events
2025-11-11 23:59:46,254 [INFO] WebApp:463 - Apply proxy settings
2025-11-11 23:59:46,254 [INFO] WebApp:548 - Chromium requires no authentication
2025-11-11 23:59:46,256 [INFO] WebApp:491 - Direct internet connection detected
2025-11-11 23:59:46,552 [INFO] WebApp:225 - Starting web application
2025-11-11 23:59:46,552 [INFO] WebApp:593 - Web application path used /opt/st/stm32cubeide_1.19.0/plugins/com.st.stm32cube.common.mx_6.15.0.202507011659/db/plugins/mcufinder/reactClient1/index.html
2025-11-11 23:59:48,456 [INFO] UserAuth:487 - Internet connection configuration mode: 1
2025-11-11 23:59:48,697 [INFO] FileExtend:248 - Unzip File : cube-finder-db.zip
2025-11-11 23:59:48,697 [INFO] FileExtend:263 - Standard Zip Deflate
2025-11-11 23:59:49,288 [INFO] WebApp:191 - Connection restablished
2025-11-11 23:59:52,609 [INFO] LoadUrlFilesThread:156 - End of LoadUrlFiles Thread
2025-11-11 23:59:53,173 [INFO] ServerAccessManage:452 - Complete download http(s) 200
2025-11-11 23:59:53,175 [INFO] ServerAccessManage:509 - Download File crdb.zip
2025-11-11 23:59:55,171 [INFO] FileExtend:248 - Unzip File : crdb.zip
2025-11-11 23:59:55,172 [INFO] FileExtend:263 - Standard Zip Deflate
2025-11-11 23:59:55,342 [INFO] LoadUrlFilesThread:156 - End of LoadUrlFiles Thread
2025-11-11 23:59:55,795 [INFO] ServerAccessManage:452 - Complete download http(s) 200
2025-11-11 23:59:55,796 [INFO] ServerAccessManage:509 - Download File tutoVideoDB.zip
2025-11-11 23:59:55,979 [INFO] FileExtend:248 - Unzip File : tutoVideoDB.zip
2025-11-11 23:59:55,979 [INFO] FileExtend:263 - Standard Zip Deflate
2025-11-11 23:59:56,091 [INFO] LoadUrlFilesThread:156 - End of LoadUrlFiles Thread
2025-11-11 23:59:56,095 [WARN] DbFile:41 - Overriding database path with different value: /home/elhaloua/.stmcufinder/plugins/mcufinder/ => /home/elhaloua/.stmcufinder/plugins/mcufinder
2025-11-11 23:59:56,402 [INFO] ServerAccessManage:452 - Complete download http(s) 200
2025-11-11 23:59:56,403 [INFO] ServerAccessManage:509 - Download File api_config.json
2025-11-11 23:59:56,507 [INFO] LoadUrlFilesThread:156 - End of LoadUrlFiles Thread
2025-11-11 23:59:56,508 [INFO] DbMcusAds:53 - JSON generation date=Mon Nov 10 11:43:01 WEST 2025 (1762771381096)
2025-11-11 23:59:56,818 [INFO] ServerAccessManage:452 - Complete download http(s) 200
2025-11-11 23:59:56,818 [INFO] ServerAccessManage:509 - Download File 
2025-11-11 23:59:56,922 [INFO] LoadUrlFilesThread:185 - End of LoadServerUrlFiles without Thread
2025-11-11 23:59:56,923 [INFO] TargetSelectorAdapter:259 - Refresh data is successful
2025-11-11 23:59:57,610 [INFO] ApiDb:581 - Connected to CubeFinder SQLite database (/home/elhaloua/.stmcufinder/plugins/mcufinder/mcu/cube-finder-db.db)
2025-11-11 23:59:57,721 [INFO] ApiDb:668 - CubeFinder database Data Model version=2.1
2025-11-11 23:59:57,721 [INFO] ApiDb:669 - CubeFinder database Configuration version=3.0.39
2025-11-11 23:59:57,722 [INFO] ApiDb:670 - CubeFinder database generation date=2025-10-27 (1761571959)
2025-11-11 23:59:57,722 [INFO] ApiDb:671 - CubeFinder database FW Pack versions=[FP-ATR-ASTRA1_V2.0.0, FP-SNS-FLIGHT1_V5.1.0, FP-SNS-MOTENV1_V5.0.0, FP-SNS-MOTENVWB1_V1.4.0, FP-SNS-SMARTAG2_V1.2.0, FP-SNS-STBOX1_V2.1.0, STM32Cube_FW_C0_V1.4.0, STM32Cube_FW_F4_V1.28.3, STM32Cube_FW_F7_V1.17.4, STM32Cube_FW_G0_V1.6.2, STM32Cube_FW_G4_V1.6.1, STM32Cube_FW_H5_V1.5.0, STM32Cube_FW_H7RS_V1.2.0, STM32Cube_FW_H7_V1.12.1, STM32Cube_FW_L0_V1.12.2, STM32Cube_FW_L4_V1.18.1, STM32Cube_FW_L5_V1.5.1, STM32Cube_FW_N6_V1.2.0, STM32Cube_FW_U0_V1.3.0, STM32Cube_FW_U3_V1.2.1, STM32Cube_FW_U5_V1.8.0, STM32Cube_FW_WB0_V1.3.0, STM32Cube_FW_WBA_V1.7.0, STM32Cube_FW_WB_V1.23.0, STM32Cube_FW_WL3_V1.2.0, STM32Cube_FW_WL_V1.3.1, X-CUBE-ALGOBUILD_V1.4.0, X-CUBE-ALS_V1.0.2, X-CUBE-AZRTOS-F4_V1.1.0, X-CUBE-AZRTOS-F7_V1.1.0, X-CUBE-AZRTOS-G0_V1.1.0, X-CUBE-AZRTOS-G4_V2.0.0, X-CUBE-AZRTOS-H7RS_V1.1.0, X-CUBE-AZRTOS-H7_V3.4.0, X-CUBE-AZRTOS-L4_V2.0.0, X-CUBE-AZRTOS-L5_V2.0.0, X-CUBE-AZRTOS-WB_V2.0.0, X-CUBE-AZRTOS-WL_V2.0.0, X-CUBE-BLE1_V7.1.0, X-CUBE-BLE2_V3.3.0, X-CUBE-BLEMGR_V4.1.0, X-CUBE-EEPRMA1_V5.2.0, X-CUBE-FREERTOS_V1.3.1, X-CUBE-GNSS1_V6.0.0, X-CUBE-MEMS1_V11.3.0, X-CUBE-NFC4_V3.0.0, X-CUBE-NFC7_V2.0.0, X-CUBE-SFXS2LP1_V4.0.0, X-CUBE-ST67W61_V1.1.0, X-CUBE-SUBG2_V5.0.0, X-CUBE-TOF1_V3.4.3]
