2025-12-12 21:17:21,090 [INFO] Activator:176 - 


2025-12-12 21:17:21,103 [INFO] Activator:177 - !SESSION log4j initialized
2025-12-12 21:17:32,031 [INFO] ApplicationProperties:184 - Using Application install path: /opt/st/stm32cubeide_1.19.0/plugins/com.st.stm32cube.common.mx_6.15.0.202507011659
2025-12-12 21:17:32,258 [INFO] DbMcusXml:78 - Set database path to: /opt/st/stm32cubeide_1.19.0/plugins/com.st.stm32cube.common.mx_6.15.0.202507011659//db//mcu/
2025-12-12 21:17:32,259 [INFO] ApiDb:274 - Set plugin database path to: /opt/st/stm32cubeide_1.19.0/plugins/com.st.stm32cube.common.mx_6.15.0.202507011659//db//plugins/boardmanager/
2025-12-12 21:17:32,259 [WARN] ApiDb:259 - Overriding images path with different value:  => /opt/st/stm32cubeide_1.19.0/plugins/com.st.stm32cube.common.mx_6.15.0.202507011659//db//plugins/mcufinder/images/
2025-12-12 21:17:32,810 [INFO] ApiDb:250 - Set database path to: /home/elhaloua/.stmcufinder/plugins/mcufinder//mcu/
2025-12-12 21:17:32,812 [INFO] DbMcusAds:125 - Set database path to: /home/elhaloua/.stmcufinder/plugins/mcufinder//mcu/
2025-12-12 21:17:38,742 [INFO] CrossReferenceDbSqlite:203 - Set database path to: /home/elhaloua/.stmcufinder/plugins/mcufinder//mcu/cs/
2025-12-12 21:17:39,504 [INFO] RulesReader:64 - Compatibility file has been processed (317 Rules)
2025-12-12 21:17:39,987 [INFO] DbMcusXml:78 - Set database path to: /opt/st/stm32cubeide_1.19.0/plugins/com.st.stm32cube.common.mx_6.15.0.202507011659//db//mcu/
2025-12-12 21:17:39,988 [INFO] ApiDb:274 - Set plugin database path to: /opt/st/stm32cubeide_1.19.0/plugins/com.st.stm32cube.common.mx_6.15.0.202507011659//db//plugins/boardmanager/
2025-12-12 21:17:39,988 [INFO] ApiDb:261 - Set plugin images path to: /opt/st/stm32cubeide_1.19.0/plugins/com.st.stm32cube.common.mx_6.15.0.202507011659//db//plugins/mcufinder/images/
2025-12-12 21:17:39,989 [WARN] DbFile:41 - Overriding database path with different value: /home/elhaloua/.stmcufinder/plugins/mcufinder/ => /home/elhaloua/.stmcufinder/plugins/mcufinder
2025-12-12 21:17:39,990 [INFO] ApiDb:250 - Set database path to: /home/elhaloua/.stmcufinder/plugins/mcufinder//mcu/
2025-12-12 21:17:39,990 [WARN] DbFile:41 - Overriding database path with different value: /home/elhaloua/.stmcufinder/plugins/mcufinder/ => /home/elhaloua/.stmcufinder/plugins/mcufinder
2025-12-12 21:17:39,990 [INFO] DbMcusAds:125 - Set database path to: /home/elhaloua/.stmcufinder/plugins/mcufinder//mcu/
2025-12-12 21:17:39,991 [WARN] DbFile:41 - Overriding database path with different value: /home/elhaloua/.stmcufinder/plugins/mcufinder/ => /home/elhaloua/.stmcufinder/plugins/mcufinder
2025-12-12 21:17:39,991 [WARN] DbFile:41 - Overriding database path with different value: /home/elhaloua/.stmcufinder/plugins/mcufinder/ => /home/elhaloua/.stmcufinder/plugins/mcufinder
2025-12-12 21:17:39,992 [INFO] CrossReferenceDbSqlite:203 - Set database path to: /home/elhaloua/.stmcufinder/plugins/mcufinder//mcu/cs/
2025-12-12 21:17:40,375 [INFO] MainPanel:274 - HeapMemory: 268435456
2025-12-12 21:17:41,007 [INFO] DbMcusXml:78 - Set database path to: /opt/st/stm32cubeide_1.19.0/plugins/com.st.stm32cube.common.mx_6.15.0.202507011659//db//mcu/
2025-12-12 21:17:41,007 [INFO] ApiDb:274 - Set plugin database path to: /opt/st/stm32cubeide_1.19.0/plugins/com.st.stm32cube.common.mx_6.15.0.202507011659//db//plugins/boardmanager/
2025-12-12 21:17:41,007 [INFO] ApiDb:261 - Set plugin images path to: /opt/st/stm32cubeide_1.19.0/plugins/com.st.stm32cube.common.mx_6.15.0.202507011659//db//plugins/mcufinder/images/
2025-12-12 21:17:41,008 [WARN] DbFile:41 - Overriding database path with different value: /home/elhaloua/.stmcufinder/plugins/mcufinder/ => /home/elhaloua/.stmcufinder/plugins/mcufinder
2025-12-12 21:17:41,009 [INFO] ApiDb:250 - Set database path to: /home/elhaloua/.stmcufinder/plugins/mcufinder//mcu/
2025-12-12 21:17:41,009 [WARN] DbFile:41 - Overriding database path with different value: /home/elhaloua/.stmcufinder/plugins/mcufinder/ => /home/elhaloua/.stmcufinder/plugins/mcufinder
2025-12-12 21:17:41,010 [INFO] DbMcusAds:125 - Set database path to: /home/elhaloua/.stmcufinder/plugins/mcufinder//mcu/
2025-12-12 21:17:41,010 [WARN] DbFile:41 - Overriding database path with different value: /home/elhaloua/.stmcufinder/plugins/mcufinder/ => /home/elhaloua/.stmcufinder/plugins/mcufinder
2025-12-12 21:17:41,010 [WARN] DbFile:41 - Overriding database path with different value: /home/elhaloua/.stmcufinder/plugins/mcufinder/ => /home/elhaloua/.stmcufinder/plugins/mcufinder
2025-12-12 21:17:41,011 [INFO] CrossReferenceDbSqlite:203 - Set database path to: /home/elhaloua/.stmcufinder/plugins/mcufinder//mcu/cs/
2025-12-12 21:17:41,173 [INFO] ApplicationProperties:184 - Using Application install path: /opt/st/stm32cubeide_1.19.0/plugins/com.st.stm32cube.common.mx_6.15.0.202507011659
2025-12-12 21:17:41,197 [INFO] PluginManage:196 - Search for loadable plugins [exclusion list=, ]
2025-12-12 21:17:41,199 [INFO] PluginManage:310 - Check plugin analytics
2025-12-12 21:17:42,153 [INFO] AnalyticsPlugin:253 - Accepted Software Licenses: 
2025-12-12 21:17:42,154 [INFO] AnalyticsPlugin:255 - Accepted CMSIS Pack Licenses: 
2025-12-12 21:17:42,154 [INFO] AnalyticsPlugin:257 - Accepted Firmware Licenses: FW.WB.1.22.0,FW.WB.1.23.0
2025-12-12 21:17:42,164 [INFO] PluginManage:359 - Loaded plugin analytics (category:tool,tabindex:-1)
2025-12-12 21:17:42,165 [INFO] PluginManage:310 - Check plugin cadmodel
2025-12-12 21:17:42,290 [INFO] CADModel:105 - Init CAD model plugin
2025-12-12 21:17:42,290 [INFO] PluginManage:359 - Loaded plugin cadmodel (category:power,tabindex:5)
2025-12-12 21:17:42,291 [INFO] PluginManage:310 - Check plugin clock
2025-12-12 21:17:42,701 [INFO] PluginManage:359 - Loaded plugin clock (category:base,tabindex:2)
2025-12-12 21:17:42,701 [INFO] PluginManage:310 - Check plugin ddr
2025-12-12 21:17:42,791 [INFO] PluginManage:359 - Loaded plugin ddr (category:tool,tabindex:6)
2025-12-12 21:17:42,792 [INFO] PluginManage:310 - Check plugin filemanager
2025-12-12 21:17:43,729 [INFO] PluginManage:359 - Loaded plugin filemanager (category:base,tabindex:10)
2025-12-12 21:17:43,729 [INFO] PluginManage:310 - Check plugin ipmanager
2025-12-12 21:17:43,839 [INFO] PluginManage:359 - Loaded plugin ipmanager (category:base,tabindex:5)
2025-12-12 21:17:43,840 [INFO] PluginManage:310 - Check plugin lpbam
2025-12-12 21:17:43,972 [INFO] PluginManage:359 - Loaded plugin lpbam (category:base,tabindex:0)
2025-12-12 21:17:43,972 [INFO] PluginManage:310 - Check plugin memorymap
2025-12-12 21:17:44,030 [INFO] PluginManage:359 - Loaded plugin memorymap (category:base,tabindex:4)
2025-12-12 21:17:44,031 [INFO] PluginManage:310 - Check plugin pinoutandconfiguration
2025-12-12 21:17:44,356 [INFO] PluginManage:359 - Loaded plugin pinoutandconfiguration (category:base,tabindex:1)
2025-12-12 21:17:44,356 [INFO] PluginManage:310 - Check plugin pinoutconfig
2025-12-12 21:17:44,685 [WARN] SupportedApi:132 - Cannot load RTOS API schema: s4s-elt-must-match.1: The content of 'definitions' must match (annotation?, (simpleType | complexType)?, (unique | key | keyref)*)). A problem was found starting at: attribute.
2025-12-12 21:17:46,348 [INFO] PluginManage:359 - Loaded plugin pinoutconfig (category:base,tabindex:0)
2025-12-12 21:17:46,349 [INFO] PluginManage:310 - Check plugin power
2025-12-12 21:17:46,956 [INFO] PluginManage:359 - Loaded plugin power (category:power,tabindex:4)
2025-12-12 21:17:46,956 [INFO] PluginManage:310 - Check plugin projectmanager
2025-12-12 21:17:47,045 [INFO] PluginManage:359 - Loaded plugin projectmanager (category:projectmanager,tabindex:4)
2025-12-12 21:17:47,046 [INFO] PluginManage:310 - Check plugin rif
2025-12-12 21:17:47,180 [INFO] PluginManage:359 - Loaded plugin rif (category:base,tabindex:3)
2025-12-12 21:17:47,181 [INFO] PluginManage:310 - Check plugin thirdparty
2025-12-12 21:17:48,204 [WARN] IntegrityCheckThread:84 - waiting for thirdparty lock release [integrity check]
2025-12-12 21:17:48,205 [INFO] IntegrityCheckThread:86 - entering critical section [integrity check]
2025-12-12 21:17:48,205 [INFO] PluginManage:359 - Loaded plugin thirdparty (category:base,tabindex:-1)
2025-12-12 21:17:48,206 [INFO] ThirdPartyUpdaterWithRetryManager:70 - Updater plugin not ready yet. [1/15]
2025-12-12 21:17:48,206 [INFO] PluginManage:310 - Check plugin tools
2025-12-12 21:17:48,226 [INFO] PluginManage:359 - Loaded plugin tools (category:base,tabindex:7)
2025-12-12 21:17:48,226 [INFO] PluginManage:310 - Check plugin tutovideos
2025-12-12 21:17:49,717 [INFO] PluginManage:359 - Loaded plugin tutovideos (category:base,tabindex:-1)
2025-12-12 21:17:49,718 [INFO] PluginManage:310 - Check plugin updater
2025-12-12 21:17:50,045 [INFO] PluginManage:359 - Loaded plugin updater (category:base,tabindex:12)
2025-12-12 21:17:50,045 [INFO] PluginManage:310 - Check plugin userauth
2025-12-12 21:17:50,119 [INFO] UserAuth:118 - Init User Auth plugin
2025-12-12 21:17:50,121 [INFO] PluginManage:359 - Loaded plugin userauth (category:base,tabindex:14)
2025-12-12 21:17:50,122 [INFO] PluginManage:283 - PluginManage : Loaded plugins [18]
2025-12-12 21:17:50,934 [INFO] PinOutPanel:1589 - setPackage(No Configuration,No Configuration)
2025-12-12 21:17:51,207 [INFO] ThirdPartyUpdaterWithRetryManager:70 - Updater plugin not ready yet. [2/15]
2025-12-12 21:17:51,865 [INFO] CADModel:165 - CPN selected for project level
2025-12-12 21:17:51,865 [INFO] CADModel:114 - Register for checkConnection events
2025-12-12 21:17:52,004 [INFO] IPUIPlugin:80 - create IPUIPlugin
2025-12-12 21:17:52,005 [INFO] PluginManager:220 - loadIPPluginJar : add adc
2025-12-12 21:17:52,236 [INFO] IPUIPlugin:80 - create IPUIPlugin
2025-12-12 21:17:52,237 [INFO] PluginManager:220 - loadIPPluginJar : add aes
2025-12-12 21:17:52,266 [INFO] IPUIPlugin:80 - create IPUIPlugin
2025-12-12 21:17:52,267 [INFO] PluginManager:220 - loadIPPluginJar : add can
2025-12-12 21:17:52,286 [INFO] IPUIPlugin:80 - create IPUIPlugin
2025-12-12 21:17:52,287 [INFO] PluginManager:220 - loadIPPluginJar : add comp
2025-12-12 21:17:52,315 [INFO] IPUIPlugin:80 - create IPUIPlugin
2025-12-12 21:17:52,316 [INFO] PluginManager:220 - loadIPPluginJar : add cryp
2025-12-12 21:17:52,438 [INFO] IPUIPlugin:80 - create IPUIPlugin
2025-12-12 21:17:52,438 [INFO] PluginManager:220 - loadIPPluginJar : add ddr_ctrl_phy
2025-12-12 21:17:52,463 [INFO] IPUIPlugin:80 - create IPUIPlugin
2025-12-12 21:17:52,463 [INFO] PluginManager:220 - loadIPPluginJar : add dfsdm
2025-12-12 21:17:52,521 [INFO] IPUIPlugin:80 - create IPUIPlugin
2025-12-12 21:17:52,522 [INFO] PluginManager:220 - loadIPPluginJar : add dma
2025-12-12 21:17:52,557 [INFO] IPUIPlugin:80 - create IPUIPlugin
2025-12-12 21:17:52,557 [INFO] PluginManager:220 - loadIPPluginJar : add dma3
2025-12-12 21:17:52,583 [INFO] IPUIPlugin:80 - create IPUIPlugin
2025-12-12 21:17:52,584 [INFO] PluginManager:220 - loadIPPluginJar : add extmemmanager
2025-12-12 21:17:52,594 [INFO] IPUIPlugin:80 - create IPUIPlugin
2025-12-12 21:17:52,595 [INFO] PluginManager:220 - loadIPPluginJar : add fatfs
2025-12-12 21:17:52,622 [INFO] IPUIPlugin:80 - create IPUIPlugin
2025-12-12 21:17:52,622 [INFO] PluginManager:220 - loadIPPluginJar : add fmc
2025-12-12 21:17:52,745 [INFO] IPUIPlugin:80 - create IPUIPlugin
2025-12-12 21:17:52,746 [INFO] PluginManager:220 - loadIPPluginJar : add freertos
2025-12-12 21:17:52,771 [INFO] IPUIPlugin:80 - create IPUIPlugin
2025-12-12 21:17:52,771 [INFO] PluginManager:220 - loadIPPluginJar : add genericplugin
2025-12-12 21:17:52,792 [INFO] IPUIPlugin:80 - create IPUIPlugin
2025-12-12 21:17:52,792 [INFO] PluginManager:220 - loadIPPluginJar : add gfxmmu
2025-12-12 21:17:52,827 [INFO] IPUIPlugin:80 - create IPUIPlugin
2025-12-12 21:17:52,827 [INFO] PluginManager:220 - loadIPPluginJar : add gic
2025-12-12 21:17:53,031 [INFO] IPUIPlugin:80 - create IPUIPlugin
2025-12-12 21:17:53,032 [INFO] PluginManager:220 - loadIPPluginJar : add gpio
2025-12-12 21:17:53,070 [INFO] IPUIPlugin:80 - create IPUIPlugin
2025-12-12 21:17:53,070 [INFO] PluginManager:220 - loadIPPluginJar : add gtzc
2025-12-12 21:17:53,135 [INFO] IPUIPlugin:80 - create IPUIPlugin
2025-12-12 21:17:53,135 [INFO] PluginManager:220 - loadIPPluginJar : add hash
2025-12-12 21:17:53,173 [INFO] IPUIPlugin:80 - create IPUIPlugin
2025-12-12 21:17:53,173 [INFO] PluginManager:220 - loadIPPluginJar : add i2c
2025-12-12 21:17:53,192 [INFO] IPUIPlugin:80 - create IPUIPlugin
2025-12-12 21:17:53,192 [INFO] PluginManager:220 - loadIPPluginJar : add i2s
2025-12-12 21:17:53,218 [INFO] IPUIPlugin:80 - create IPUIPlugin
2025-12-12 21:17:53,218 [INFO] PluginManager:220 - loadIPPluginJar : add i3c
2025-12-12 21:17:53,375 [INFO] IPUIPlugin:80 - create IPUIPlugin
2025-12-12 21:17:53,376 [INFO] PluginManager:220 - loadIPPluginJar : add ipddr
2025-12-12 21:17:53,424 [INFO] IPUIPlugin:80 - create IPUIPlugin
2025-12-12 21:17:53,425 [INFO] PluginManager:220 - loadIPPluginJar : add linkedlist
2025-12-12 21:17:53,440 [INFO] IPUIPlugin:80 - create IPUIPlugin
2025-12-12 21:17:53,440 [INFO] PluginManager:220 - loadIPPluginJar : add lorawan
2025-12-12 21:17:53,465 [INFO] IPUIPlugin:80 - create IPUIPlugin
2025-12-12 21:17:53,465 [INFO] PluginManager:220 - loadIPPluginJar : add ltdc
2025-12-12 21:17:53,501 [INFO] IPUIPlugin:80 - create IPUIPlugin
2025-12-12 21:17:53,502 [INFO] PluginManager:220 - loadIPPluginJar : add mdma
2025-12-12 21:17:53,514 [INFO] IPUIPlugin:80 - create IPUIPlugin
2025-12-12 21:17:53,515 [INFO] PluginManager:220 - loadIPPluginJar : add nvic
2025-12-12 21:17:53,532 [INFO] IPUIPlugin:80 - create IPUIPlugin
2025-12-12 21:17:53,532 [INFO] PluginManager:220 - loadIPPluginJar : add opamp
2025-12-12 21:17:53,548 [INFO] IPUIPlugin:80 - create IPUIPlugin
2025-12-12 21:17:53,549 [INFO] PluginManager:220 - loadIPPluginJar : add openamp
2025-12-12 21:17:53,566 [INFO] IPUIPlugin:80 - create IPUIPlugin
2025-12-12 21:17:53,566 [INFO] PluginManager:220 - loadIPPluginJar : add pdm2pcm
2025-12-12 21:17:53,582 [INFO] IPUIPlugin:80 - create IPUIPlugin
2025-12-12 21:17:53,588 [INFO] PluginManager:220 - loadIPPluginJar : add plateformsettings
2025-12-12 21:17:53,605 [INFO] IPUIPlugin:80 - create IPUIPlugin
2025-12-12 21:17:53,606 [INFO] PluginManager:220 - loadIPPluginJar : add quadspi
2025-12-12 21:17:53,621 [INFO] IPUIPlugin:80 - create IPUIPlugin
2025-12-12 21:17:53,624 [INFO] PluginManager:220 - loadIPPluginJar : add radio
2025-12-12 21:17:53,655 [INFO] IPUIPlugin:80 - create IPUIPlugin
2025-12-12 21:17:53,655 [INFO] PluginManager:220 - loadIPPluginJar : add resmgrutility
2025-12-12 21:17:53,677 [INFO] IPUIPlugin:80 - create IPUIPlugin
2025-12-12 21:17:53,677 [INFO] PluginManager:220 - loadIPPluginJar : add sai
2025-12-12 21:17:53,708 [INFO] IPUIPlugin:80 - create IPUIPlugin
2025-12-12 21:17:53,708 [INFO] PluginManager:220 - loadIPPluginJar : add spi
2025-12-12 21:17:53,725 [INFO] IPUIPlugin:80 - create IPUIPlugin
2025-12-12 21:17:53,726 [INFO] PluginManager:220 - loadIPPluginJar : add stm32_wpan
2025-12-12 21:17:53,731 [INFO] IPUIPlugin:80 - create IPUIPlugin
2025-12-12 21:17:53,731 [INFO] PluginManager:220 - loadIPPluginJar : add tim
2025-12-12 21:17:53,744 [INFO] IPUIPlugin:80 - create IPUIPlugin
2025-12-12 21:17:53,745 [INFO] PluginManager:220 - loadIPPluginJar : add touchsensing
2025-12-12 21:17:53,782 [INFO] IPUIPlugin:80 - create IPUIPlugin
2025-12-12 21:17:53,783 [INFO] PluginManager:220 - loadIPPluginJar : add tracer_emb
2025-12-12 21:17:53,803 [INFO] IPUIPlugin:80 - create IPUIPlugin
2025-12-12 21:17:53,804 [INFO] PluginManager:220 - loadIPPluginJar : add ts
2025-12-12 21:17:53,819 [INFO] IPUIPlugin:80 - create IPUIPlugin
2025-12-12 21:17:53,819 [INFO] PluginManager:220 - loadIPPluginJar : add tsc
2025-12-12 21:17:53,847 [INFO] IPUIPlugin:80 - create IPUIPlugin
2025-12-12 21:17:53,847 [INFO] PluginManager:220 - loadIPPluginJar : add ucpd
2025-12-12 21:17:53,871 [INFO] IPUIPlugin:80 - create IPUIPlugin
2025-12-12 21:17:53,871 [INFO] PluginManager:220 - loadIPPluginJar : add usart
2025-12-12 21:17:53,887 [INFO] IPUIPlugin:80 - create IPUIPlugin
2025-12-12 21:17:53,887 [INFO] PluginManager:220 - loadIPPluginJar : add usbx
2025-12-12 21:17:54,160 [FATAL] Updater:351 - Updater called before beeing initialized
2025-12-12 21:17:54,208 [INFO] ThirdPartyUpdaterWithRetryManager:70 - Updater plugin not ready yet. [3/15]
2025-12-12 21:17:54,291 [INFO] RulesReader:64 - Compatibility file has been processed (317 Rules)
2025-12-12 21:17:54,326 [INFO] RulesReader:64 - Compatibility file has been processed (317 Rules)
2025-12-12 21:17:54,344 [INFO] CADModel:165 - CPN selected for project level
2025-12-12 21:17:54,344 [INFO] CADModel:114 - Register for checkConnection events
2025-12-12 21:17:54,344 [FATAL] Updater:351 - Updater called before beeing initialized
2025-12-12 21:17:54,345 [ERROR] CADModel:125 - Updater not yet initialized, retry later 
2025-12-12 21:17:54,898 [FATAL] Updater:351 - Updater called before beeing initialized
2025-12-12 21:17:54,902 [INFO] CADModel:165 - CPN selected for project level
2025-12-12 21:17:54,902 [INFO] CADModel:114 - Register for checkConnection events
2025-12-12 21:17:54,903 [FATAL] Updater:351 - Updater called before beeing initialized
2025-12-12 21:17:54,903 [ERROR] CADModel:125 - Updater not yet initialized, retry later 
2025-12-12 21:17:54,912 [FATAL] Updater:351 - Updater called before beeing initialized
2025-12-12 21:17:57,208 [FATAL] Updater:351 - Updater called before beeing initialized
2025-12-12 21:17:57,210 [ERROR] IntegrityCheckThread:130 - Cannot retrieve database content from updater: error 21
2025-12-12 21:17:57,210 [INFO] ThirdParty:978 - Integrity check success = false
2025-12-12 21:17:57,211 [INFO] IntegrityCheckThread:100 - exiting critical section [integrity check]
2025-12-12 21:17:57,211 [INFO] IntegrityCheckThread:103 - End integrity checks thread
2025-12-12 21:18:26,149 [FATAL] Updater:351 - Updater called before beeing initialized
2025-12-12 21:18:26,156 [INFO] DbMcusAds:53 - JSON generation date=Mon Nov 10 11:43:01 WEST 2025 (1762771381096)
2025-12-12 21:18:26,157 [FATAL] Updater:351 - Updater called before beeing initialized
2025-12-12 21:18:26,660 [WARN] DetailPanel:346 - Failed to get advertising image, set to default
2025-12-12 21:18:27,054 [FATAL] Updater:351 - Updater called before beeing initialized
2025-12-12 21:18:27,056 [FATAL] Updater:351 - Updater called before beeing initialized
2025-12-12 21:18:27,057 [FATAL] Updater:351 - Updater called before beeing initialized
2025-12-12 21:18:27,057 [WARN] DetailPanel:346 - Failed to get advertising image, set to default
2025-12-12 21:18:27,060 [FATAL] Updater:351 - Updater called before beeing initialized
2025-12-12 21:18:27,393 [ERROR] Updater:1198 - MainUpdater not yet initialized. External WinMGr cannot be set.
2025-12-12 21:18:27,428 [INFO] Updater:1134 - Updater Version found : 6.15.0
2025-12-12 21:18:27,511 [INFO] ApplicationProperties:184 - Using Application install path: /opt/st/stm32cubeide_1.19.0/plugins/com.st.stm32cube.common.mx_6.15.0.202507011659
2025-12-12 21:18:30,902 [INFO] MainUpdater:2872 - connection check result : 10
2025-12-12 21:18:30,903 [INFO] MainUpdater:289 - Updater Check For Update Now.
2025-12-12 21:18:30,903 [INFO] MicroXplorer:498 - Change Database Version : DB.6.0.150
2025-12-12 21:18:31,347 [INFO] CheckServerUpdateThread:120 - End of CheckServer Thread
2025-12-12 21:18:31,501 [INFO] MainUpdater:2872 - connection check result : 10
2025-12-12 21:18:31,503 [INFO] MainUpdater:2872 - connection check result : 10
