Archive member included to satisfy reference by file (symbol)

/opt/st/stm32cubeide_1.19.0/plugins/com.st.stm32cube.ide.mcu.externaltools.gnu-tools-for-stm32.13.3.rel1.linux64_1.0.0.202410170706/tools/bin/../lib/gcc/arm-none-eabi/13.3.1/../../../../arm-none-eabi/lib/thumb/v7e-m+fp/hard/libc_nano.a(libc_a-exit.o)
                              /opt/st/stm32cubeide_1.19.0/plugins/com.st.stm32cube.ide.mcu.externaltools.gnu-tools-for-stm32.13.3.rel1.linux64_1.0.0.202410170706/tools/bin/../lib/gcc/arm-none-eabi/13.3.1/../../../../arm-none-eabi/lib/thumb/v7e-m+fp/hard/crt0.o (exit)
/opt/st/stm32cubeide_1.19.0/plugins/com.st.stm32cube.ide.mcu.externaltools.gnu-tools-for-stm32.13.3.rel1.linux64_1.0.0.202410170706/tools/bin/../lib/gcc/arm-none-eabi/13.3.1/../../../../arm-none-eabi/lib/thumb/v7e-m+fp/hard/libc_nano.a(libc_a-findfp.o)
                              /opt/st/stm32cubeide_1.19.0/plugins/com.st.stm32cube.ide.mcu.externaltools.gnu-tools-for-stm32.13.3.rel1.linux64_1.0.0.202410170706/tools/bin/../lib/gcc/arm-none-eabi/13.3.1/../../../../arm-none-eabi/lib/thumb/v7e-m+fp/hard/libc_nano.a(libc_a-exit.o) (__stdio_exit_handler)
/opt/st/stm32cubeide_1.19.0/plugins/com.st.stm32cube.ide.mcu.externaltools.gnu-tools-for-stm32.13.3.rel1.linux64_1.0.0.202410170706/tools/bin/../lib/gcc/arm-none-eabi/13.3.1/../../../../arm-none-eabi/lib/thumb/v7e-m+fp/hard/libc_nano.a(libc_a-fwalk.o)
                              /opt/st/stm32cubeide_1.19.0/plugins/com.st.stm32cube.ide.mcu.externaltools.gnu-tools-for-stm32.13.3.rel1.linux64_1.0.0.202410170706/tools/bin/../lib/gcc/arm-none-eabi/13.3.1/../../../../arm-none-eabi/lib/thumb/v7e-m+fp/hard/libc_nano.a(libc_a-findfp.o) (_fwalk_sglue)
/opt/st/stm32cubeide_1.19.0/plugins/com.st.stm32cube.ide.mcu.externaltools.gnu-tools-for-stm32.13.3.rel1.linux64_1.0.0.202410170706/tools/bin/../lib/gcc/arm-none-eabi/13.3.1/../../../../arm-none-eabi/lib/thumb/v7e-m+fp/hard/libc_nano.a(libc_a-printf.o)
                              ./Core/Src/main.o (printf)
/opt/st/stm32cubeide_1.19.0/plugins/com.st.stm32cube.ide.mcu.externaltools.gnu-tools-for-stm32.13.3.rel1.linux64_1.0.0.202410170706/tools/bin/../lib/gcc/arm-none-eabi/13.3.1/../../../../arm-none-eabi/lib/thumb/v7e-m+fp/hard/libc_nano.a(libc_a-puts.o)
                              ./Core/Src/main.o (puts)
/opt/st/stm32cubeide_1.19.0/plugins/com.st.stm32cube.ide.mcu.externaltools.gnu-tools-for-stm32.13.3.rel1.linux64_1.0.0.202410170706/tools/bin/../lib/gcc/arm-none-eabi/13.3.1/../../../../arm-none-eabi/lib/thumb/v7e-m+fp/hard/libc_nano.a(libc_a-stdio.o)
                              /opt/st/stm32cubeide_1.19.0/plugins/com.st.stm32cube.ide.mcu.externaltools.gnu-tools-for-stm32.13.3.rel1.linux64_1.0.0.202410170706/tools/bin/../lib/gcc/arm-none-eabi/13.3.1/../../../../arm-none-eabi/lib/thumb/v7e-m+fp/hard/libc_nano.a(libc_a-findfp.o) (__sread)
/opt/st/stm32cubeide_1.19.0/plugins/com.st.stm32cube.ide.mcu.externaltools.gnu-tools-for-stm32.13.3.rel1.linux64_1.0.0.202410170706/tools/bin/../lib/gcc/arm-none-eabi/13.3.1/../../../../arm-none-eabi/lib/thumb/v7e-m+fp/hard/libc_nano.a(libc_a-wbuf.o)
                              /opt/st/stm32cubeide_1.19.0/plugins/com.st.stm32cube.ide.mcu.externaltools.gnu-tools-for-stm32.13.3.rel1.linux64_1.0.0.202410170706/tools/bin/../lib/gcc/arm-none-eabi/13.3.1/../../../../arm-none-eabi/lib/thumb/v7e-m+fp/hard/libc_nano.a(libc_a-puts.o) (__swbuf_r)
/opt/st/stm32cubeide_1.19.0/plugins/com.st.stm32cube.ide.mcu.externaltools.gnu-tools-for-stm32.13.3.rel1.linux64_1.0.0.202410170706/tools/bin/../lib/gcc/arm-none-eabi/13.3.1/../../../../arm-none-eabi/lib/thumb/v7e-m+fp/hard/libc_nano.a(libc_a-wsetup.o)
                              /opt/st/stm32cubeide_1.19.0/plugins/com.st.stm32cube.ide.mcu.externaltools.gnu-tools-for-stm32.13.3.rel1.linux64_1.0.0.202410170706/tools/bin/../lib/gcc/arm-none-eabi/13.3.1/../../../../arm-none-eabi/lib/thumb/v7e-m+fp/hard/libc_nano.a(libc_a-puts.o) (__swsetup_r)
/opt/st/stm32cubeide_1.19.0/plugins/com.st.stm32cube.ide.mcu.externaltools.gnu-tools-for-stm32.13.3.rel1.linux64_1.0.0.202410170706/tools/bin/../lib/gcc/arm-none-eabi/13.3.1/../../../../arm-none-eabi/lib/thumb/v7e-m+fp/hard/libc_nano.a(libc_a-memset.o)
                              /opt/st/stm32cubeide_1.19.0/plugins/com.st.stm32cube.ide.mcu.externaltools.gnu-tools-for-stm32.13.3.rel1.linux64_1.0.0.202410170706/tools/bin/../lib/gcc/arm-none-eabi/13.3.1/../../../../arm-none-eabi/lib/thumb/v7e-m+fp/hard/crt0.o (memset)
/opt/st/stm32cubeide_1.19.0/plugins/com.st.stm32cube.ide.mcu.externaltools.gnu-tools-for-stm32.13.3.rel1.linux64_1.0.0.202410170706/tools/bin/../lib/gcc/arm-none-eabi/13.3.1/../../../../arm-none-eabi/lib/thumb/v7e-m+fp/hard/libc_nano.a(libc_a-closer.o)
[...]
Memory Configuration

Name             Origin             Length             Attributes
FLASH            0x08000000         0x00010000         xr
RAM              0x20000008         0x0002fff8         xrw
RAM_SHARED       0x20030000         0x00002800         xrw
*default*        0x00000000         0xffffffff

Linker script and memory map

LOAD /opt/st/stm32cubeide_1.19.0/plugins/com.st.stm32cube.ide.mcu.externaltools.gnu-tools-for-stm32.13.3.rel1.linux64_1.0.0.202410170706/tools/bin/../lib/gcc/arm-none-eabi/13.3.1/thumb/v7e-m+fp/hard/crti.o
LOAD /opt/st/stm32cubeide_1.19.0/plugins/com.st.stm32cube.ide.mcu.externaltools.gnu-tools-for-stm32.13.3.rel1.linux64_1.0.0.202410170706/tools/bin/../lib/gcc/arm-none-eabi/13.3.1/thumb/v7e-m+fp/hard/crtbegin.o
LOAD /opt/st/stm32cubeide_1.19.0/plugins/com.st.stm32cube.ide.mcu.externaltools.gnu-tools-for-stm32.13.3.rel1.linux64_1.0.0.202410170706/tools/bin/../lib/gcc/arm-none-eabi/13.3.1/../../../../arm-none-eabi/lib/thumb/v7e-m+fp/hard/crt0.o
LOAD ./Core/Src/main.o
LOAD ./Core/Src/stm32wbxx_hal_msp.o
LOAD ./Core/Src/stm32wbxx_it.o
LOAD ./Core/Src/syscalls.o
LOAD ./Core/Src/sysmem.o
LOAD ./Core/Src/system_stm32wbxx.o
LOAD ./Core/Startup/startup_stm32wb55rgvx.o
LOAD ./Drivers/BSP/P-NUCLEO-WB55.Nucleo/stm32wbxx_nucleo.o
LOAD ./Drivers/STM32WBxx_HAL_Driver/Src/stm32wbxx_hal.o
LOAD ./Drivers/STM32WBxx_HAL_Driver/Src/stm32wbxx_hal_cortex.o
LOAD ./Drivers/STM32WBxx_HAL_Driver/Src/stm32wbxx_hal_dma.o
LOAD ./Drivers/STM32WBxx_HAL_Driver/Src/stm32wbxx_hal_dma_ex.o
LOAD ./Drivers/STM32WBxx_HAL_Driver/Src/stm32wbxx_hal_exti.o
LOAD ./Drivers/STM32WBxx_HAL_Driver/Src/stm32wbxx_hal_flash.o
LOAD ./Drivers/STM32WBxx_HAL_Driver/Src/stm32wbxx_hal_flash_ex.o
LOAD ./Drivers/STM32WBxx_HAL_Driver/Src/stm32wbxx_hal_gpio.o
LOAD ./Drivers/STM32WBxx_HAL_Driver/Src/stm32wbxx_hal_hsem.o
LOAD ./Drivers/STM32WBxx_HAL_Driver/Src/stm32wbxx_hal_pwr.o
LOAD ./Drivers/STM32WBxx_HAL_Driver/Src/stm32wbxx_hal_pwr_ex.o
LOAD ./Drivers/STM32WBxx_HAL_Driver/Src/stm32wbxx_hal_rcc.o
LOAD ./Drivers/STM32WBxx_HAL_Driver/Src/stm32wbxx_hal_rcc_ex.o
LOAD ./Drivers/STM32WBxx_HAL_Driver/Src/stm32wbxx_hal_uart.o
LOAD ./Drivers/STM32WBxx_HAL_Driver/Src/stm32wbxx_hal_uart_ex.o
LOAD ./Drivers/STM32WBxx_HAL_Driver/Src/stm32wbxx_hal_usart.o
LOAD ./Drivers/STM32WBxx_HAL_Driver/Src/stm32wbxx_hal_usart_ex.o
LOAD ./Drivers/STM32WBxx_HAL_Driver/Src/stm32wbxx_ll_rcc.o
START GROUP
LOAD /opt/st/stm32cubeide_1.19.0/plugins/com.st.stm32cube.ide.mcu.externaltools.gnu-tools-for-stm32.13.3.rel1.linux64_1.0.0.202410170706/tools/bin/../lib/gcc/arm-none-eabi/13.3.1/../../../../arm-none-eabi/lib/thumb/v7e-m+fp/hard/libc_nano.a
LOAD /opt/st/stm32cubeide_1.19.0/plugins/com.st.stm32cube.ide.mcu.externaltools.gnu-tools-for-stm32.13.3.rel1.linux64_1.0.0.202410170706/tools/bin/../lib/gcc/arm-none-eabi/13.3.1/../../../../arm-none-eabi/lib/thumb/v7e-m+fp/hard/libm.a
END GROUP
START GROUP
LOAD /opt/st/stm32cubeide_1.19.0/plugins/com.st.stm32cube.ide.mcu.externaltools.gnu-tools-for-stm32.13.3.rel1.linux64_1.0.0.202410170706/tools/bin/../lib/gcc/arm-none-eabi/13.3.1/thumb/v7e-m+fp/hard/libgcc.a
LOAD /opt/st/stm32cubeide_1.19.0/plugins/com.st.stm32cube.ide.mcu.externaltools.gnu-tools-for-stm32.13.3.rel1.linux64_1.0.0.202410170706/tools/bin/../lib/gcc/arm-none-eabi/13.3.1/../../../../arm-none-eabi/lib/thumb/v7e-m+fp/hard/libc_nano.a
END GROUP
START GROUP
LOAD /opt/st/stm32cubeide_1.19.0/plugins/com.st.stm32cube.ide.mcu.externaltools.gnu-tools-for-stm32.13.3.rel1.linux64_1.0.0.202410170706/tools/bin/../lib/gcc/arm-none-eabi/13.3.1/thumb/v7e-m+fp/hard/libgcc.a
LOAD /opt/st/stm32cubeide_1.19.0/plugins/com.st.stm32cube.ide.mcu.externaltools.gnu-tools-for-stm32.13.3.rel1.linux64_1.0.0.202410170706/tools/bin/../lib/gcc/arm-none-eabi/13.3.1/../../../../arm-none-eabi/lib/thumb/v7e-m+fp/hard/libc_nano.a
LOAD /opt/st/stm32cubeide_1.19.0/plugins/com.st.stm32cube.ide.mcu.externaltools.gnu-tools-for-stm32.13.3.rel1.linux64_1.0.0.202410170706/tools/bin/../lib/gcc/arm-none-eabi/13.3.1/../../../../arm-none-eabi/lib/thumb/v7e-m+fp/hard/libnosys.a
END GROUP
START GROUP
LOAD /opt/st/stm32cubeide_1.19.0/plugins/com.st.stm32cube.ide.mcu.externaltools.gnu-tools-for-stm32.13.3.rel1.linux64_1.0.0.202410170706/tools/bin/../lib/gcc/arm-none-eabi/13.3.1/thumb/v7e-m+fp/hard/libgcc.a
LOAD /opt/st/stm32cubeide_1.19.0/plugins/com.st.stm32cube.ide.mcu.externaltools.gnu-tools-for-stm32.13.3.rel1.linux64_1.0.0.202410170706/tools/bin/../lib/gcc/arm-none-eabi/13.3.1/../../../../arm-none-eabi/lib/thumb/v7e-m+fp/hard/libc_nano.a
LOAD /opt/st/stm32cubeide_1.19.0/plugins/com.st.stm32cube.ide.mcu.externaltools.gnu-tools-for-stm32.13.3.rel1.linux64_1.0.0.202410170706/tools/bin/../lib/gcc/arm-none-eabi/13.3.1/../../../../arm-none-eabi/lib/thumb/v7e-m+fp/hard/libnosys.a
END GROUP
LOAD /opt/st/stm32cubeide_1.19.0/plugins/com.st.stm32cube.ide.mcu.externaltools.gnu-tools-for-stm32.13.3.rel1.linux64_1.0.0.202410170706/tools/bin/../lib/gcc/arm-none-eabi/13.3.1/thumb/v7e-m+fp/hard/crtend.o
LOAD /opt/st/stm32cubeide_1.19.0/plugins/com.st.stm32cube.ide.mcu.externaltools.gnu-tools-for-stm32.13.3.rel1.linux64_1.0.0.202410170706/tools/bin/../lib/gcc/arm-none-eabi/13.3.1/thumb/v7e-m+fp/hard/crtn.o
                0x20030000                        _estack = (ORIGIN (RAM) + LENGTH (RAM))
                0x00000200                        _Min_Heap_Size = 0x200
                0x00000400                        _Min_Stack_Size = 0x400

.isr_vector     0x08000000      0x13c
                0x08000000                        . = ALIGN (0x4)
 *(.isr_vector)
 .isr_vector    0x08000000      0x13c ./Core/Startup/startup_stm32wb55rgvx.o
                0x08000000                g_pfnVectors
                0x0800013c                        . = ALIGN (0x4)

.text           0x08000140     0x57d8
                0x08000140                        . = ALIGN (0x4)
 *(.text)
 .text          0x08000140       0x40 /opt/st/stm32cubeide_1.19.0/plugins/com.st.stm32cube.ide.mcu.externaltools.gnu-tools-for-stm32.13.3.rel1.linux64_1.0.0.202410170706/tools/bin/../lib/gcc/arm-none-eabi/13.3.1/thumb/v7e-m+fp/hard/crtbegin.o
 .text          0x08000180       0xa0 /opt/st/stm32cubeide_1.19.0/plugins/com.st.stm32cube.ide.mcu.externaltools.gnu-tools-for-stm32.13.3.rel1.linux64_1.0.0.202410170706/tools/bin/../lib/gcc/arm-none-eabi/13.3.1/../../../../arm-none-eabi/lib/thumb/v7e-m+fp/hard/libc_nano.a(libc_a-memchr.o)
                0x08000180                memchr
 .text          0x08000220       0x30 /opt/st/stm32cubeide_1.19.0/plugins/com.st.stm32cube.ide.mcu.externaltools.gnu-tools-for-stm32.13.3.rel1.linux64_1.0.0.202410170706/tools/bin/../lib/gcc/arm-none-eabi/13.3.1/thumb/v7e-m+fp/hard/libgcc.a(_aeabi_uldivmod.o)
                0x08000220                __aeabi_uldivmod
 .text          0x08000250      0x2f8 /opt/st/stm32cubeide_1.19.0/plugins/com.st.stm32cube.ide.mcu.externaltools.gnu-tools-for-stm32.13.3.rel1.linux64_1.0.0.202410170706/tools/bin/../lib/gcc/arm-none-eabi/13.3.1/thumb/v7e-m+fp/hard/libgcc.a(_udivmoddi4.o)
                0x08000250                __udivmoddi4
 .text          0x08000548        0x4 /opt/st/stm32cubeide_1.19.0/plugins/com.st.stm32cube.ide.mcu.externaltools.gnu-tools-for-stm32.13.3.rel1.linux64_1.0.0.202410170706/tools/bin/../lib/gcc/arm-none-eabi/13.3.1/thumb/v7e-m+fp/hard/libgcc.a(_dvmd_tls.o)
                0x08000548                __aeabi_ldiv0
                0x08000548                __aeabi_idiv0
 *(.text*)
 .text.LL_AHB2_GRP1_EnableClock
                0x0800054c       0x32 ./Core/Src/main.o
 *fill*         0x0800057e        0x2 
 .text.main     0x08000580       0xd8 ./Core/Src/main.o
                0x08000580                main
 .text.SystemClock_Config
                0x08000658       0xb0 ./Core/Src/main.o
                0x08000658                SystemClock_Config
 .text.PeriphCommonClock_Config
                0x08000708       0x3a ./Core/Src/main.o
                0x08000708                PeriphCommonClock_Config
 *fill*         0x08000742        0x2 
 .text.MX_LPUART1_UART_Init
                0x08000744       0x98 ./Core/Src/main.o
 .text.MX_USART1_UART_Init
                0x080007dc       0x98 ./Core/Src/main.o
 .text.MX_GPIO_Init
                0x08000874       0x50 ./Core/Src/main.o
 .text.__io_putchar
                0x080008c4       0x24 ./Core/Src/main.o
                0x080008c4                __io_putchar
 .text.UART_Write_Loop
                0x080008e8       0x84 ./Core/Src/main.o
 .text.write_data_to_flash_app
                0x0800096c      0x230 ./Core/Src/main.o
 .text.Firmware_Update
                0x08000b9c      0x334 ./Core/Src/main.o
 .text.is_application_valid
                0x08000ed0       0x4e ./Core/Src/main.o
 *fill*         0x08000f1e        0x2 
 .text.goto_application
                0x08000f20       0x2c ./Core/Src/main.o
 .text.Error_Handler
                0x08000f4c        0xc ./Core/Src/main.o
                0x08000f4c                Error_Handler
 .text.LL_AHB2_GRP1_EnableClock
                0x08000f58       0x32 ./Core/Src/stm32wbxx_hal_msp.o
 .text.LL_APB1_GRP2_EnableClock
                0x08000f8a       0x32 ./Core/Src/stm32wbxx_hal_msp.o
 .text.LL_APB2_GRP1_EnableClock
                0x08000fbc       0x32 ./Core/Src/stm32wbxx_hal_msp.o
 .text.HAL_MspInit
                0x08000fee        0xe ./Core/Src/stm32wbxx_hal_msp.o
                0x08000fee                HAL_MspInit
 .text.HAL_UART_MspInit
                0x08000ffc       0xe8 ./Core/Src/stm32wbxx_hal_msp.o
                0x08000ffc                HAL_UART_MspInit
 .text.NMI_Handler
                0x080010e4        0x8 ./Core/Src/stm32wbxx_it.o
                0x080010e4                NMI_Handler
 .text.HardFault_Handler
                0x080010ec        0x8 ./Core/Src/stm32wbxx_it.o
                0x080010ec                HardFault_Handler
 .text.MemManage_Handler
                0x080010f4        0x8 ./Core/Src/stm32wbxx_it.o
                0x080010f4                MemManage_Handler
 .text.BusFault_Handler
                0x080010fc        0x8 ./Core/Src/stm32wbxx_it.o
                0x080010fc                BusFault_Handler
 .text.UsageFault_Handler
                0x08001104        0x8 ./Core/Src/stm32wbxx_it.o
                0x08001104                UsageFault_Handler
 .text.SVC_Handler
                0x0800110c        0xe ./Core/Src/stm32wbxx_it.o
                0x0800110c                SVC_Handler
 .text.DebugMon_Handler
                0x0800111a        0xe ./Core/Src/stm32wbxx_it.o
                0x0800111a                DebugMon_Handler
 .text.PendSV_Handler
                0x08001128        0xe ./Core/Src/stm32wbxx_it.o
                0x08001128                PendSV_Handler
 .text.SysTick_Handler
                0x08001136        0xc ./Core/Src/stm32wbxx_it.o
                0x08001136                SysTick_Handler
 .text._read    0x08001142       0x3a ./Core/Src/syscalls.o
                0x08001142                _read
 .text._write   0x0800117c       0x38 ./Core/Src/syscalls.o
                0x0800117c                _write
 .text._close   0x080011b4       0x18 ./Core/Src/syscalls.o
                0x080011b4                _close
 .text._fstat   0x080011cc       0x20 ./Core/Src/syscalls.o
                0x080011cc                _fstat
 .text._isatty  0x080011ec       0x16 ./Core/Src/syscalls.o
                0x080011ec                _isatty
 .text._lseek   0x08001202       0x1a ./Core/Src/syscalls.o
                0x08001202                _lseek
 .text._sbrk    0x0800121c       0x6c ./Core/Src/sysmem.o
                0x0800121c                _sbrk
 .text.SystemInit
                0x08001288       0xa4 ./Core/Src/system_stm32wbxx.o
                0x08001288                SystemInit
 .text.data_initializers
                0x0800132c       0x18 ./Core/Startup/startup_stm32wb55rgvx.o
 .text.Reset_Handler
                0x08001344       0x58 ./Core/Startup/startup_stm32wb55rgvx.o
                0x08001344                Reset_Handler
 .text.Default_Handler
                0x0800139c        0x2 ./Core/Startup/startup_stm32wb55rgvx.o
                0x0800139c                RTC_Alarm_IRQHandler
                0x0800139c                EXTI2_IRQHandler
                0x0800139c                TIM1_CC_IRQHandler
                0x0800139c                TSC_IRQHandler
                0x0800139c                USB_HP_IRQHandler
                0x0800139c                EXTI3_IRQHandler
                0x0800139c                LPTIM2_IRQHandler
                0x0800139c                I2C3_ER_IRQHandler
                0x0800139c                EXTI0_IRQHandler
                0x0800139c                FPU_IRQHandler
                0x0800139c                TIM1_UP_TIM16_IRQHandler
                0x0800139c                AES1_IRQHandler
                0x0800139c                SPI1_IRQHandler
                0x0800139c                PWR_SOTF_BLEACT_802ACT_RFPHASE_IRQHandler
                0x0800139c                DMA2_Channel2_IRQHandler
                0x0800139c                DMA1_Channel4_IRQHandler
                0x0800139c                ADC1_IRQHandler
                0x0800139c                PKA_IRQHandler
                0x0800139c                DMA1_Channel7_IRQHandler
                0x0800139c                LCD_IRQHandler
                0x0800139c                IPCC_C1_TX_IRQHandler
                0x0800139c                DMA2_Channel1_IRQHandler
                0x0800139c                QUADSPI_IRQHandler
                0x0800139c                I2C1_EV_IRQHandler
                0x0800139c                DMAMUX1_OVR_IRQHandler
                0x0800139c                DMA1_Channel6_IRQHandler
                0x0800139c                DMA2_Channel4_IRQHandler
                0x0800139c                RCC_IRQHandler
                0x0800139c                DMA1_Channel1_IRQHandler
                0x0800139c                Default_Handler
                0x0800139c                DMA2_Channel7_IRQHandler
                0x0800139c                EXTI15_10_IRQHandler
                0x0800139c                IPCC_C1_RX_IRQHandler
                0x0800139c                C2SEV_PWR_C2H_IRQHandler
                0x0800139c                AES2_IRQHandler
                0x0800139c                I2C3_EV_IRQHandler
                0x0800139c                EXTI9_5_IRQHandler
                0x0800139c                RTC_WKUP_IRQHandler
                0x0800139c                PVD_PVM_IRQHandler
                0x0800139c                SPI2_IRQHandler
                0x0800139c                DMA2_Channel5_IRQHandler
                0x0800139c                CRS_IRQHandler
                0x0800139c                DMA1_Channel5_IRQHandler
                0x0800139c                USB_LP_IRQHandler
                0x0800139c                EXTI4_IRQHandler
                0x0800139c                RNG_IRQHandler
                0x0800139c                TIM1_TRG_COM_TIM17_IRQHandler
                0x0800139c                TAMP_STAMP_LSECSS_IRQHandler
                0x0800139c                DMA1_Channel3_IRQHandler
                0x0800139c                COMP_IRQHandler
                0x0800139c                HSEM_IRQHandler
                0x0800139c                WWDG_IRQHandler
                0x0800139c                LPUART1_IRQHandler
                0x0800139c                DMA2_Channel6_IRQHandler
                0x0800139c                TIM2_IRQHandler
                0x0800139c                TIM1_BRK_IRQHandler
                0x0800139c                EXTI1_IRQHandler
                0x0800139c                DMA1_Channel2_IRQHandler
                0x0800139c                FLASH_IRQHandler
                0x0800139c                USART1_IRQHandler
                0x0800139c                I2C1_ER_IRQHandler
                0x0800139c                LPTIM1_IRQHandler
                0x0800139c                SAI1_IRQHandler
                0x0800139c                DMA2_Channel3_IRQHandler
 .text.LL_AHB2_GRP1_EnableClock
                0x0800139e       0x32 ./Drivers/BSP/P-NUCLEO-WB55.Nucleo/stm32wbxx_nucleo.o
 .text.BSP_LED_Init
                0x080013d0       0x74 ./Drivers/BSP/P-NUCLEO-WB55.Nucleo/stm32wbxx_nucleo.o
                0x080013d0                BSP_LED_Init
 .text.BSP_LED_On
                0x08001444       0x34 ./Drivers/BSP/P-NUCLEO-WB55.Nucleo/stm32wbxx_nucleo.o
                0x08001444                BSP_LED_On
 .text.BSP_LED_Off
                0x08001478       0x34 ./Drivers/BSP/P-NUCLEO-WB55.Nucleo/stm32wbxx_nucleo.o
                0x08001478                BSP_LED_Off
 .text.BSP_LED_Toggle
                0x080014ac       0x34 ./Drivers/BSP/P-NUCLEO-WB55.Nucleo/stm32wbxx_nucleo.o
                0x080014ac                BSP_LED_Toggle
 .text.BSP_PB_Init
                0x080014e0       0xe0 ./Drivers/BSP/P-NUCLEO-WB55.Nucleo/stm32wbxx_nucleo.o
                0x080014e0                BSP_PB_Init
 .text.HAL_Init
                0x080015c0       0x40 ./Drivers/STM32WBxx_HAL_Driver/Src/stm32wbxx_hal.o
                0x080015c0                HAL_Init
 .text.HAL_InitTick
                0x08001600       0x74 ./Drivers/STM32WBxx_HAL_Driver/Src/stm32wbxx_hal.o
                0x08001600                HAL_InitTick
 .text.HAL_IncTick
                0x08001674       0x28 ./Drivers/STM32WBxx_HAL_Driver/Src/stm32wbxx_hal.o
                0x08001674                HAL_IncTick
 .text.HAL_GetTick
                0x0800169c       0x18 ./Drivers/STM32WBxx_HAL_Driver/Src/stm32wbxx_hal.o
                0x0800169c                HAL_GetTick
 .text.HAL_GetTickPrio
                0x080016b4       0x18 ./Drivers/STM32WBxx_HAL_Driver/Src/stm32wbxx_hal.o
                0x080016b4                HAL_GetTickPrio
 .text.HAL_Delay
                0x080016cc       0x48 ./Drivers/STM32WBxx_HAL_Driver/Src/stm32wbxx_hal.o
                0x080016cc                HAL_Delay
 .text.__NVIC_SetPriorityGrouping
                0x08001714       0x48 ./Drivers/STM32WBxx_HAL_Driver/Src/stm32wbxx_hal_cortex.o
 .text.__NVIC_GetPriorityGrouping
                0x0800175c       0x1c ./Drivers/STM32WBxx_HAL_Driver/Src/stm32wbxx_hal_cortex.o
 .text.__NVIC_EnableIRQ
                0x08001778       0x3c ./Drivers/STM32WBxx_HAL_Driver/Src/stm32wbxx_hal_cortex.o
 .text.__NVIC_SetPriority
                0x080017b4       0x54 ./Drivers/STM32WBxx_HAL_Driver/Src/stm32wbxx_hal_cortex.o
 .text.NVIC_EncodePriority
                0x08001808       0x66 ./Drivers/STM32WBxx_HAL_Driver/Src/stm32wbxx_hal_cortex.o
 *fill*         0x0800186e        0x2 
 .text.SysTick_Config
                0x08001870       0x44 ./Drivers/STM32WBxx_HAL_Driver/Src/stm32wbxx_hal_cortex.o
 .text.HAL_NVIC_SetPriorityGrouping
                0x080018b4       0x16 ./Drivers/STM32WBxx_HAL_Driver/Src/stm32wbxx_hal_cortex.o
                0x080018b4                HAL_NVIC_SetPriorityGrouping
 .text.HAL_NVIC_SetPriority
                0x080018ca       0x34 ./Drivers/STM32WBxx_HAL_Driver/Src/stm32wbxx_hal_cortex.o
                0x080018ca                HAL_NVIC_SetPriority
 .text.HAL_NVIC_EnableIRQ
                0x080018fe       0x1c ./Drivers/STM32WBxx_HAL_Driver/Src/stm32wbxx_hal_cortex.o
                0x080018fe                HAL_NVIC_EnableIRQ
 .text.HAL_SYSTICK_Config
                0x0800191a       0x18 ./Drivers/STM32WBxx_HAL_Driver/Src/stm32wbxx_hal_cortex.o
                0x0800191a                HAL_SYSTICK_Config
 *fill*         0x08001932        0x2 
 .text.HAL_FLASH_Program
                0x08001934       0x88 ./Drivers/STM32WBxx_HAL_Driver/Src/stm32wbxx_hal_flash.o
                0x08001934                HAL_FLASH_Program
 .text.HAL_FLASH_Unlock
                0x080019bc       0x44 ./Drivers/STM32WBxx_HAL_Driver/Src/stm32wbxx_hal_flash.o
                0x080019bc                HAL_FLASH_Unlock
 .text.HAL_FLASH_Lock
                0x08001a00       0x34 ./Drivers/STM32WBxx_HAL_Driver/Src/stm32wbxx_hal_flash.o
                0x08001a00                HAL_FLASH_Lock
 .text.FLASH_WaitForLastOperation
                0x08001a34       0xdc ./Drivers/STM32WBxx_HAL_Driver/Src/stm32wbxx_hal_flash.o
                0x08001a34                FLASH_WaitForLastOperation
 .text.FLASH_Program_DoubleWord
                0x08001b10       0x4c ./Drivers/STM32WBxx_HAL_Driver/Src/stm32wbxx_hal_flash.o
 .text.HAL_FLASHEx_Erase
                0x08001b5c       0xa0 ./Drivers/STM32WBxx_HAL_Driver/Src/stm32wbxx_hal_flash_ex.o
                0x08001b5c                HAL_FLASHEx_Erase
 .text.FLASH_PageErase
                0x08001bfc       0x34 ./Drivers/STM32WBxx_HAL_Driver/Src/stm32wbxx_hal_flash_ex.o
                0x08001bfc                FLASH_PageErase
 .text.FLASH_FlushCaches
                0x08001c30       0x90 ./Drivers/STM32WBxx_HAL_Driver/Src/stm32wbxx_hal_flash_ex.o
 .text.FLASH_AcknowledgePageErase
                0x08001cc0       0x24 ./Drivers/STM32WBxx_HAL_Driver/Src/stm32wbxx_hal_flash_ex.o
 .text.HAL_GPIO_Init
                0x08001ce4      0x2e0 ./Drivers/STM32WBxx_HAL_Driver/Src/stm32wbxx_hal_gpio.o
                0x08001ce4                HAL_GPIO_Init
 .text.HAL_GPIO_WritePin
                0x08001fc4       0x30 ./Drivers/STM32WBxx_HAL_Driver/Src/stm32wbxx_hal_gpio.o
                0x08001fc4                HAL_GPIO_WritePin
 .text.HAL_GPIO_TogglePin
                0x08001ff4       0x34 ./Drivers/STM32WBxx_HAL_Driver/Src/stm32wbxx_hal_gpio.o
                0x08001ff4                HAL_GPIO_TogglePin
 .text.HAL_PWR_EnableBkUpAccess
                0x08002028       0x20 ./Drivers/STM32WBxx_HAL_Driver/Src/stm32wbxx_hal_pwr.o
                0x08002028                HAL_PWR_EnableBkUpAccess
 .text.HAL_PWREx_GetVoltageRange
                0x08002048       0x1c ./Drivers/STM32WBxx_HAL_Driver/Src/stm32wbxx_hal_pwr_ex.o
                0x08002048                HAL_PWREx_GetVoltageRange
 .text.LL_RCC_HSE_IsEnabledDiv2
                0x08002064       0x24 ./Drivers/STM32WBxx_HAL_Driver/Src/stm32wbxx_hal_rcc.o
 .text.LL_RCC_HSE_Enable
                0x08002088       0x1e ./Drivers/STM32WBxx_HAL_Driver/Src/stm32wbxx_hal_rcc.o
 .text.LL_RCC_HSE_Disable
                0x080020a6       0x1e ./Drivers/STM32WBxx_HAL_Driver/Src/stm32wbxx_hal_rcc.o
 .text.LL_RCC_HSE_IsReady
                0x080020c4       0x24 ./Drivers/STM32WBxx_HAL_Driver/Src/stm32wbxx_hal_rcc.o
 .text.LL_RCC_HSI_Enable
                0x080020e8       0x1e ./Drivers/STM32WBxx_HAL_Driver/Src/stm32wbxx_hal_rcc.o
 .text.LL_RCC_HSI_Disable
                0x08002106       0x1e ./Drivers/STM32WBxx_HAL_Driver/Src/stm32wbxx_hal_rcc.o
 .text.LL_RCC_HSI_IsReady
                0x08002124       0x24 ./Drivers/STM32WBxx_HAL_Driver/Src/stm32wbxx_hal_rcc.o
 .text.LL_RCC_HSI_SetCalibTrimming
                0x08002148       0x2a ./Drivers/STM32WBxx_HAL_Driver/Src/stm32wbxx_hal_rcc.o
 .text.LL_RCC_HSI48_Enable
                0x08002172       0x22 ./Drivers/STM32WBxx_HAL_Driver/Src/stm32wbxx_hal_rcc.o
 .text.LL_RCC_HSI48_Disable
                0x08002194       0x22 ./Drivers/STM32WBxx_HAL_Driver/Src/stm32wbxx_hal_rcc.o
 .text.LL_RCC_HSI48_IsReady
                0x080021b6       0x24 ./Drivers/STM32WBxx_HAL_Driver/Src/stm32wbxx_hal_rcc.o
 .text.LL_RCC_LSE_Enable
                0x080021da       0x22 ./Drivers/STM32WBxx_HAL_Driver/Src/stm32wbxx_hal_rcc.o
 .text.LL_RCC_LSE_Disable
                0x080021fc       0x22 ./Drivers/STM32WBxx_HAL_Driver/Src/stm32wbxx_hal_rcc.o
 .text.LL_RCC_LSE_EnableBypass
                0x0800221e       0x22 ./Drivers/STM32WBxx_HAL_Driver/Src/stm32wbxx_hal_rcc.o
 .text.LL_RCC_LSE_DisableBypass
                0x08002240       0x22 ./Drivers/STM32WBxx_HAL_Driver/Src/stm32wbxx_hal_rcc.o
 .text.LL_RCC_LSE_IsReady
                0x08002262       0x24 ./Drivers/STM32WBxx_HAL_Driver/Src/stm32wbxx_hal_rcc.o
 .text.LL_RCC_LSI1_Enable
                0x08002286       0x22 ./Drivers/STM32WBxx_HAL_Driver/Src/stm32wbxx_hal_rcc.o
 .text.LL_RCC_LSI1_Disable
                0x080022a8       0x22 ./Drivers/STM32WBxx_HAL_Driver/Src/stm32wbxx_hal_rcc.o
 .text.LL_RCC_LSI1_IsReady
                0x080022ca       0x24 ./Drivers/STM32WBxx_HAL_Driver/Src/stm32wbxx_hal_rcc.o
 .text.LL_RCC_LSI2_Enable
                0x080022ee       0x22 ./Drivers/STM32WBxx_HAL_Driver/Src/stm32wbxx_hal_rcc.o
 .text.LL_RCC_LSI2_Disable
                0x08002310       0x22 ./Drivers/STM32WBxx_HAL_Driver/Src/stm32wbxx_hal_rcc.o
 .text.LL_RCC_LSI2_IsReady
                0x08002332       0x24 ./Drivers/STM32WBxx_HAL_Driver/Src/stm32wbxx_hal_rcc.o
 .text.LL_RCC_LSI2_SetTrimming
                0x08002356       0x2e ./Drivers/STM32WBxx_HAL_Driver/Src/stm32wbxx_hal_rcc.o
 .text.LL_RCC_MSI_Enable
                0x08002384       0x1e ./Drivers/STM32WBxx_HAL_Driver/Src/stm32wbxx_hal_rcc.o
 .text.LL_RCC_MSI_Disable
                0x080023a2       0x1e ./Drivers/STM32WBxx_HAL_Driver/Src/stm32wbxx_hal_rcc.o
 .text.LL_RCC_MSI_IsReady
                0x080023c0       0x22 ./Drivers/STM32WBxx_HAL_Driver/Src/stm32wbxx_hal_rcc.o
 .text.LL_RCC_MSI_SetRange
                0x080023e2       0x28 ./Drivers/STM32WBxx_HAL_Driver/Src/stm32wbxx_hal_rcc.o
 .text.LL_RCC_MSI_GetRange
                0x0800240a       0x2a ./Drivers/STM32WBxx_HAL_Driver/Src/stm32wbxx_hal_rcc.o
 .text.LL_RCC_MSI_SetCalibTrimming
                0x08002434       0x2a ./Drivers/STM32WBxx_HAL_Driver/Src/stm32wbxx_hal_rcc.o
 .text.LL_RCC_SetSysClkSource
                0x0800245e       0x28 ./Drivers/STM32WBxx_HAL_Driver/Src/stm32wbxx_hal_rcc.o
 .text.LL_RCC_GetSysClkSource
                0x08002486       0x18 ./Drivers/STM32WBxx_HAL_Driver/Src/stm32wbxx_hal_rcc.o
 .text.LL_RCC_SetAHBPrescaler
                0x0800249e       0x28 ./Drivers/STM32WBxx_HAL_Driver/Src/stm32wbxx_hal_rcc.o
 .text.LL_C2_RCC_SetAHBPrescaler
                0x080024c6       0x2c ./Drivers/STM32WBxx_HAL_Driver/Src/stm32wbxx_hal_rcc.o
 .text.LL_RCC_SetAHB4Prescaler
                0x080024f2       0x2e ./Drivers/STM32WBxx_HAL_Driver/Src/stm32wbxx_hal_rcc.o
 .text.LL_RCC_SetAPB1Prescaler
                0x08002520       0x28 ./Drivers/STM32WBxx_HAL_Driver/Src/stm32wbxx_hal_rcc.o
 .text.LL_RCC_SetAPB2Prescaler
                0x08002548       0x28 ./Drivers/STM32WBxx_HAL_Driver/Src/stm32wbxx_hal_rcc.o
 .text.LL_RCC_GetAHBPrescaler
                0x08002570       0x18 ./Drivers/STM32WBxx_HAL_Driver/Src/stm32wbxx_hal_rcc.o
 .text.LL_RCC_GetAHB4Prescaler
                0x08002588       0x1c ./Drivers/STM32WBxx_HAL_Driver/Src/stm32wbxx_hal_rcc.o
 .text.LL_RCC_GetAPB1Prescaler
                0x080025a4       0x18 ./Drivers/STM32WBxx_HAL_Driver/Src/stm32wbxx_hal_rcc.o
 .text.LL_RCC_GetAPB2Prescaler
                0x080025bc       0x18 ./Drivers/STM32WBxx_HAL_Driver/Src/stm32wbxx_hal_rcc.o
 .text.LL_RCC_PLL_Enable
                0x080025d4       0x1e ./Drivers/STM32WBxx_HAL_Driver/Src/stm32wbxx_hal_rcc.o
 .text.LL_RCC_PLL_Disable
                0x080025f2       0x1e ./Drivers/STM32WBxx_HAL_Driver/Src/stm32wbxx_hal_rcc.o
 .text.LL_RCC_PLL_IsReady
                0x08002610       0x24 ./Drivers/STM32WBxx_HAL_Driver/Src/stm32wbxx_hal_rcc.o
 .text.LL_RCC_PLL_GetN
                0x08002634       0x1a ./Drivers/STM32WBxx_HAL_Driver/Src/stm32wbxx_hal_rcc.o
 .text.LL_RCC_PLL_GetR
                0x0800264e       0x18 ./Drivers/STM32WBxx_HAL_Driver/Src/stm32wbxx_hal_rcc.o
 .text.LL_RCC_PLL_GetDivider
                0x08002666       0x18 ./Drivers/STM32WBxx_HAL_Driver/Src/stm32wbxx_hal_rcc.o
 .text.LL_RCC_PLL_GetMainSource
                0x0800267e       0x18 ./Drivers/STM32WBxx_HAL_Driver/Src/stm32wbxx_hal_rcc.o
 .text.LL_RCC_IsActiveFlag_HPRE
                0x08002696       0x24 ./Drivers/STM32WBxx_HAL_Driver/Src/stm32wbxx_hal_rcc.o
 .text.LL_RCC_IsActiveFlag_C2HPRE
                0x080026ba       0x26 ./Drivers/STM32WBxx_HAL_Driver/Src/stm32wbxx_hal_rcc.o
 .text.LL_RCC_IsActiveFlag_SHDHPRE
                0x080026e0       0x26 ./Drivers/STM32WBxx_HAL_Driver/Src/stm32wbxx_hal_rcc.o
 .text.LL_RCC_IsActiveFlag_PPRE1
                0x08002706       0x24 ./Drivers/STM32WBxx_HAL_Driver/Src/stm32wbxx_hal_rcc.o
 .text.LL_RCC_IsActiveFlag_PPRE2
                0x0800272a       0x24 ./Drivers/STM32WBxx_HAL_Driver/Src/stm32wbxx_hal_rcc.o
 *fill*         0x0800274e        0x2 
 .text.HAL_RCC_OscConfig
                0x08002750      0x6e8 ./Drivers/STM32WBxx_HAL_Driver/Src/stm32wbxx_hal_rcc.o
                0x08002750                HAL_RCC_OscConfig
 .text.HAL_RCC_ClockConfig
                0x08002e38      0x280 ./Drivers/STM32WBxx_HAL_Driver/Src/stm32wbxx_hal_rcc.o
                0x08002e38                HAL_RCC_ClockConfig
 .text.HAL_RCC_GetSysClockFreq
                0x080030b8       0xd8 ./Drivers/STM32WBxx_HAL_Driver/Src/stm32wbxx_hal_rcc.o
                0x080030b8                HAL_RCC_GetSysClockFreq
 .text.HAL_RCC_GetHCLKFreq
                0x08003190       0x28 ./Drivers/STM32WBxx_HAL_Driver/Src/stm32wbxx_hal_rcc.o
                0x08003190                HAL_RCC_GetHCLKFreq
 .text.HAL_RCC_GetPCLK1Freq
                0x080031b8       0x2c ./Drivers/STM32WBxx_HAL_Driver/Src/stm32wbxx_hal_rcc.o
                0x080031b8                HAL_RCC_GetPCLK1Freq
 .text.HAL_RCC_GetPCLK2Freq
                0x080031e4       0x2c ./Drivers/STM32WBxx_HAL_Driver/Src/stm32wbxx_hal_rcc.o
                0x080031e4                HAL_RCC_GetPCLK2Freq
 .text.RCC_SetFlashLatencyFromMSIRange
                0x08003210       0x70 ./Drivers/STM32WBxx_HAL_Driver/Src/stm32wbxx_hal_rcc.o
 .text.RCC_SetFlashLatency
                0x08003280       0xf8 ./Drivers/STM32WBxx_HAL_Driver/Src/stm32wbxx_hal_rcc.o
 .text.LL_RCC_LSE_IsEnabled
                0x08003378       0x24 ./Drivers/STM32WBxx_HAL_Driver/Src/stm32wbxx_hal_rcc_ex.o
 .text.LL_RCC_LSE_IsReady
                0x0800339c       0x24 ./Drivers/STM32WBxx_HAL_Driver/Src/stm32wbxx_hal_rcc_ex.o
 .text.LL_RCC_SetRFWKPClockSource
                0x080033c0       0x2c ./Drivers/STM32WBxx_HAL_Driver/Src/stm32wbxx_hal_rcc_ex.o
 .text.LL_RCC_SetSMPSClockSource
                0x080033ec       0x28 ./Drivers/STM32WBxx_HAL_Driver/Src/stm32wbxx_hal_rcc_ex.o
 .text.LL_RCC_SetSMPSPrescaler
                0x08003414       0x28 ./Drivers/STM32WBxx_HAL_Driver/Src/stm32wbxx_hal_rcc_ex.o
 .text.LL_RCC_SetUSARTClockSource
                0x0800343c       0x2c ./Drivers/STM32WBxx_HAL_Driver/Src/stm32wbxx_hal_rcc_ex.o
 .text.LL_RCC_SetLPUARTClockSource
                0x08003468       0x2c ./Drivers/STM32WBxx_HAL_Driver/Src/stm32wbxx_hal_rcc_ex.o
 .text.LL_RCC_SetI2CClockSource
                0x08003494       0x3a ./Drivers/STM32WBxx_HAL_Driver/Src/stm32wbxx_hal_rcc_ex.o
 .text.LL_RCC_SetLPTIMClockSource
                0x080034ce       0x34 ./Drivers/STM32WBxx_HAL_Driver/Src/stm32wbxx_hal_rcc_ex.o
 .text.LL_RCC_SetSAIClockSource
                0x08003502       0x2c ./Drivers/STM32WBxx_HAL_Driver/Src/stm32wbxx_hal_rcc_ex.o
 .text.LL_RCC_SetRNGClockSource
                0x0800352e       0x2c ./Drivers/STM32WBxx_HAL_Driver/Src/stm32wbxx_hal_rcc_ex.o
 .text.LL_RCC_SetCLK48ClockSource
                0x0800355a       0x2c ./Drivers/STM32WBxx_HAL_Driver/Src/stm32wbxx_hal_rcc_ex.o
 .text.LL_RCC_SetUSBClockSource
                0x08003586       0x16 ./Drivers/STM32WBxx_HAL_Driver/Src/stm32wbxx_hal_rcc_ex.o
 .text.LL_RCC_SetADCClockSource
                0x0800359c       0x2c ./Drivers/STM32WBxx_HAL_Driver/Src/stm32wbxx_hal_rcc_ex.o
 .text.LL_RCC_SetRTCClockSource
                0x080035c8       0x2c ./Drivers/STM32WBxx_HAL_Driver/Src/stm32wbxx_hal_rcc_ex.o
 .text.LL_RCC_GetRTCClockSource
                0x080035f4       0x1a ./Drivers/STM32WBxx_HAL_Driver/Src/stm32wbxx_hal_rcc_ex.o
 .text.LL_RCC_ForceBackupDomainReset
                0x0800360e       0x22 ./Drivers/STM32WBxx_HAL_Driver/Src/stm32wbxx_hal_rcc_ex.o
 .text.LL_RCC_ReleaseBackupDomainReset
                0x08003630       0x22 ./Drivers/STM32WBxx_HAL_Driver/Src/stm32wbxx_hal_rcc_ex.o
 .text.LL_RCC_PLLSAI1_Enable
                0x08003652       0x1e ./Drivers/STM32WBxx_HAL_Driver/Src/stm32wbxx_hal_rcc_ex.o
 .text.LL_RCC_PLLSAI1_Disable
                0x08003670       0x1e ./Drivers/STM32WBxx_HAL_Driver/Src/stm32wbxx_hal_rcc_ex.o
 .text.LL_RCC_PLLSAI1_IsReady
                0x0800368e       0x24 ./Drivers/STM32WBxx_HAL_Driver/Src/stm32wbxx_hal_rcc_ex.o
 .text.HAL_RCCEx_PeriphCLKConfig
                0x080036b2      0x2ec ./Drivers/STM32WBxx_HAL_Driver/Src/stm32wbxx_hal_rcc_ex.o
                0x080036b2                HAL_RCCEx_PeriphCLKConfig
 .text.RCCEx_PLLSAI1_ConfigNP
                0x0800399e       0xb6 ./Drivers/STM32WBxx_HAL_Driver/Src/stm32wbxx_hal_rcc_ex.o
 .text.RCCEx_PLLSAI1_ConfigNQ
                0x08003a54       0xb6 ./Drivers/STM32WBxx_HAL_Driver/Src/stm32wbxx_hal_rcc_ex.o
 .text.RCCEx_PLLSAI1_ConfigNR
                0x08003b0a       0xb6 ./Drivers/STM32WBxx_HAL_Driver/Src/stm32wbxx_hal_rcc_ex.o
 .text.LL_RCC_GetUSARTClockSource
                0x08003bc0       0x20 ./Drivers/STM32WBxx_HAL_Driver/Src/stm32wbxx_hal_uart.o
 .text.LL_RCC_GetLPUARTClockSource
                0x08003be0       0x20 ./Drivers/STM32WBxx_HAL_Driver/Src/stm32wbxx_hal_uart.o
 .text.HAL_UART_Init
                0x08003c00       0xa0 ./Drivers/STM32WBxx_HAL_Driver/Src/stm32wbxx_hal_uart.o
                0x08003c00                HAL_UART_Init
 .text.HAL_UART_Transmit
                0x08003ca0      0x11c ./Drivers/STM32WBxx_HAL_Driver/Src/stm32wbxx_hal_uart.o
                0x08003ca0                HAL_UART_Transmit
 .text.HAL_UART_Receive
                0x08003dbc      0x190 ./Drivers/STM32WBxx_HAL_Driver/Src/stm32wbxx_hal_uart.o
                0x08003dbc                HAL_UART_Receive
 .text.UART_SetConfig
                0x08003f4c      0x450 ./Drivers/STM32WBxx_HAL_Driver/Src/stm32wbxx_hal_uart.o
                0x08003f4c                UART_SetConfig
 .text.UART_AdvFeatureConfig
                0x0800439c      0x144 ./Drivers/STM32WBxx_HAL_Driver/Src/stm32wbxx_hal_uart.o
                0x0800439c                UART_AdvFeatureConfig
 .text.UART_CheckIdleState
                0x080044e0      0x154 ./Drivers/STM32WBxx_HAL_Driver/Src/stm32wbxx_hal_uart.o
                0x080044e0                UART_CheckIdleState
 .text.UART_WaitOnFlagUntilTimeout
                0x08004634       0xda ./Drivers/STM32WBxx_HAL_Driver/Src/stm32wbxx_hal_uart.o
                0x08004634                UART_WaitOnFlagUntilTimeout
 .text.UART_EndRxTransfer
                0x0800470e       0xcc ./Drivers/STM32WBxx_HAL_Driver/Src/stm32wbxx_hal_uart.o
 .text.HAL_UARTEx_DisableFifoMode
                0x080047da       0x72 ./Drivers/STM32WBxx_HAL_Driver/Src/stm32wbxx_hal_uart_ex.o
                0x080047da                HAL_UARTEx_DisableFifoMode
 .text.HAL_UARTEx_SetTxFifoThreshold
                0x0800484c       0x7c ./Drivers/STM32WBxx_HAL_Driver/Src/stm32wbxx_hal_uart_ex.o
                0x0800484c                HAL_UARTEx_SetTxFifoThreshold
 .text.HAL_UARTEx_SetRxFifoThreshold
                0x080048c8       0x7c ./Drivers/STM32WBxx_HAL_Driver/Src/stm32wbxx_hal_uart_ex.o
                0x080048c8                HAL_UARTEx_SetRxFifoThreshold
 .text.UARTEx_SetNbDataToProcess
                0x08004944       0x9c ./Drivers/STM32WBxx_HAL_Driver/Src/stm32wbxx_hal_uart_ex.o
 .text.std      0x080049e0       0x6c /opt/st/stm32cubeide_1.19.0/plugins/com.st.stm32cube.ide.mcu.externaltools.gnu-tools-for-stm32.13.3.rel1.linux64_1.0.0.202410170706/tools/bin/../lib/gcc/arm-none-eabi/13.3.1/../../../../arm-none-eabi/lib/thumb/v7e-m+fp/hard/libc_nano.a(libc_a-findfp.o)
 .text.stdio_exit_handler
                0x08004a4c       0x18 /opt/st/stm32cubeide_1.19.0/plugins/com.st.stm32cube.ide.mcu.externaltools.gnu-tools-for-stm32.13.3.rel1.linux64_1.0.0.202410170706/tools/bin/../lib/gcc/arm-none-eabi/13.3.1/../../../../arm-none-eabi/lib/thumb/v7e-m+fp/hard/libc_nano.a(libc_a-findfp.o)
 .text.cleanup_stdio
                0x08004a64       0x40 /opt/st/stm32cubeide_1.19.0/plugins/com.st.stm32cube.ide.mcu.externaltools.gnu-tools-for-stm32.13.3.rel1.linux64_1.0.0.202410170706/tools/bin/../lib/gcc/arm-none-eabi/13.3.1/../../../../arm-none-eabi/lib/thumb/v7e-m+fp/hard/libc_nano.a(libc_a-findfp.o)
 .text.global_stdio_init.part.0
                0x08004aa4       0x3c /opt/st/stm32cubeide_1.19.0/plugins/com.st.stm32cube.ide.mcu.externaltools.gnu-tools-for-stm32.13.3.rel1.linux64_1.0.0.202410170706/tools/bin/../lib/gcc/arm-none-eabi/13.3.1/../../../../arm-none-eabi/lib/thumb/v7e-m+fp/hard/libc_nano.a(libc_a-findfp.o)
 .text.__sfp_lock_acquire
                0x08004ae0        0xc /opt/st/stm32cubeide_1.19.0/plugins/com.st.stm32cube.ide.mcu.externaltools.gnu-tools-for-stm32.13.3.rel1.linux64_1.0.0.202410170706/tools/bin/../lib/gcc/arm-none-eabi/13.3.1/../../../../arm-none-eabi/lib/thumb/v7e-m+fp/hard/libc_nano.a(libc_a-findfp.o)
                0x08004ae0                __sfp_lock_acquire
 .text.__sfp_lock_release
                0x08004aec        0xc /opt/st/stm32cubeide_1.19.0/plugins/com.st.stm32cube.ide.mcu.externaltools.gnu-tools-for-stm32.13.3.rel1.linux64_1.0.0.202410170706/tools/bin/../lib/gcc/arm-none-eabi/13.3.1/../../../../arm-none-eabi/lib/thumb/v7e-m+fp/hard/libc_nano.a(libc_a-findfp.o)
                0x08004aec                __sfp_lock_release
 .text.__sinit  0x08004af8       0x30 /opt/st/stm32cubeide_1.19.0/plugins/com.st.stm32cube.ide.mcu.externaltools.gnu-tools-for-stm32.13.3.rel1.linux64_1.0.0.202410170706/tools/bin/../lib/gcc/arm-none-eabi/13.3.1/../../../../arm-none-eabi/lib/thumb/v7e-m+fp/hard/libc_nano.a(libc_a-findfp.o)
                0x08004af8                __sinit
 .text._fwalk_sglue
                0x08004b28       0x3c /opt/st/stm32cubeide_1.19.0/plugins/com.st.stm32cube.ide.mcu.externaltools.gnu-tools-for-stm32.13.3.rel1.linux64_1.0.0.202410170706/tools/bin/../lib/gcc/arm-none-eabi/13.3.1/../../../../arm-none-eabi/lib/thumb/v7e-m+fp/hard/libc_nano.a(libc_a-fwalk.o)
                0x08004b28                _fwalk_sglue
 .text.printf   0x08004b64       0x24 /opt/st/stm32cubeide_1.19.0/plugins/com.st.stm32cube.ide.mcu.externaltools.gnu-tools-for-stm32.13.3.rel1.linux64_1.0.0.202410170706/tools/bin/../lib/gcc/arm-none-eabi/13.3.1/../../../../arm-none-eabi/lib/thumb/v7e-m+fp/hard/libc_nano.a(libc_a-printf.o)
                0x08004b64                printf
                0x08004b64                iprintf
 .text._puts_r  0x08004b88       0xaa /opt/st/stm32cubeide_1.19.0/plugins/com.st.stm32cube.ide.mcu.externaltools.gnu-tools-for-stm32.13.3.rel1.linux64_1.0.0.202410170706/tools/bin/../lib/gcc/arm-none-eabi/13.3.1/../../../../arm-none-eabi/lib/thumb/v7e-m+fp/hard/libc_nano.a(libc_a-puts.o)
                0x08004b88                _puts_r
 *fill*         0x08004c32        0x2 
 .text.puts     0x08004c34       0x10 /opt/st/stm32cubeide_1.19.0/plugins/com.st.stm32cube.ide.mcu.externaltools.gnu-tools-for-stm32.13.3.rel1.linux64_1.0.0.202410170706/tools/bin/../lib/gcc/arm-none-eabi/13.3.1/../../../../arm-none-eabi/lib/thumb/v7e-m+fp/hard/libc_nano.a(libc_a-puts.o)
                0x08004c34                puts
 .text.__sread  0x08004c44       0x22 /opt/st/stm32cubeide_1.19.0/plugins/com.st.stm32cube.ide.mcu.externaltools.gnu-tools-for-stm32.13.3.rel1.linux64_1.0.0.202410170706/tools/bin/../lib/gcc/arm-none-eabi/13.3.1/../../../../arm-none-eabi/lib/thumb/v7e-m+fp/hard/libc_nano.a(libc_a-stdio.o)
                0x08004c44                __sread
 .text.__swrite
                0x08004c66       0x38 /opt/st/stm32cubeide_1.19.0/plugins/com.st.stm32cube.ide.mcu.externaltools.gnu-tools-for-stm32.13.3.rel1.linux64_1.0.0.202410170706/tools/bin/../lib/gcc/arm-none-eabi/13.3.1/../../../../arm-none-eabi/lib/thumb/v7e-m+fp/hard/libc_nano.a(libc_a-stdio.o)
                0x08004c66                __swrite
 .text.__sseek  0x08004c9e       0x24 /opt/st/stm32cubeide_1.19.0/plugins/com.st.stm32cube.ide.mcu.externaltools.gnu-tools-for-stm32.13.3.rel1.linux64_1.0.0.202410170706/tools/bin/../lib/gcc/arm-none-eabi/13.3.1/../../../../arm-none-eabi/lib/thumb/v7e-m+fp/hard/libc_nano.a(libc_a-stdio.o)
                0x08004c9e                __sseek
 .text.__sclose
                0x08004cc2        0x8 /opt/st/stm32cubeide_1.19.0/plugins/com.st.stm32cube.ide.mcu.externaltools.gnu-tools-for-stm32.13.3.rel1.linux64_1.0.0.202410170706/tools/bin/../lib/gcc/arm-none-eabi/13.3.1/../../../../arm-none-eabi/lib/thumb/v7e-m+fp/hard/libc_nano.a(libc_a-stdio.o)
                0x08004cc2                __sclose
 .text.__swbuf_r
                0x08004cca       0x7c /opt/st/stm32cubeide_1.19.0/plugins/com.st.stm32cube.ide.mcu.externaltools.gnu-tools-for-stm32.13.3.rel1.linux64_1.0.0.202410170706/tools/bin/../lib/gcc/arm-none-eabi/13.3.1/../../../../arm-none-eabi/lib/thumb/v7e-m+fp/hard/libc_nano.a(libc_a-wbuf.o)
                0x08004cca                __swbuf_r
 *fill*         0x08004d46        0x2 
 .text.__swsetup_r
                0x08004d48       0xac /opt/st/stm32cubeide_1.19.0/plugins/com.st.stm32cube.ide.mcu.externaltools.gnu-tools-for-stm32.13.3.rel1.linux64_1.0.0.202410170706/tools/bin/../lib/gcc/arm-none-eabi/13.3.1/../../../../arm-none-eabi/lib/thumb/v7e-m+fp/hard/libc_nano.a(libc_a-wsetup.o)
                0x08004d48                __swsetup_r
 .text.memset   0x08004df4       0x10 /opt/st/stm32cubeide_1.19.0/plugins/com.st.stm32cube.ide.mcu.externaltools.gnu-tools-for-stm32.13.3.rel1.linux64_1.0.0.202410170706/tools/bin/../lib/gcc/arm-none-eabi/13.3.1/../../../../arm-none-eabi/lib/thumb/v7e-m+fp/hard/libc_nano.a(libc_a-memset.o)
                0x08004df4                memset
 .text._close_r
                0x08004e04       0x20 /opt/st/stm32cubeide_1.19.0/plugins/com.st.stm32cube.ide.mcu.externaltools.gnu-tools-for-stm32.13.3.rel1.linux64_1.0.0.202410170706/tools/bin/../lib/gcc/arm-none-eabi/13.3.1/../../../../arm-none-eabi/lib/thumb/v7e-m+fp/hard/libc_nano.a(libc_a-closer.o)
                0x08004e04                _close_r
 .text._lseek_r
                0x08004e24       0x24 /opt/st/stm32cubeide_1.19.0/plugins/com.st.stm32cube.ide.mcu.externaltools.gnu-tools-for-stm32.13.3.rel1.linux64_1.0.0.202410170706/tools/bin/../lib/gcc/arm-none-eabi/13.3.1/../../../../arm-none-eabi/lib/thumb/v7e-m+fp/hard/libc_nano.a(libc_a-lseekr.o)
                0x08004e24                _lseek_r
 .text._read_r  0x08004e48       0x24 /opt/st/stm32cubeide_1.19.0/plugins/com.st.stm32cube.ide.mcu.externaltools.gnu-tools-for-stm32.13.3.rel1.linux64_1.0.0.202410170706/tools/bin/../lib/gcc/arm-none-eabi/13.3.1/../../../../arm-none-eabi/lib/thumb/v7e-m+fp/hard/libc_nano.a(libc_a-readr.o)
                0x08004e48                _read_r
 .text._write_r
                0x08004e6c       0x24 /opt/st/stm32cubeide_1.19.0/plugins/com.st.stm32cube.ide.mcu.externaltools.gnu-tools-for-stm32.13.3.rel1.linux64_1.0.0.202410170706/tools/bin/../lib/gcc/arm-none-eabi/13.3.1/../../../../arm-none-eabi/lib/thumb/v7e-m+fp/hard/libc_nano.a(libc_a-writer.o)
                0x08004e6c                _write_r
 .text.__errno  0x08004e90        0xc /opt/st/stm32cubeide_1.19.0/plugins/com.st.stm32cube.ide.mcu.externaltools.gnu-tools-for-stm32.13.3.rel1.linux64_1.0.0.202410170706/tools/bin/../lib/gcc/arm-none-eabi/13.3.1/../../../../arm-none-eabi/lib/thumb/v7e-m+fp/hard/libc_nano.a(libc_a-errno.o)
                0x08004e90                __errno
 .text.__libc_init_array
                0x08004e9c       0x48 /opt/st/stm32cubeide_1.19.0/plugins/com.st.stm32cube.ide.mcu.externaltools.gnu-tools-for-stm32.13.3.rel1.linux64_1.0.0.202410170706/tools/bin/../lib/gcc/arm-none-eabi/13.3.1/../../../../arm-none-eabi/lib/thumb/v7e-m+fp/hard/libc_nano.a(libc_a-init.o)
                0x08004e9c                __libc_init_array
 .text.__retarget_lock_init_recursive
                0x08004ee4        0x2 /opt/st/stm32cubeide_1.19.0/plugins/com.st.stm32cube.ide.mcu.externaltools.gnu-tools-for-stm32.13.3.rel1.linux64_1.0.0.202410170706/tools/bin/../lib/gcc/arm-none-eabi/13.3.1/../../../../arm-none-eabi/lib/thumb/v7e-m+fp/hard/libc_nano.a(libc_a-lock.o)
                0x08004ee4                __retarget_lock_init_recursive
 .text.__retarget_lock_acquire_recursive
                0x08004ee6        0x2 /opt/st/stm32cubeide_1.19.0/plugins/com.st.stm32cube.ide.mcu.externaltools.gnu-tools-for-stm32.13.3.rel1.linux64_1.0.0.202410170706/tools/bin/../lib/gcc/arm-none-eabi/13.3.1/../../../../arm-none-eabi/lib/thumb/v7e-m+fp/hard/libc_nano.a(libc_a-lock.o)
                0x08004ee6                __retarget_lock_acquire_recursive
 .text.__retarget_lock_release_recursive
                0x08004ee8        0x2 /opt/st/stm32cubeide_1.19.0/plugins/com.st.stm32cube.ide.mcu.externaltools.gnu-tools-for-stm32.13.3.rel1.linux64_1.0.0.202410170706/tools/bin/../lib/gcc/arm-none-eabi/13.3.1/../../../../arm-none-eabi/lib/thumb/v7e-m+fp/hard/libc_nano.a(libc_a-lock.o)
                0x08004ee8                __retarget_lock_release_recursive
 *fill*         0x08004eea        0x2 
 .text._free_r  0x08004eec       0x94 /opt/st/stm32cubeide_1.19.0/plugins/com.st.stm32cube.ide.mcu.externaltools.gnu-tools-for-stm32.13.3.rel1.linux64_1.0.0.202410170706/tools/bin/../lib/gcc/arm-none-eabi/13.3.1/../../../../arm-none-eabi/lib/thumb/v7e-m+fp/hard/libc_nano.a(libc_a-freer.o)
                0x08004eec                _free_r
 .text.sbrk_aligned
                0x08004f80       0x44 /opt/st/stm32cubeide_1.19.0/plugins/com.st.stm32cube.ide.mcu.externaltools.gnu-tools-for-stm32.13.3.rel1.linux64_1.0.0.202410170706/tools/bin/../lib/gcc/arm-none-eabi/13.3.1/../../../../arm-none-eabi/lib/thumb/v7e-m+fp/hard/libc_nano.a(libc_a-mallocr.o)
 .text._malloc_r
                0x08004fc4      0x100 /opt/st/stm32cubeide_1.19.0/plugins/com.st.stm32cube.ide.mcu.externaltools.gnu-tools-for-stm32.13.3.rel1.linux64_1.0.0.202410170706/tools/bin/../lib/gcc/arm-none-eabi/13.3.1/../../../../arm-none-eabi/lib/thumb/v7e-m+fp/hard/libc_nano.a(libc_a-mallocr.o)
                0x08004fc4                _malloc_r
 .text.__malloc_lock
                0x080050c4        0xc /opt/st/stm32cubeide_1.19.0/plugins/com.st.stm32cube.ide.mcu.externaltools.gnu-tools-for-stm32.13.3.rel1.linux64_1.0.0.202410170706/tools/bin/../lib/gcc/arm-none-eabi/13.3.1/../../../../arm-none-eabi/lib/thumb/v7e-m+fp/hard/libc_nano.a(libc_a-mlock.o)
                0x080050c4                __malloc_lock
 .text.__malloc_unlock
                0x080050d0        0xc /opt/st/stm32cubeide_1.19.0/plugins/com.st.stm32cube.ide.mcu.externaltools.gnu-tools-for-stm32.13.3.rel1.linux64_1.0.0.202410170706/tools/bin/../lib/gcc/arm-none-eabi/13.3.1/../../../../arm-none-eabi/lib/thumb/v7e-m+fp/hard/libc_nano.a(libc_a-mlock.o)
                0x080050d0                __malloc_unlock
 .text.__sfputc_r
                0x080050dc       0x2e /opt/st/stm32cubeide_1.19.0/plugins/com.st.stm32cube.ide.mcu.externaltools.gnu-tools-for-stm32.13.3.rel1.linux64_1.0.0.202410170706/tools/bin/../lib/gcc/arm-none-eabi/13.3.1/../../../../arm-none-eabi/lib/thumb/v7e-m+fp/hard/libc_nano.a(libc_a-nano-vfprintf.o)
 .text.__sfputs_r
                0x0800510a       0x24 /opt/st/stm32cubeide_1.19.0/plugins/com.st.stm32cube.ide.mcu.externaltools.gnu-tools-for-stm32.13.3.rel1.linux64_1.0.0.202410170706/tools/bin/../lib/gcc/arm-none-eabi/13.3.1/../../../../arm-none-eabi/lib/thumb/v7e-m+fp/hard/libc_nano.a(libc_a-nano-vfprintf.o)
                0x0800510a                __sfputs_r
 *fill*         0x0800512e        0x2 
 .text._vfprintf_r
                0x08005130      0x230 /opt/st/stm32cubeide_1.19.0/plugins/com.st.stm32cube.ide.mcu.externaltools.gnu-tools-for-stm32.13.3.rel1.linux64_1.0.0.202410170706/tools/bin/../lib/gcc/arm-none-eabi/13.3.1/../../../../arm-none-eabi/lib/thumb/v7e-m+fp/hard/libc_nano.a(libc_a-nano-vfprintf.o)
                0x08005130                _vfiprintf_r
                0x08005130                _vfprintf_r
 .text._printf_common
                0x08005360       0xda /opt/st/stm32cubeide_1.19.0/plugins/com.st.stm32cube.ide.mcu.externaltools.gnu-tools-for-stm32.13.3.rel1.linux64_1.0.0.202410170706/tools/bin/../lib/gcc/arm-none-eabi/13.3.1/../../../../arm-none-eabi/lib/thumb/v7e-m+fp/hard/libc_nano.a(libc_a-nano-vfprintf_i.o)
                0x08005360                _printf_common
 *fill*         0x0800543a        0x2 
 .text._printf_i
                0x0800543c      0x23c /opt/st/stm32cubeide_1.19.0/plugins/com.st.stm32cube.ide.mcu.externaltools.gnu-tools-for-stm32.13.3.rel1.linux64_1.0.0.202410170706/tools/bin/../lib/gcc/arm-none-eabi/13.3.1/../../../../arm-none-eabi/lib/thumb/v7e-m+fp/hard/libc_nano.a(libc_a-nano-vfprintf_i.o)
                0x0800543c                _printf_i
 .text.__sflush_r
                0x08005678      0x108 /opt/st/stm32cubeide_1.19.0/plugins/com.st.stm32cube.ide.mcu.externaltools.gnu-tools-for-stm32.13.3.rel1.linux64_1.0.0.202410170706/tools/bin/../lib/gcc/arm-none-eabi/13.3.1/../../../../arm-none-eabi/lib/thumb/v7e-m+fp/hard/libc_nano.a(libc_a-fflush.o)
                0x08005678                __sflush_r
 .text._fflush_r
                0x08005780       0x50 /opt/st/stm32cubeide_1.19.0/plugins/com.st.stm32cube.ide.mcu.externaltools.gnu-tools-for-stm32.13.3.rel1.linux64_1.0.0.202410170706/tools/bin/../lib/gcc/arm-none-eabi/13.3.1/../../../../arm-none-eabi/lib/thumb/v7e-m+fp/hard/libc_nano.a(libc_a-fflush.o)
                0x08005780                _fflush_r
 .text.__swhatbuf_r
                0x080057d0       0x4c /opt/st/stm32cubeide_1.19.0/plugins/com.st.stm32cube.ide.mcu.externaltools.gnu-tools-for-stm32.13.3.rel1.linux64_1.0.0.202410170706/tools/bin/../lib/gcc/arm-none-eabi/13.3.1/../../../../arm-none-eabi/lib/thumb/v7e-m+fp/hard/libc_nano.a(libc_a-makebuf.o)
                0x080057d0                __swhatbuf_r
 .text.__smakebuf_r
                0x0800581c       0x78 /opt/st/stm32cubeide_1.19.0/plugins/com.st.stm32cube.ide.mcu.externaltools.gnu-tools-for-stm32.13.3.rel1.linux64_1.0.0.202410170706/tools/bin/../lib/gcc/arm-none-eabi/13.3.1/../../../../arm-none-eabi/lib/thumb/v7e-m+fp/hard/libc_nano.a(libc_a-makebuf.o)
                0x0800581c                __smakebuf_r
 .text._fstat_r
                0x08005894       0x24 /opt/st/stm32cubeide_1.19.0/plugins/com.st.stm32cube.ide.mcu.externaltools.gnu-tools-for-stm32.13.3.rel1.linux64_1.0.0.202410170706/tools/bin/../lib/gcc/arm-none-eabi/13.3.1/../../../../arm-none-eabi/lib/thumb/v7e-m+fp/hard/libc_nano.a(libc_a-fstatr.o)
                0x08005894                _fstat_r
 .text._isatty_r
                0x080058b8       0x20 /opt/st/stm32cubeide_1.19.0/plugins/com.st.stm32cube.ide.mcu.externaltools.gnu-tools-for-stm32.13.3.rel1.linux64_1.0.0.202410170706/tools/bin/../lib/gcc/arm-none-eabi/13.3.1/../../../../arm-none-eabi/lib/thumb/v7e-m+fp/hard/libc_nano.a(libc_a-isattyr.o)
                0x080058b8                _isatty_r
 .text._sbrk_r  0x080058d8       0x20 /opt/st/stm32cubeide_1.19.0/plugins/com.st.stm32cube.ide.mcu.externaltools.gnu-tools-for-stm32.13.3.rel1.linux64_1.0.0.202410170706/tools/bin/../lib/gcc/arm-none-eabi/13.3.1/../../../../arm-none-eabi/lib/thumb/v7e-m+fp/hard/libc_nano.a(libc_a-sbrkr.o)
                0x080058d8                _sbrk_r
 *(.glue_7)
 .glue_7        0x080058f8        0x0 linker stubs
 *(.glue_7t)
 .glue_7t       0x080058f8        0x0 linker stubs
 *(.eh_frame)
 .eh_frame      0x080058f8        0x0 /opt/st/stm32cubeide_1.19.0/plugins/com.st.stm32cube.ide.mcu.externaltools.gnu-tools-for-stm32.13.3.rel1.linux64_1.0.0.202410170706/tools/bin/../lib/gcc/arm-none-eabi/13.3.1/thumb/v7e-m+fp/hard/crtbegin.o
 *(.init)
 .init          0x080058f8        0x4 /opt/st/stm32cubeide_1.19.0/plugins/com.st.stm32cube.ide.mcu.externaltools.gnu-tools-for-stm32.13.3.rel1.linux64_1.0.0.202410170706/tools/bin/../lib/gcc/arm-none-eabi/13.3.1/thumb/v7e-m+fp/hard/crti.o
                0x080058f8                _init
 .init          0x080058fc        0x8 /opt/st/stm32cubeide_1.19.0/plugins/com.st.stm32cube.ide.mcu.externaltools.gnu-tools-for-stm32.13.3.rel1.linux64_1.0.0.202410170706/tools/bin/../lib/gcc/arm-none-eabi/13.3.1/thumb/v7e-m+fp/hard/crtn.o
 *(.fini)
 .fini          0x08005904        0x4 /opt/st/stm32cubeide_1.19.0/plugins/com.st.stm32cube.ide.mcu.externaltools.gnu-tools-for-stm32.13.3.rel1.linux64_1.0.0.202410170706/tools/bin/../lib/gcc/arm-none-eabi/13.3.1/thumb/v7e-m+fp/hard/crti.o
                0x08005904                _fini
 .fini          0x08005908        0x8 /opt/st/stm32cubeide_1.19.0/plugins/com.st.stm32cube.ide.mcu.externaltools.gnu-tools-for-stm32.13.3.rel1.linux64_1.0.0.202410170706/tools/bin/../lib/gcc/arm-none-eabi/13.3.1/thumb/v7e-m+fp/hard/crtn.o
 .fini.__stub   0x08005910        0x8 linker stubs
                0x08005918                        . = ALIGN (0x4)
                0x08005918                        _etext = .

.vfp11_veneer   0x08005918        0x0
 .vfp11_veneer  0x08005918        0x0 linker stubs

.v4_bx          0x08005918        0x0
 .v4_bx         0x08005918        0x0 linker stubs

.iplt           0x08005918        0x0
 .iplt          0x08005918        0x0 /opt/st/stm32cubeide_1.19.0/plugins/com.st.stm32cube.ide.mcu.externaltools.gnu-tools-for-stm32.13.3.rel1.linux64_1.0.0.202410170706/tools/bin/../lib/gcc/arm-none-eabi/13.3.1/thumb/v7e-m+fp/hard/crtbegin.o

.rodata         0x08005918      0x364
                0x08005918                        . = ALIGN (0x4)
 *(.rodata)
 .rodata        0x08005918      0x226 ./Core/Src/main.o
 *fill*         0x08005b3e        0x2 
 .rodata        0x08005b40       0x2c ./Drivers/STM32WBxx_HAL_Driver/Src/stm32wbxx_hal_rcc.o
 *(.rodata*)
 .rodata.AHBPrescTable
                0x08005b6c       0x40 ./Core/Src/system_stm32wbxx.o
                0x08005b6c                AHBPrescTable
 .rodata.APBPrescTable
                0x08005bac       0x20 ./Core/Src/system_stm32wbxx.o
                0x08005bac                APBPrescTable
 .rodata.MSIRangeTable
                0x08005bcc       0x40 ./Core/Src/system_stm32wbxx.o
                0x08005bcc                MSIRangeTable
 .rodata.GPIO_PIN
                0x08005c0c        0x6 ./Drivers/BSP/P-NUCLEO-WB55.Nucleo/stm32wbxx_nucleo.o
                0x08005c0c                GPIO_PIN
 *fill*         0x08005c12        0x2 
 .rodata.BUTTON_PIN
                0x08005c14        0x6 ./Drivers/BSP/P-NUCLEO-WB55.Nucleo/stm32wbxx_nucleo.o
                0x08005c14                BUTTON_PIN
 *fill*         0x08005c1a        0x2 
 .rodata.BUTTON_IRQn
                0x08005c1c        0x3 ./Drivers/BSP/P-NUCLEO-WB55.Nucleo/stm32wbxx_nucleo.o
                0x08005c1c                BUTTON_IRQn
 *fill*         0x08005c1f        0x1 
 .rodata.UARTPrescTable
                0x08005c20       0x18 ./Drivers/STM32WBxx_HAL_Driver/Src/stm32wbxx_hal_uart.o
                0x08005c20                UARTPrescTable
 .rodata.numerator.1
                0x08005c38        0x8 ./Drivers/STM32WBxx_HAL_Driver/Src/stm32wbxx_hal_uart_ex.o
 .rodata.denominator.0
                0x08005c40        0x8 ./Drivers/STM32WBxx_HAL_Driver/Src/stm32wbxx_hal_uart_ex.o
 .rodata._vfprintf_r.str1.1
                0x08005c48       0x33 /opt/st/stm32cubeide_1.19.0/plugins/com.st.stm32cube.ide.mcu.externaltools.gnu-tools-for-stm32.13.3.rel1.linux64_1.0.0.202410170706/tools/bin/../lib/gcc/arm-none-eabi/13.3.1/../../../../arm-none-eabi/lib/thumb/v7e-m+fp/hard/libc_nano.a(libc_a-nano-vfprintf.o)
                                 0x11 (size before relaxing)
 .rodata._printf_i.str1.1
                0x08005c7b       0x22 /opt/st/stm32cubeide_1.19.0/plugins/com.st.stm32cube.ide.mcu.externaltools.gnu-tools-for-stm32.13.3.rel1.linux64_1.0.0.202410170706/tools/bin/../lib/gcc/arm-none-eabi/13.3.1/../../../../arm-none-eabi/lib/thumb/v7e-m+fp/hard/libc_nano.a(libc_a-nano-vfprintf_i.o)
                0x08005ca0                        . = ALIGN (0x4)
 *fill*         0x08005c7b        0x1 

.ARM.extab
 *(.ARM.extab* .gnu.linkonce.armextab.*)

.ARM            0x08005c7c        0x8
                0x08005c7c                        __exidx_start = .
 *(.ARM.exidx*)
 .ARM.exidx     0x08005c7c        0x8 /opt/st/stm32cubeide_1.19.0/plugins/com.st.stm32cube.ide.mcu.externaltools.gnu-tools-for-stm32.13.3.rel1.linux64_1.0.0.202410170706/tools/bin/../lib/gcc/arm-none-eabi/13.3.1/../../../../arm-none-eabi/lib/thumb/v7e-m+fp/hard/libc_nano.a(libc_a-memchr.o)
 .ARM.exidx     0x08005c84        0x0 /opt/st/stm32cubeide_1.19.0/plugins/com.st.stm32cube.ide.mcu.externaltools.gnu-tools-for-stm32.13.3.rel1.linux64_1.0.0.202410170706/tools/bin/../lib/gcc/arm-none-eabi/13.3.1/thumb/v7e-m+fp/hard/libgcc.a(_udivmoddi4.o)
                                  0x8 (size before relaxing)
                0x08005c84                        __exidx_end = .

.preinit_array  0x08005c84        0x0
                0x08005c84                        PROVIDE (__preinit_array_start = .)
 *(.preinit_array*)
                0x08005c84                        PROVIDE (__preinit_array_end = .)

.init_array     0x08005c84        0x4
                0x08005c84                        PROVIDE (__init_array_start = .)
 *(SORT_BY_NAME(.init_array.*))
 *(.init_array*)
 .init_array    0x08005c84        0x4 /opt/st/stm32cubeide_1.19.0/plugins/com.st.stm32cube.ide.mcu.externaltools.gnu-tools-for-stm32.13.3.rel1.linux64_1.0.0.202410170706/tools/bin/../lib/gcc/arm-none-eabi/13.3.1/thumb/v7e-m+fp/hard/crtbegin.o
                0x08005c88                        PROVIDE (__init_array_end = .)

.fini_array     0x08005c88        0x4
                [!provide]                        PROVIDE (__fini_array_start = .)
 *(SORT_BY_NAME(.fini_array.*))
 *(.fini_array*)
 .fini_array    0x08005c88        0x4 /opt/st/stm32cubeide_1.19.0/plugins/com.st.stm32cube.ide.mcu.externaltools.gnu-tools-for-stm32.13.3.rel1.linux64_1.0.0.202410170706/tools/bin/../lib/gcc/arm-none-eabi/13.3.1/thumb/v7e-m+fp/hard/crtbegin.o
                [!provide]                        PROVIDE (__fini_array_end = .)
                0x08005c8c                        _sidata = LOADADDR (.data)

.rel.dyn        0x08005c8c        0x0
 .rel.iplt      0x08005c8c        0x0 /opt/st/stm32cubeide_1.19.0/plugins/com.st.stm32cube.ide.mcu.externaltools.gnu-tools-for-stm32.13.3.rel1.linux64_1.0.0.202410170706/tools/bin/../lib/gcc/arm-none-eabi/13.3.1/thumb/v7e-m+fp/hard/crtbegin.o

.data           0x20000008       0xfc load address 0x08005c8c
                0x20000008                        . = ALIGN (0x4)
                0x20000008                        _sdata = .
 *(.data)
 *(.data*)
 .data.SystemCoreClock
                0x20000008        0x4 ./Core/Src/system_stm32wbxx.o
                0x20000008                SystemCoreClock
 .data.GPIO_PORT
                0x2000000c        0xc ./Drivers/BSP/P-NUCLEO-WB55.Nucleo/stm32wbxx_nucleo.o
                0x2000000c                GPIO_PORT
 .data.BUTTON_PORT
                0x20000018        0xc ./Drivers/BSP/P-NUCLEO-WB55.Nucleo/stm32wbxx_nucleo.o
                0x20000018                BUTTON_PORT
 .data.uwTickPrio
                0x20000024        0x4 ./Drivers/STM32WBxx_HAL_Driver/Src/stm32wbxx_hal.o
                0x20000024                uwTickPrio
 .data.uwTickFreq
                0x20000028        0x1 ./Drivers/STM32WBxx_HAL_Driver/Src/stm32wbxx_hal.o
                0x20000028                uwTickFreq
 *fill*         0x20000029        0x3 
 .data.__sglue  0x2000002c        0xc /opt/st/stm32cubeide_1.19.0/plugins/com.st.stm32cube.ide.mcu.externaltools.gnu-tools-for-stm32.13.3.rel1.linux64_1.0.0.202410170706/tools/bin/../lib/gcc/arm-none-eabi/13.3.1/../../../../arm-none-eabi/lib/thumb/v7e-m+fp/hard/libc_nano.a(libc_a-findfp.o)
                0x2000002c                __sglue
 .data._impure_ptr
                0x20000038        0x4 /opt/st/stm32cubeide_1.19.0/plugins/com.st.stm32cube.ide.mcu.externaltools.gnu-tools-for-stm32.13.3.rel1.linux64_1.0.0.202410170706/tools/bin/../lib/gcc/arm-none-eabi/13.3.1/../../../../arm-none-eabi/lib/thumb/v7e-m+fp/hard/libc_nano.a(libc_a-impure.o)
                0x20000038                _impure_ptr
 .data._impure_data
                0x2000003c       0x4c /opt/st/stm32cubeide_1.19.0/plugins/com.st.stm32cube.ide.mcu.externaltools.gnu-tools-for-stm32.13.3.rel1.linux64_1.0.0.202410170706/tools/bin/../lib/gcc/arm-none-eabi/13.3.1/../../../../arm-none-eabi/lib/thumb/v7e-m+fp/hard/libc_nano.a(libc_a-impure.o)
                0x2000003c                _impure_data
 *(.RamFunc)
 .RamFunc       0x20000088       0x7c ./Drivers/STM32WBxx_HAL_Driver/Src/stm32wbxx_hal_flash.o
 *(.RamFunc*)
                0x20000104                        . = ALIGN (0x4)
                0x20000104                        _edata = .

.igot.plt       0x20000104        0x0 load address 0x08005d88
 .igot.plt      0x20000104        0x0 /opt/st/stm32cubeide_1.19.0/plugins/com.st.stm32cube.ide.mcu.externaltools.gnu-tools-for-stm32.13.3.rel1.linux64_1.0.0.202410170706/tools/bin/../lib/gcc/arm-none-eabi/13.3.1/thumb/v7e-m+fp/hard/crtbegin.o
                0x20000104                        . = ALIGN (0x4)

.bss            0x20000104      0x2b8 load address 0x08005d88
                0x20000104                        _sbss = .
                0x20000104                        __bss_start__ = _sbss
 *(.bss)
 .bss           0x20000104       0x1c /opt/st/stm32cubeide_1.19.0/plugins/com.st.stm32cube.ide.mcu.externaltools.gnu-tools-for-stm32.13.3.rel1.linux64_1.0.0.202410170706/tools/bin/../lib/gcc/arm-none-eabi/13.3.1/thumb/v7e-m+fp/hard/crtbegin.o
 *(.bss*)
 .bss.hlpuart1  0x20000120       0x94 ./Core/Src/main.o
                0x20000120                hlpuart1
 .bss.huart1    0x200001b4       0x94 ./Core/Src/main.o
                0x200001b4                huart1
 .bss.application_write_idx
                0x20000248        0x4 ./Core/Src/main.o
 .bss.application_size
                0x2000024c        0x4 ./Core/Src/main.o
 .bss.__sbrk_heap_end
                0x20000250        0x4 ./Core/Src/sysmem.o
 .bss.uwTick    0x20000254        0x4 ./Drivers/STM32WBxx_HAL_Driver/Src/stm32wbxx_hal.o
                0x20000254                uwTick
 .bss.pFlash    0x20000258       0x18 ./Drivers/STM32WBxx_HAL_Driver/Src/stm32wbxx_hal_flash.o
                0x20000258                pFlash
 .bss.__sf      0x20000270      0x138 /opt/st/stm32cubeide_1.19.0/plugins/com.st.stm32cube.ide.mcu.externaltools.gnu-tools-for-stm32.13.3.rel1.linux64_1.0.0.202410170706/tools/bin/../lib/gcc/arm-none-eabi/13.3.1/../../../../arm-none-eabi/lib/thumb/v7e-m+fp/hard/libc_nano.a(libc_a-findfp.o)
                0x20000270                __sf
 .bss.__stdio_exit_handler
                0x200003a8        0x4 /opt/st/stm32cubeide_1.19.0/plugins/com.st.stm32cube.ide.mcu.externaltools.gnu-tools-for-stm32.13.3.rel1.linux64_1.0.0.202410170706/tools/bin/../lib/gcc/arm-none-eabi/13.3.1/../../../../arm-none-eabi/lib/thumb/v7e-m+fp/hard/libc_nano.a(libc_a-findfp.o)
                0x200003a8                __stdio_exit_handler
 .bss.errno     0x200003ac        0x4 /opt/st/stm32cubeide_1.19.0/plugins/com.st.stm32cube.ide.mcu.externaltools.gnu-tools-for-stm32.13.3.rel1.linux64_1.0.0.202410170706/tools/bin/../lib/gcc/arm-none-eabi/13.3.1/../../../../arm-none-eabi/lib/thumb/v7e-m+fp/hard/libc_nano.a(libc_a-reent.o)
                0x200003ac                errno
 .bss.__lock___malloc_recursive_mutex
                0x200003b0        0x1 /opt/st/stm32cubeide_1.19.0/plugins/com.st.stm32cube.ide.mcu.externaltools.gnu-tools-for-stm32.13.3.rel1.linux64_1.0.0.202410170706/tools/bin/../lib/gcc/arm-none-eabi/13.3.1/../../../../arm-none-eabi/lib/thumb/v7e-m+fp/hard/libc_nano.a(libc_a-lock.o)
                0x200003b0                __lock___malloc_recursive_mutex
 .bss.__lock___sfp_recursive_mutex
                0x200003b1        0x1 /opt/st/stm32cubeide_1.19.0/plugins/com.st.stm32cube.ide.mcu.externaltools.gnu-tools-for-stm32.13.3.rel1.linux64_1.0.0.202410170706/tools/bin/../lib/gcc/arm-none-eabi/13.3.1/../../../../arm-none-eabi/lib/thumb/v7e-m+fp/hard/libc_nano.a(libc_a-lock.o)
                0x200003b1                __lock___sfp_recursive_mutex
 *fill*         0x200003b2        0x2 
 .bss.__malloc_sbrk_start
                0x200003b4        0x4 /opt/st/stm32cubeide_1.19.0/plugins/com.st.stm32cube.ide.mcu.externaltools.gnu-tools-for-stm32.13.3.rel1.linux64_1.0.0.202410170706/tools/bin/../lib/gcc/arm-none-eabi/13.3.1/../../../../arm-none-eabi/lib/thumb/v7e-m+fp/hard/libc_nano.a(libc_a-mallocr.o)
                0x200003b4                __malloc_sbrk_start
 .bss.__malloc_free_list
                0x200003b8        0x4 /opt/st/stm32cubeide_1.19.0/plugins/com.st.stm32cube.ide.mcu.externaltools.gnu-tools-for-stm32.13.3.rel1.linux64_1.0.0.202410170706/tools/bin/../lib/gcc/arm-none-eabi/13.3.1/../../../../arm-none-eabi/lib/thumb/v7e-m+fp/hard/libc_nano.a(libc_a-mallocr.o)
                0x200003b8                __malloc_free_list
 *(COMMON)
                0x200003bc                        . = ALIGN (0x4)
                0x200003bc                        _ebss = .
                0x200003bc                        __bss_end__ = _ebss

._user_heap_stack
                0x200003bc      0x604 load address 0x08005d88
                0x200003c0                        . = ALIGN (0x8)
 *fill*         0x200003bc        0x4 
                [!provide]                        PROVIDE (end = .)
                0x200003c0                        PROVIDE (_end = .)
                0x200005c0                        . = (. + _Min_Heap_Size)
 *fill*         0x200003c0      0x200 
                0x200009c0                        . = (. + _Min_Stack_Size)
 *fill*         0x200005c0      0x400 
                0x200009c0                        . = ALIGN (0x8)

/DISCARD/
 libc.a(*)
 libm.a(*)
 libgcc.a(*)

.ARM.attributes
                0x00000000       0x30
 *(.ARM.attributes)
 .ARM.attributes
                0x00000000       0x22 /opt/st/stm32cubeide_1.19.0/plugins/com.st.stm32cube.ide.mcu.externaltools.gnu-tools-for-stm32.13.3.rel1.linux64_1.0.0.202410170706/tools/bin/../lib/gcc/arm-none-eabi/13.3.1/thumb/v7e-m+fp/hard/crti.o
 .ARM.attributes
                0x00000022       0x34 /opt/st/stm32cubeide_1.19.0/plugins/com.st.stm32cube.ide.mcu.externaltools.gnu-tools-for-stm32.13.3.rel1.linux64_1.0.0.202410170706/tools/bin/../lib/gcc/arm-none-eabi/13.3.1/thumb/v7e-m+fp/hard/crtbegin.o
 .ARM.attributes
                0x00000056       0x34 ./Core/Src/main.o
 .ARM.attributes
                0x0000008a       0x34 ./Core/Src/stm32wbxx_hal_msp.o
 .ARM.attributes
                0x000000be       0x34 ./Core/Src/stm32wbxx_it.o
 .ARM.attributes
                0x000000f2       0x34 ./Core/Src/syscalls.o
 .ARM.attributes
                0x00000126       0x34 ./Core/Src/sysmem.o
 .ARM.attributes
                0x0000015a       0x34 ./Core/Src/system_stm32wbxx.o
 .ARM.attributes
                0x0000018e       0x21 ./Core/Startup/startup_stm32wb55rgvx.o
 .ARM.attributes
                0x000001af       0x34 ./Drivers/BSP/P-NUCLEO-WB55.Nucleo/stm32wbxx_nucleo.o
 .ARM.attributes
                0x000001e3       0x34 ./Drivers/STM32WBxx_HAL_Driver/Src/stm32wbxx_hal.o
 .ARM.attributes
                0x00000217       0x34 ./Drivers/STM32WBxx_HAL_Driver/Src/stm32wbxx_hal_cortex.o
 .ARM.attributes
                0x0000024b       0x34 ./Drivers/STM32WBxx_HAL_Driver/Src/stm32wbxx_hal_flash.o
 .ARM.attributes
                0x0000027f       0x34 ./Drivers/STM32WBxx_HAL_Driver/Src/stm32wbxx_hal_flash_ex.o
 .ARM.attributes
                0x000002b3       0x34 ./Drivers/STM32WBxx_HAL_Driver/Src/stm32wbxx_hal_gpio.o
 .ARM.attributes
                0x000002e7       0x34 ./Drivers/STM32WBxx_HAL_Driver/Src/stm32wbxx_hal_pwr.o
 .ARM.attributes
                0x0000031b       0x34 ./Drivers/STM32WBxx_HAL_Driver/Src/stm32wbxx_hal_pwr_ex.o
 .ARM.attributes
                0x0000034f       0x34 ./Drivers/STM32WBxx_HAL_Driver/Src/stm32wbxx_hal_rcc.o
 .ARM.attributes
                0x00000383       0x34 ./Drivers/STM32WBxx_HAL_Driver/Src/stm32wbxx_hal_rcc_ex.o
 .ARM.attributes
                0x000003b7       0x34 ./Drivers/STM32WBxx_HAL_Driver/Src/stm32wbxx_hal_uart.o
 .ARM.attributes
                0x000003eb       0x34 ./Drivers/STM32WBxx_HAL_Driver/Src/stm32wbxx_hal_uart_ex.o
 .ARM.attributes
                0x0000041f       0x34 /opt/st/stm32cubeide_1.19.0/plugins/com.st.stm32cube.ide.mcu.externaltools.gnu-tools-for-stm32.13.3.rel1.linux64_1.0.0.202410170706/tools/bin/../lib/gcc/arm-none-eabi/13.3.1/../../../../arm-none-eabi/lib/thumb/v7e-m+fp/hard/libc_nano.a(libc_a-findfp.o)
 .ARM.attributes
                0x00000453       0x34 /opt/st/stm32cubeide_1.19.0/plugins/com.st.stm32cube.ide.mcu.externaltools.gnu-tools-for-stm32.13.3.rel1.linux64_1.0.0.202410170706/tools/bin/../lib/gcc/arm-none-eabi/13.3.1/../../../../arm-none-eabi/lib/thumb/v7e-m+fp/hard/libc_nano.a(libc_a-fwalk.o)
 .ARM.attributes
                0x00000487       0x34 /opt/st/stm32cubeide_1.19.0/plugins/com.st.stm32cube.ide.mcu.externaltools.gnu-tools-for-stm32.13.3.rel1.linux64_1.0.0.202410170706/tools/bin/../lib/gcc/arm-none-eabi/13.3.1/../../../../arm-none-eabi/lib/thumb/v7e-m+fp/hard/libc_nano.a(libc_a-printf.o)
 .ARM.attributes
                0x000004bb       0x34 /opt/st/stm32cubeide_1.19.0/plugins/com.st.stm32cube.ide.mcu.externaltools.gnu-tools-for-stm32.13.3.rel1.linux64_1.0.0.202410170706/tools/bin/../lib/gcc/arm-none-eabi/13.3.1/../../../../arm-none-eabi/lib/thumb/v7e-m+fp/hard/libc_nano.a(libc_a-puts.o)
 .ARM.attributes
                0x000004ef       0x34 /opt/st/stm32cubeide_1.19.0/plugins/com.st.stm32cube.ide.mcu.externaltools.gnu-tools-for-stm32.13.3.rel1.linux64_1.0.0.202410170706/tools/bin/../lib/gcc/arm-none-eabi/13.3.1/../../../../arm-none-eabi/lib/thumb/v7e-m+fp/hard/libc_nano.a(libc_a-stdio.o)
 .ARM.attributes
                0x00000523       0x34 /opt/st/stm32cubeide_1.19.0/plugins/com.st.stm32cube.ide.mcu.externaltools.gnu-tools-for-stm32.13.3.rel1.linux64_1.0.0.202410170706/tools/bin/../lib/gcc/arm-none-eabi/13.3.1/../../../../arm-none-eabi/lib/thumb/v7e-m+fp/hard/libc_nano.a(libc_a-wbuf.o)
 .ARM.attributes
                0x00000557       0x34 /opt/st/stm32cubeide_1.19.0/plugins/com.st.stm32cube.ide.mcu.externaltools.gnu-tools-for-stm32.13.3.rel1.linux64_1.0.0.202410170706/tools/bin/../lib/gcc/arm-none-eabi/13.3.1/../../../../arm-none-eabi/lib/thumb/v7e-m+fp/hard/libc_nano.a(libc_a-wsetup.o)
 .ARM.attributes
                0x0000058b       0x34 /opt/st/stm32cubeide_1.19.0/plugins/com.st.stm32cube.ide.mcu.externaltools.gnu-tools-for-stm32.13.3.rel1.linux64_1.0.0.202410170706/tools/bin/../lib/gcc/arm-none-eabi/13.3.1/../../../../arm-none-eabi/lib/thumb/v7e-m+fp/hard/libc_nano.a(libc_a-memset.o)
 .ARM.attributes
                0x000005bf       0x34 /opt/st/stm32cubeide_1.19.0/plugins/com.st.stm32cube.ide.mcu.externaltools.gnu-tools-for-stm32.13.3.rel1.linux64_1.0.0.202410170706/tools/bin/../lib/gcc/arm-none-eabi/13.3.1/../../../../arm-none-eabi/lib/thumb/v7e-m+fp/hard/libc_nano.a(libc_a-closer.o)
 .ARM.attributes
                0x000005f3       0x34 /opt/st/stm32cubeide_1.19.0/plugins/com.st.stm32cube.ide.mcu.externaltools.gnu-tools-for-stm32.13.3.rel1.linux64_1.0.0.202410170706/tools/bin/../lib/gcc/arm-none-eabi/13.3.1/../../../../arm-none-eabi/lib/thumb/v7e-m+fp/hard/libc_nano.a(libc_a-reent.o)
 .ARM.attributes
                0x00000627       0x34 /opt/st/stm32cubeide_1.19.0/plugins/com.st.stm32cube.ide.mcu.externaltools.gnu-tools-for-stm32.13.3.rel1.linux64_1.0.0.202410170706/tools/bin/../lib/gcc/arm-none-eabi/13.3.1/../../../../arm-none-eabi/lib/thumb/v7e-m+fp/hard/libc_nano.a(libc_a-impure.o)
 .ARM.attributes
                0x0000065b       0x34 /opt/st/stm32cubeide_1.19.0/plugins/com.st.stm32cube.ide.mcu.externaltools.gnu-tools-for-stm32.13.3.rel1.linux64_1.0.0.202410170706/tools/bin/../lib/gcc/arm-none-eabi/13.3.1/../../../../arm-none-eabi/lib/thumb/v7e-m+fp/hard/libc_nano.a(libc_a-lseekr.o)
 .ARM.attributes
                0x0000068f       0x34 /opt/st/stm32cubeide_1.19.0/plugins/com.st.stm32cube.ide.mcu.externaltools.gnu-tools-for-stm32.13.3.rel1.linux64_1.0.0.202410170706/tools/bin/../lib/gcc/arm-none-eabi/13.3.1/../../../../arm-none-eabi/lib/thumb/v7e-m+fp/hard/libc_nano.a(libc_a-readr.o)
 .ARM.attributes
                0x000006c3       0x34 /opt/st/stm32cubeide_1.19.0/plugins/com.st.stm32cube.ide.mcu.externaltools.gnu-tools-for-stm32.13.3.rel1.linux64_1.0.0.202410170706/tools/bin/../lib/gcc/arm-none-eabi/13.3.1/../../../../arm-none-eabi/lib/thumb/v7e-m+fp/hard/libc_nano.a(libc_a-writer.o)
 .ARM.attributes
                0x000006f7       0x34 /opt/st/stm32cubeide_1.19.0/plugins/com.st.stm32cube.ide.mcu.externaltools.gnu-tools-for-stm32.13.3.rel1.linux64_1.0.0.202410170706/tools/bin/../lib/gcc/arm-none-eabi/13.3.1/../../../../arm-none-eabi/lib/thumb/v7e-m+fp/hard/libc_nano.a(libc_a-errno.o)
 .ARM.attributes
                0x0000072b       0x34 /opt/st/stm32cubeide_1.19.0/plugins/com.st.stm32cube.ide.mcu.externaltools.gnu-tools-for-stm32.13.3.rel1.linux64_1.0.0.202410170706/tools/bin/../lib/gcc/arm-none-eabi/13.3.1/../../../../arm-none-eabi/lib/thumb/v7e-m+fp/hard/libc_nano.a(libc_a-init.o)
 .ARM.attributes
                0x0000075f       0x34 /opt/st/stm32cubeide_1.19.0/plugins/com.st.stm32cube.ide.mcu.externaltools.gnu-tools-for-stm32.13.3.rel1.linux64_1.0.0.202410170706/tools/bin/../lib/gcc/arm-none-eabi/13.3.1/../../../../arm-none-eabi/lib/thumb/v7e-m+fp/hard/libc_nano.a(libc_a-lock.o)
 .ARM.attributes
                0x00000793       0x34 /opt/st/stm32cubeide_1.19.0/plugins/com.st.stm32cube.ide.mcu.externaltools.gnu-tools-for-stm32.13.3.rel1.linux64_1.0.0.202410170706/tools/bin/../lib/gcc/arm-none-eabi/13.3.1/../../../../arm-none-eabi/lib/thumb/v7e-m+fp/hard/libc_nano.a(libc_a-freer.o)
 .ARM.attributes
                0x000007c7       0x34 /opt/st/stm32cubeide_1.19.0/plugins/com.st.stm32cube.ide.mcu.externaltools.gnu-tools-for-stm32.13.3.rel1.linux64_1.0.0.202410170706/tools/bin/../lib/gcc/arm-none-eabi/13.3.1/../../../../arm-none-eabi/lib/thumb/v7e-m+fp/hard/libc_nano.a(libc_a-mallocr.o)
 .ARM.attributes
                0x000007fb       0x34 /opt/st/stm32cubeide_1.19.0/plugins/com.st.stm32cube.ide.mcu.externaltools.gnu-tools-for-stm32.13.3.rel1.linux64_1.0.0.202410170706/tools/bin/../lib/gcc/arm-none-eabi/13.3.1/../../../../arm-none-eabi/lib/thumb/v7e-m+fp/hard/libc_nano.a(libc_a-mlock.o)
 .ARM.attributes
                0x0000082f       0x34 /opt/st/stm32cubeide_1.19.0/plugins/com.st.stm32cube.ide.mcu.externaltools.gnu-tools-for-stm32.13.3.rel1.linux64_1.0.0.202410170706/tools/bin/../lib/gcc/arm-none-eabi/13.3.1/../../../../arm-none-eabi/lib/thumb/v7e-m+fp/hard/libc_nano.a(libc_a-nano-vfprintf.o)
 .ARM.attributes
                0x00000863       0x34 /opt/st/stm32cubeide_1.19.0/plugins/com.st.stm32cube.ide.mcu.externaltools.gnu-tools-for-stm32.13.3.rel1.linux64_1.0.0.202410170706/tools/bin/../lib/gcc/arm-none-eabi/13.3.1/../../../../arm-none-eabi/lib/thumb/v7e-m+fp/hard/libc_nano.a(libc_a-nano-vfprintf_i.o)
 .ARM.attributes
                0x00000897       0x34 /opt/st/stm32cubeide_1.19.0/plugins/com.st.stm32cube.ide.mcu.externaltools.gnu-tools-for-stm32.13.3.rel1.linux64_1.0.0.202410170706/tools/bin/../lib/gcc/arm-none-eabi/13.3.1/../../../../arm-none-eabi/lib/thumb/v7e-m+fp/hard/libc_nano.a(libc_a-fflush.o)
 .ARM.attributes
                0x000008cb       0x34 /opt/st/stm32cubeide_1.19.0/plugins/com.st.stm32cube.ide.mcu.externaltools.gnu-tools-for-stm32.13.3.rel1.linux64_1.0.0.202410170706/tools/bin/../lib/gcc/arm-none-eabi/13.3.1/../../../../arm-none-eabi/lib/thumb/v7e-m+fp/hard/libc_nano.a(libc_a-makebuf.o)
 .ARM.attributes
                0x000008ff       0x34 /opt/st/stm32cubeide_1.19.0/plugins/com.st.stm32cube.ide.mcu.externaltools.gnu-tools-for-stm32.13.3.rel1.linux64_1.0.0.202410170706/tools/bin/../lib/gcc/arm-none-eabi/13.3.1/../../../../arm-none-eabi/lib/thumb/v7e-m+fp/hard/libc_nano.a(libc_a-fstatr.o)
 .ARM.attributes
                0x00000933       0x34 /opt/st/stm32cubeide_1.19.0/plugins/com.st.stm32cube.ide.mcu.externaltools.gnu-tools-for-stm32.13.3.rel1.linux64_1.0.0.202410170706/tools/bin/../lib/gcc/arm-none-eabi/13.3.1/../../../../arm-none-eabi/lib/thumb/v7e-m+fp/hard/libc_nano.a(libc_a-isattyr.o)
 .ARM.attributes
                0x00000967       0x34 /opt/st/stm32cubeide_1.19.0/plugins/com.st.stm32cube.ide.mcu.externaltools.gnu-tools-for-stm32.13.3.rel1.linux64_1.0.0.202410170706/tools/bin/../lib/gcc/arm-none-eabi/13.3.1/../../../../arm-none-eabi/lib/thumb/v7e-m+fp/hard/libc_nano.a(libc_a-sbrkr.o)
 .ARM.attributes
                0x0000099b       0x1c /opt/st/stm32cubeide_1.19.0/plugins/com.st.stm32cube.ide.mcu.externaltools.gnu-tools-for-stm32.13.3.rel1.linux64_1.0.0.202410170706/tools/bin/../lib/gcc/arm-none-eabi/13.3.1/../../../../arm-none-eabi/lib/thumb/v7e-m+fp/hard/libc_nano.a(libc_a-memchr.o)
 .ARM.attributes
                0x000009b7       0x22 /opt/st/stm32cubeide_1.19.0/plugins/com.st.stm32cube.ide.mcu.externaltools.gnu-tools-for-stm32.13.3.rel1.linux64_1.0.0.202410170706/tools/bin/../lib/gcc/arm-none-eabi/13.3.1/thumb/v7e-m+fp/hard/libgcc.a(_aeabi_uldivmod.o)
 .ARM.attributes
                0x000009d9       0x34 /opt/st/stm32cubeide_1.19.0/plugins/com.st.stm32cube.ide.mcu.externaltools.gnu-tools-for-stm32.13.3.rel1.linux64_1.0.0.202410170706/tools/bin/../lib/gcc/arm-none-eabi/13.3.1/thumb/v7e-m+fp/hard/libgcc.a(_udivmoddi4.o)
 .ARM.attributes
                0x00000a0d       0x22 /opt/st/stm32cubeide_1.19.0/plugins/com.st.stm32cube.ide.mcu.externaltools.gnu-tools-for-stm32.13.3.rel1.linux64_1.0.0.202410170706/tools/bin/../lib/gcc/arm-none-eabi/13.3.1/thumb/v7e-m+fp/hard/libgcc.a(_dvmd_tls.o)
 .ARM.attributes
                0x00000a2f       0x22 /opt/st/stm32cubeide_1.19.0/plugins/com.st.stm32cube.ide.mcu.externaltools.gnu-tools-for-stm32.13.3.rel1.linux64_1.0.0.202410170706/tools/bin/../lib/gcc/arm-none-eabi/13.3.1/thumb/v7e-m+fp/hard/crtn.o

MAPPING_TABLE
 *(MAPPING_TABLE)

MB_MEM1
 *(MB_MEM1)
                0x08005d88                        _siMB_MEM2 = LOADADDR (.MB_MEM2)

.MB_MEM2        0x20030000        0x0 load address 0x08005d88
                0x20030000                        _sMB_MEM2 = .
 *(MB_MEM2)
                0x20030000                        _eMB_MEM2 = .
OUTPUT(NUCLEO_W55RG_CUSTOM_BOOTLOADER.elf elf32-littlearm)
LOAD linker stubs
LOAD /opt/st/stm32cubeide_1.19.0/plugins/com.st.stm32cube.ide.mcu.externaltools.gnu-tools-for-stm32.13.3.rel1.linux64_1.0.0.202410170706/tools/bin/../lib/gcc/arm-none-eabi/13.3.1/../../../../arm-none-eabi/lib/thumb/v7e-m+fp/hard/libc.a
LOAD /opt/st/stm32cubeide_1.19.0/plugins/com.st.stm32cube.ide.mcu.externaltools.gnu-tools-for-stm32.13.3.rel1.linux64_1.0.0.202410170706/tools/bin/../lib/gcc/arm-none-eabi/13.3.1/../../../../arm-none-eabi/lib/thumb/v7e-m+fp/hard/libm.a
LOAD /opt/st/stm32cubeide_1.19.0/plugins/com.st.stm32cube.ide.mcu.externaltools.gnu-tools-for-stm32.13.3.rel1.linux64_1.0.0.202410170706/tools/bin/../lib/gcc/arm-none-eabi/13.3.1/thumb/v7e-m+fp/hard/libgcc.a

.debug_info     0x00000000    0x11d7c
 .debug_info    0x00000000     0x18d2 ./Core/Src/main.o
 .debug_info    0x000018d2      0xf2c ./Core/Src/stm32wbxx_hal_msp.o
 .debug_info    0x000027fe      0x113 ./Core/Src/stm32wbxx_it.o
 .debug_info    0x00002911      0x6a3 ./Core/Src/syscalls.o
 .debug_info    0x00002fb4      0x168 ./Core/Src/sysmem.o
 .debug_info    0x0000311c      0x703 ./Core/Src/system_stm32wbxx.o
 .debug_info    0x0000381f       0x30 ./Core/Startup/startup_stm32wb55rgvx.o
 .debug_info    0x0000384f      0xa77 ./Drivers/BSP/P-NUCLEO-WB55.Nucleo/stm32wbxx_nucleo.o
 .debug_info    0x000042c6     0x12ae ./Drivers/STM32WBxx_HAL_Driver/Src/stm32wbxx_hal.o
 .debug_info    0x00005574      0xccd ./Drivers/STM32WBxx_HAL_Driver/Src/stm32wbxx_hal_cortex.o
 .debug_info    0x00006241      0x690 ./Drivers/STM32WBxx_HAL_Driver/Src/stm32wbxx_hal_flash.o
 .debug_info    0x000068d1      0x982 ./Drivers/STM32WBxx_HAL_Driver/Src/stm32wbxx_hal_flash_ex.o
 .debug_info    0x00007253      0x6aa ./Drivers/STM32WBxx_HAL_Driver/Src/stm32wbxx_hal_gpio.o
 .debug_info    0x000078fd      0x904 ./Drivers/STM32WBxx_HAL_Driver/Src/stm32wbxx_hal_pwr.o
 .debug_info    0x00008201     0x105d ./Drivers/STM32WBxx_HAL_Driver/Src/stm32wbxx_hal_pwr_ex.o
 .debug_info    0x0000925e     0x14d1 ./Drivers/STM32WBxx_HAL_Driver/Src/stm32wbxx_hal_rcc.o
 .debug_info    0x0000a72f     0x1c40 ./Drivers/STM32WBxx_HAL_Driver/Src/stm32wbxx_hal_rcc_ex.o
 .debug_info    0x0000c36f     0x4a2a ./Drivers/STM32WBxx_HAL_Driver/Src/stm32wbxx_hal_uart.o
 .debug_info    0x00010d99      0xfe3 ./Drivers/STM32WBxx_HAL_Driver/Src/stm32wbxx_hal_uart_ex.o

.debug_abbrev   0x00000000     0x2c04
 .debug_abbrev  0x00000000      0x36f ./Core/Src/main.o
 .debug_abbrev  0x0000036f      0x236 ./Core/Src/stm32wbxx_hal_msp.o
 .debug_abbrev  0x000005a5       0x73 ./Core/Src/stm32wbxx_it.o
 .debug_abbrev  0x00000618      0x1b6 ./Core/Src/syscalls.o
 .debug_abbrev  0x000007ce       0xbc ./Core/Src/sysmem.o
 .debug_abbrev  0x0000088a      0x13b ./Core/Src/system_stm32wbxx.o
 .debug_abbrev  0x000009c5       0x24 ./Core/Startup/startup_stm32wb55rgvx.o
 .debug_abbrev  0x000009e9      0x250 ./Drivers/BSP/P-NUCLEO-WB55.Nucleo/stm32wbxx_nucleo.o
 .debug_abbrev  0x00000c39      0x367 ./Drivers/STM32WBxx_HAL_Driver/Src/stm32wbxx_hal.o
 .debug_abbrev  0x00000fa0      0x319 ./Drivers/STM32WBxx_HAL_Driver/Src/stm32wbxx_hal_cortex.o
 .debug_abbrev  0x000012b9      0x2f8 ./Drivers/STM32WBxx_HAL_Driver/Src/stm32wbxx_hal_flash.o
 .debug_abbrev  0x000015b1      0x2c2 ./Drivers/STM32WBxx_HAL_Driver/Src/stm32wbxx_hal_flash_ex.o
 .debug_abbrev  0x00001873      0x1e5 ./Drivers/STM32WBxx_HAL_Driver/Src/stm32wbxx_hal_gpio.o
 .debug_abbrev  0x00001a58      0x205 ./Drivers/STM32WBxx_HAL_Driver/Src/stm32wbxx_hal_pwr.o
 .debug_abbrev  0x00001c5d      0x31c ./Drivers/STM32WBxx_HAL_Driver/Src/stm32wbxx_hal_pwr_ex.o
 .debug_abbrev  0x00001f79      0x31b ./Drivers/STM32WBxx_HAL_Driver/Src/stm32wbxx_hal_rcc.o
 .debug_abbrev  0x00002294      0x35a ./Drivers/STM32WBxx_HAL_Driver/Src/stm32wbxx_hal_rcc_ex.o
 .debug_abbrev  0x000025ee      0x343 ./Drivers/STM32WBxx_HAL_Driver/Src/stm32wbxx_hal_uart.o
 .debug_abbrev  0x00002931      0x2d3 ./Drivers/STM32WBxx_HAL_Driver/Src/stm32wbxx_hal_uart_ex.o

.debug_aranges  0x00000000     0x1490
 .debug_aranges
                0x00000000       0x90 ./Core/Src/main.o
 .debug_aranges
                0x00000090       0x58 ./Core/Src/stm32wbxx_hal_msp.o
 .debug_aranges
                0x000000e8       0x60 ./Core/Src/stm32wbxx_it.o
 .debug_aranges
                0x00000148       0xa8 ./Core/Src/syscalls.o
 .debug_aranges
                0x000001f0       0x20 ./Core/Src/sysmem.o
 .debug_aranges
                0x00000210       0x28 ./Core/Src/system_stm32wbxx.o
 .debug_aranges
                0x00000238       0x30 ./Core/Startup/startup_stm32wb55rgvx.o
 .debug_aranges
                0x00000268       0x68 ./Drivers/BSP/P-NUCLEO-WB55.Nucleo/stm32wbxx_nucleo.o
 .debug_aranges
                0x000002d0      0x280 ./Drivers/STM32WBxx_HAL_Driver/Src/stm32wbxx_hal.o
 .debug_aranges
                0x00000550      0x118 ./Drivers/STM32WBxx_HAL_Driver/Src/stm32wbxx_hal_cortex.o
 .debug_aranges
                0x00000668       0x88 ./Drivers/STM32WBxx_HAL_Driver/Src/stm32wbxx_hal_flash.o
 .debug_aranges
                0x000006f0       0xe8 ./Drivers/STM32WBxx_HAL_Driver/Src/stm32wbxx_hal_flash_ex.o
 .debug_aranges
                0x000007d8       0x60 ./Drivers/STM32WBxx_HAL_Driver/Src/stm32wbxx_hal_gpio.o
 .debug_aranges
                0x00000838       0xd0 ./Drivers/STM32WBxx_HAL_Driver/Src/stm32wbxx_hal_pwr.o
 .debug_aranges
                0x00000908      0x288 ./Drivers/STM32WBxx_HAL_Driver/Src/stm32wbxx_hal_pwr_ex.o
 .debug_aranges
                0x00000b90      0x270 ./Drivers/STM32WBxx_HAL_Driver/Src/stm32wbxx_hal_rcc.o
 .debug_aranges
                0x00000e00      0x390 ./Drivers/STM32WBxx_HAL_Driver/Src/stm32wbxx_hal_rcc_ex.o
 .debug_aranges
                0x00001190      0x258 ./Drivers/STM32WBxx_HAL_Driver/Src/stm32wbxx_hal_uart.o
 .debug_aranges
                0x000013e8       0xa8 ./Drivers/STM32WBxx_HAL_Driver/Src/stm32wbxx_hal_uart_ex.o

.debug_rnglists
                0x00000000      0xf95
 .debug_rnglists
                0x00000000       0x6e ./Core/Src/main.o
 .debug_rnglists
                0x0000006e       0x3e ./Core/Src/stm32wbxx_hal_msp.o
 .debug_rnglists
                0x000000ac       0x43 ./Core/Src/stm32wbxx_it.o
 .debug_rnglists
                0x000000ef       0x79 ./Core/Src/syscalls.o
 .debug_rnglists
                0x00000168       0x13 ./Core/Src/sysmem.o
 .debug_rnglists
                0x0000017b       0x1b ./Core/Src/system_stm32wbxx.o
 .debug_rnglists
                0x00000196       0x1f ./Core/Startup/startup_stm32wb55rgvx.o
 .debug_rnglists
                0x000001b5       0x4a ./Drivers/BSP/P-NUCLEO-WB55.Nucleo/stm32wbxx_nucleo.o
 .debug_rnglists
                0x000001ff      0x1db ./Drivers/STM32WBxx_HAL_Driver/Src/stm32wbxx_hal.o
 .debug_rnglists
                0x000003da       0xce ./Drivers/STM32WBxx_HAL_Driver/Src/stm32wbxx_hal_cortex.o
 .debug_rnglists
                0x000004a8       0x65 ./Drivers/STM32WBxx_HAL_Driver/Src/stm32wbxx_hal_flash.o
 .debug_rnglists
                0x0000050d       0xb1 ./Drivers/STM32WBxx_HAL_Driver/Src/stm32wbxx_hal_flash_ex.o
 .debug_rnglists
                0x000005be       0x45 ./Drivers/STM32WBxx_HAL_Driver/Src/stm32wbxx_hal_gpio.o
 .debug_rnglists
                0x00000603       0x99 ./Drivers/STM32WBxx_HAL_Driver/Src/stm32wbxx_hal_pwr.o
 .debug_rnglists
                0x0000069c      0x1e8 ./Drivers/STM32WBxx_HAL_Driver/Src/stm32wbxx_hal_pwr_ex.o
 .debug_rnglists
                0x00000884      0x1d6 ./Drivers/STM32WBxx_HAL_Driver/Src/stm32wbxx_hal_rcc.o
 .debug_rnglists
                0x00000a5a      0x2b6 ./Drivers/STM32WBxx_HAL_Driver/Src/stm32wbxx_hal_rcc_ex.o
 .debug_rnglists
                0x00000d10      0x206 ./Drivers/STM32WBxx_HAL_Driver/Src/stm32wbxx_hal_uart.o
 .debug_rnglists
                0x00000f16       0x7f ./Drivers/STM32WBxx_HAL_Driver/Src/stm32wbxx_hal_uart_ex.o

.debug_macro    0x00000000    0x229e5
 .debug_macro   0x00000000      0x367 ./Core/Src/main.o
 .debug_macro   0x00000367      0xade ./Core/Src/main.o
 .debug_macro   0x00000e45      0x12a ./Core/Src/main.o
 .debug_macro   0x00000f6f       0x2e ./Core/Src/main.o
 .debug_macro   0x00000f9d       0x2e ./Core/Src/main.o
 .debug_macro   0x00000fcb       0x22 ./Core/Src/main.o
 .debug_macro   0x00000fed       0x8e ./Core/Src/main.o
 .debug_macro   0x0000107b       0x51 ./Core/Src/main.o
 .debug_macro   0x000010cc      0x103 ./Core/Src/main.o
 .debug_macro   0x000011cf       0x6a ./Core/Src/main.o
 .debug_macro   0x00001239      0x1df ./Core/Src/main.o
 .debug_macro   0x00001418       0x1c ./Core/Src/main.o
 .debug_macro   0x00001434       0x22 ./Core/Src/main.o
 .debug_macro   0x00001456       0xfb ./Core/Src/main.o
 .debug_macro   0x00001551     0x1011 ./Core/Src/main.o
 .debug_macro   0x00002562      0x11f ./Core/Src/main.o
 .debug_macro   0x00002681    0x12adb ./Core/Src/main.o
 .debug_macro   0x0001515c       0x6c ./Core/Src/main.o
 .debug_macro   0x000151c8     0x350b ./Core/Src/main.o
 .debug_macro   0x000186d3      0x190 ./Core/Src/main.o
 .debug_macro   0x00018863       0x5c ./Core/Src/main.o
 .debug_macro   0x000188bf      0x3f5 ./Core/Src/main.o
 .debug_macro   0x00018cb4      0x286 ./Core/Src/main.o
 .debug_macro   0x00018f3a      0x30d ./Core/Src/main.o
 .debug_macro   0x00019247      0x17e ./Core/Src/main.o
 .debug_macro   0x000193c5       0x43 ./Core/Src/main.o
 .debug_macro   0x00019408      0x236 ./Core/Src/main.o
 .debug_macro   0x0001963e      0x24a ./Core/Src/main.o
 .debug_macro   0x00019888      0x57b ./Core/Src/main.o
 .debug_macro   0x00019e03       0x2e ./Core/Src/main.o
 .debug_macro   0x00019e31      0x100 ./Core/Src/main.o
 .debug_macro   0x00019f31      0x1ba ./Core/Src/main.o
 .debug_macro   0x0001a0eb      0x1cd ./Core/Src/main.o
 .debug_macro   0x0001a2b8      0x381 ./Core/Src/main.o
 .debug_macro   0x0001a639      0x13d ./Core/Src/main.o
 .debug_macro   0x0001a776      0x141 ./Core/Src/main.o
 .debug_macro   0x0001a8b7      0x4ff ./Core/Src/main.o
 .debug_macro   0x0001adb6      0x874 ./Core/Src/main.o
 .debug_macro   0x0001b62a      0x259 ./Core/Src/main.o
 .debug_macro   0x0001b883     0x1bb1 ./Core/Src/main.o
 .debug_macro   0x0001d434       0xe4 ./Core/Src/main.o
 .debug_macro   0x0001d518      0x5e7 ./Core/Src/main.o
 .debug_macro   0x0001daff      0x693 ./Core/Src/main.o
 .debug_macro   0x0001e192       0xa6 ./Core/Src/main.o
 .debug_macro   0x0001e238      0x557 ./Core/Src/main.o
 .debug_macro   0x0001e78f      0x433 ./Core/Src/main.o
 .debug_macro   0x0001ebc2       0x52 ./Core/Src/main.o
 .debug_macro   0x0001ec14       0x2e ./Core/Src/main.o
 .debug_macro   0x0001ec42      0x20a ./Core/Src/main.o
 .debug_macro   0x0001ee4c       0x64 ./Core/Src/main.o
 .debug_macro   0x0001eeb0       0x22 ./Core/Src/main.o
 .debug_macro   0x0001eed2       0x61 ./Core/Src/main.o
 .debug_macro   0x0001ef33       0x2a ./Core/Src/main.o
 .debug_macro   0x0001ef5d       0x43 ./Core/Src/main.o
 .debug_macro   0x0001efa0       0x34 ./Core/Src/main.o
 .debug_macro   0x0001efd4       0x16 ./Core/Src/main.o
 .debug_macro   0x0001efea       0x3c ./Core/Src/main.o
 .debug_macro   0x0001f026      0x370 ./Core/Src/main.o
 .debug_macro   0x0001f396       0x10 ./Core/Src/main.o
 .debug_macro   0x0001f3a6       0x16 ./Core/Src/main.o
 .debug_macro   0x0001f3bc       0x4a ./Core/Src/main.o
 .debug_macro   0x0001f406       0x34 ./Core/Src/main.o
 .debug_macro   0x0001f43a       0x10 ./Core/Src/main.o
 .debug_macro   0x0001f44a       0x58 ./Core/Src/main.o
 .debug_macro   0x0001f4a2       0x8e ./Core/Src/main.o
 .debug_macro   0x0001f530       0x1c ./Core/Src/main.o
 .debug_macro   0x0001f54c      0x185 ./Core/Src/main.o
 .debug_macro   0x0001f6d1       0x16 ./Core/Src/main.o
 .debug_macro   0x0001f6e7       0x16 ./Core/Src/main.o
 .debug_macro   0x0001f6fd      0x146 ./Core/Src/main.o
 .debug_macro   0x0001f843       0x16 ./Core/Src/main.o
 .debug_macro   0x0001f859       0x20 ./Core/Src/main.o
 .debug_macro   0x0001f879      0x23e ./Core/Src/stm32wbxx_hal_msp.o
 .debug_macro   0x0001fab7      0x248 ./Core/Src/stm32wbxx_it.o
 .debug_macro   0x0001fcff      0x274 ./Core/Src/syscalls.o
 .debug_macro   0x0001ff73       0x5b ./Core/Src/syscalls.o
 .debug_macro   0x0001ffce       0x94 ./Core/Src/syscalls.o
 .debug_macro   0x00020062       0x57 ./Core/Src/syscalls.o
 .debug_macro   0x000200b9       0x10 ./Core/Src/syscalls.o
 .debug_macro   0x000200c9       0x10 ./Core/Src/syscalls.o
 .debug_macro   0x000200d9       0x10 ./Core/Src/syscalls.o
 .debug_macro   0x000200e9       0x10 ./Core/Src/syscalls.o
 .debug_macro   0x000200f9       0x1c ./Core/Src/syscalls.o
 .debug_macro   0x00020115       0x52 ./Core/Src/syscalls.o
 .debug_macro   0x00020167       0x22 ./Core/Src/syscalls.o
 .debug_macro   0x00020189       0x10 ./Core/Src/syscalls.o
 .debug_macro   0x00020199       0x52 ./Core/Src/syscalls.o
 .debug_macro   0x000201eb       0xcf ./Core/Src/syscalls.o
 .debug_macro   0x000202ba       0x1c ./Core/Src/syscalls.o
 .debug_macro   0x000202d6       0x3d ./Core/Src/syscalls.o
 .debug_macro   0x00020313       0x35 ./Core/Src/syscalls.o
 .debug_macro   0x00020348      0x12c ./Core/Src/syscalls.o
 .debug_macro   0x00020474       0x16 ./Core/Src/syscalls.o
 .debug_macro   0x0002048a       0x16 ./Core/Src/syscalls.o
 .debug_macro   0x000204a0       0x29 ./Core/Src/syscalls.o
 .debug_macro   0x000204c9       0x10 ./Core/Src/syscalls.o
 .debug_macro   0x000204d9      0x242 ./Core/Src/syscalls.o
 .debug_macro   0x0002071b       0x1c ./Core/Src/syscalls.o
 .debug_macro   0x00020737       0x10 ./Core/Src/syscalls.o
 .debug_macro   0x00020747      0x18a ./Core/Src/syscalls.o
 .debug_macro   0x000208d1       0x16 ./Core/Src/syscalls.o
 .debug_macro   0x000208e7       0xce ./Core/Src/syscalls.o
 .debug_macro   0x000209b5      0x112 ./Core/Src/sysmem.o
 .debug_macro   0x00020ac7      0x23c ./Core/Src/sysmem.o
 .debug_macro   0x00020d03      0x20e ./Core/Src/system_stm32wbxx.o
 .debug_macro   0x00020f11      0x25f ./Drivers/BSP/P-NUCLEO-WB55.Nucleo/stm32wbxx_nucleo.o
 .debug_macro   0x00021170       0x28 ./Drivers/BSP/P-NUCLEO-WB55.Nucleo/stm32wbxx_nucleo.o
 .debug_macro   0x00021198      0x232 ./Drivers/STM32WBxx_HAL_Driver/Src/stm32wbxx_hal.o
 .debug_macro   0x000213ca      0x20e ./Drivers/STM32WBxx_HAL_Driver/Src/stm32wbxx_hal_cortex.o
 .debug_macro   0x000215d8      0x214 ./Drivers/STM32WBxx_HAL_Driver/Src/stm32wbxx_hal_flash.o
 .debug_macro   0x000217ec      0x20e ./Drivers/STM32WBxx_HAL_Driver/Src/stm32wbxx_hal_flash_ex.o
 .debug_macro   0x000219fa      0x215 ./Drivers/STM32WBxx_HAL_Driver/Src/stm32wbxx_hal_gpio.o
 .debug_macro   0x00021c0f      0x280 ./Drivers/STM32WBxx_HAL_Driver/Src/stm32wbxx_hal_pwr.o
 .debug_macro   0x00021e8f      0x220 ./Drivers/STM32WBxx_HAL_Driver/Src/stm32wbxx_hal_pwr_ex.o
 .debug_macro   0x000220af      0x280 ./Drivers/STM32WBxx_HAL_Driver/Src/stm32wbxx_hal_rcc.o
 .debug_macro   0x0002232f      0x263 ./Drivers/STM32WBxx_HAL_Driver/Src/stm32wbxx_hal_rcc_ex.o
 .debug_macro   0x00022592      0x239 ./Drivers/STM32WBxx_HAL_Driver/Src/stm32wbxx_hal_uart.o
 .debug_macro   0x000227cb      0x21a ./Drivers/STM32WBxx_HAL_Driver/Src/stm32wbxx_hal_uart_ex.o

.debug_line     0x00000000    0x10f8d
 .debug_line    0x00000000      0xdae ./Core/Src/main.o
 .debug_line    0x00000dae      0x8bd ./Core/Src/stm32wbxx_hal_msp.o
 .debug_line    0x0000166b      0x82b ./Core/Src/stm32wbxx_it.o
 .debug_line    0x00001e96      0x7e1 ./Core/Src/syscalls.o
 .debug_line    0x00002677      0x4bd ./Core/Src/sysmem.o
 .debug_line    0x00002b34      0x7be ./Core/Src/system_stm32wbxx.o
 .debug_line    0x000032f2       0x83 ./Core/Startup/startup_stm32wb55rgvx.o
 .debug_line    0x00003375      0x8df ./Drivers/BSP/P-NUCLEO-WB55.Nucleo/stm32wbxx_nucleo.o
 .debug_line    0x00003c54      0xf81 ./Drivers/STM32WBxx_HAL_Driver/Src/stm32wbxx_hal.o
 .debug_line    0x00004bd5      0xc6b ./Drivers/STM32WBxx_HAL_Driver/Src/stm32wbxx_hal_cortex.o
 .debug_line    0x00005840      0xa6f ./Drivers/STM32WBxx_HAL_Driver/Src/stm32wbxx_hal_flash.o
 .debug_line    0x000062af      0xc86 ./Drivers/STM32WBxx_HAL_Driver/Src/stm32wbxx_hal_flash_ex.o
 .debug_line    0x00006f35      0xb32 ./Drivers/STM32WBxx_HAL_Driver/Src/stm32wbxx_hal_gpio.o
 .debug_line    0x00007a67      0x9a8 ./Drivers/STM32WBxx_HAL_Driver/Src/stm32wbxx_hal_pwr.o
 .debug_line    0x0000840f     0x10aa ./Drivers/STM32WBxx_HAL_Driver/Src/stm32wbxx_hal_pwr_ex.o
 .debug_line    0x000094b9     0x1a1f ./Drivers/STM32WBxx_HAL_Driver/Src/stm32wbxx_hal_rcc.o