00:57:33 **** Incremental Build of configuration Debug for project nucleo_wb55_application ****
make -j8 all 
arm-none-eabi-gcc "../Core/Src/main.c" -mcpu=cortex-m4 -std=gnu11 -g3 -DDEBUG -DUSE_NUCLEO_64 -DUSE_HAL_DRIVER -DSTM32WB55xx -c -I../Core/Inc -I../Drivers/STM32WBxx_HAL_Driver/Inc -I../Drivers/STM32WBxx_HAL_Driver/Inc/Legacy -I../Drivers/BSP/P-NUCLEO-WB55.Nucleo -I../Drivers/CMSIS/Device/ST/STM32WBxx/Include -I../Drivers/CMSIS/Include -O0 -ffunction-sections -fdata-sections -Wall -fstack-usage -fcyclomatic-complexity -MMD -MP -MF"Core/Src/main.d" -MT"Core/Src/main.o" --specs=nano.specs -mfpu=fpv4-sp-d16 -mfloat-abi=hard -mthumb -o "Core/Src/main.o"
arm-none-eabi-gcc -o "nucleo_wb55_application.elf" @"objects.list"   -mcpu=cortex-m4 -T"/home/elhaloua/STM32CubeIDE/workspace_1.19.0/09_2025_CUSTOM_BL/nucleo_wb55_application/STM32WB55RGVX_FLASH.ld" --specs=nosys.specs -Wl,-Map="nucleo_wb55_application.map" -Wl,--gc-sections -static --specs=nano.specs -mfpu=fpv4-sp-d16 -mfloat-abi=hard -mthumb -Wl,--start-group -lc -lm -Wl,--end-group
Finished building target: nucleo_wb55_application.elf
 
arm-none-eabi-size  nucleo_wb55_application.elf 
arm-none-eabi-objdump -h -S nucleo_wb55_application.elf  > "nucleo_wb55_application.list"
arm-none-eabi-objcopy  -O ihex nucleo_wb55_application.elf  "nucleo_wb55_application.hex"
arm-none-eabi-objcopy  -O binary nucleo_wb55_application.elf  "nucleo_wb55_application.bin"
   text	   data	    bss	    dec	    hex	filename
  19780	    132	   2052	  21964	   55cc	nucleo_wb55_application.elf
Finished building: default.size.stdout
 
Finished building: nucleo_wb55_application.hex
Finished building: nucleo_wb55_application.bin
 
 
Finished building: nucleo_wb55_application.list
 

00:57:36 Build Finished. 0 errors, 0 warnings. (took 2s.330ms)

