18:07:13 **** Incremental Build of configuration Debug for project UART_ST_RPI ****
make -j8 all 
arm-none-eabi-gcc "../Core/Src/main.c" -mcpu=cortex-m4 -std=gnu11 -g3 -DDEBUG -DUSE_NUCLEO_64 -DUSE_HAL_DRIVER -DSTM32WB55xx -c -I../Core/Inc -I../Drivers/STM32WBxx_HAL_Driver/Inc -I../Drivers/STM32WBxx_HAL_Driver/Inc/Legacy -I../Drivers/BSP/P-NUCLEO-WB55.Nucleo -I../Drivers/CMSIS/Device/ST/STM32WBxx/Include -I../Drivers/CMSIS/Include -O0 -ffunction-sections -fdata-sections -Wall -fstack-usage -fcyclomatic-complexity -MMD -MP -MF"Core/Src/main.d" -MT"Core/Src/main.o" --specs=nano.specs -mfpu=fpv4-sp-d16 -mfloat-abi=hard -mthumb -o "Core/Src/main.o"
arm-none-eabi-gcc -o "UART_ST_RPI.elf" @"objects.list"   -mcpu=cortex-m4 -T"/home/elhaloua/STM32CubeIDE/workspace_1.19.0/24_10_2025/STM32WB55RGVX_FLASH.ld" --specs=nosys.specs -Wl,-Map="UART_ST_RPI.map" -Wl,--gc-sections -static --specs=nano.specs -mfpu=fpv4-sp-d16 -mfloat-abi=hard -mthumb -Wl,--start-group -lc -lm -Wl,--end-group
Finished building target: UART_ST_RPI.elf
 
arm-none-eabi-size  UART_ST_RPI.elf 
arm-none-eabi-objdump -h -S UART_ST_RPI.elf  > "UART_ST_RPI.list"
   text	   data	    bss	    dec	    hex	filename
  17808	    116	   2052	  19976	   4e08	UART_ST_RPI.elf
Finished building: default.size.stdout
 
Finished building: UART_ST_RPI.list
 

18:07:14 Build Finished. 0 errors, 0 warnings. (took 866ms)

